Doctor
Doctor
Doctor
Doctor
Doctor
Doctor
Doctor
Doctor
Doctor
Doctor
Doctor
Doctor
Amiya
Doctor
Doctor
Doctor
Doctor
Doctor
Doctor
Doctor
Doctor
Doctor
Doctor
Doctor
Doctor
Doctor
Doctor
Doctor
Doctor
Doctor
Doctor
Doctor
Doctor
Amiya
Doctor
Doctor
Doctor
Doctor
Doctor
Doctor
Doctor
Doctor
Doctor
Amiya
Doctor
Doctor
Doctor
Amiya
Doctor
Doctor
Doctor
Doctor
Doctor
Doctor
Doctor
Doctor
Doctor
Doctor
Doctor
Amiya
Doctor
Doctor
Doctor
Doctor
Doctor
Doctor
Doctor
Doctor
Doctor
Doctor
Doctor
Amiya
Doctor
Doctor
Doctor
Amiya
Doctor
Doctor
Doctor
Doctor
Doctor
Doctor
Doctor
Amiya
Amiya
Doctor
Doctor
Doctor
Doctor
Amiya
Amiya
Amiya
Amiya
Doctor
Doctor
Doctor
Doctor
Doctor
Doctor
Doctor
Doctor
Doctor
Doctor
Doctor
Amiya
Doctor
Doctor
Doctor
Amiya
Amiya
Doctor
Doctor
Amiya
Doctor
Doctor
Amiya
Doctor
Doctor
Doctor
Doctor
Doctor
Doctor
Doctor
Doctor
Doctor
Doctor
Amiya
Doctor
Doctor
Doctor
Doctor
Doctor
Doctor
Amiya
Doctor
Doctor
Doctor
Amiya
Doctor
Doctor
Doctor
Doctor
Amiya
Amiya
Doctor
Doctor
Amiya
Doctor
Doctor
Doctor
Doctor
Amiya
Doctor
Doctor
Doctor
Amiya
Amiya
Doctor
Doctor
Doctor
Doctor
Doctor
Doctor
Doctor
Amiya
Amiya
Doctor
Doctor
Doctor
Doctor
Doctor
Doctor
Doctor
Draw
Doctor
Doctor
Doctor
Doctor
Doctor
Doctor
Doctor
Doctor
Doctor
Doctor
Doctor
Doctor
Doctor
Doctor
Doctor
Doctor
Doctor
Doctor
Doctor
Doctor
Amiya
Doctor
Doctor
Doctor
Doctor
Doctor
Doctor
Doctor
Doctor
Amiya
Doctor
Doctor
Doctor
Draw
Doctor
Doctor
Doctor
Doctor
Doctor
Doctor
Doctor
Doctor
Doctor
Amiya
Doctor
Doctor
Doctor
Doctor
Doctor
Doctor
Doctor
Doctor
Doctor
Amiya
Doctor
Amiya
Doctor
Doctor
Doctor
Doctor
Doctor
Amiya
Doctor
Doctor
Amiya
Doctor
Doctor
Amiya
Doctor
Doctor
Doctor
Doctor
Doctor
Doctor
Doctor
Doctor
Amiya
Doctor
Doctor
Doctor
Doctor
Doctor
Doctor
Doctor
Doctor
Doctor
Amiya
Doctor
Doctor
Doctor
Doctor
Doctor
Doctor
Doctor
Doctor
Amiya
Doctor
Doctor
Doctor
Doctor
Doctor
Doctor
Doctor
Doctor
Doctor
Doctor
Doctor
Doctor
Doctor
Doctor
Doctor
Doctor
Doctor
Doctor
Doctor
Doctor
Doctor
Doctor
Doctor
Doctor
Doctor
Doctor
Amiya
Doctor
Doctor
Doctor
Doctor
Doctor
Doctor
Doctor
Amiya
Doctor
Amiya
Amiya
Doctor
Doctor
Amiya
Doctor
Doctor
Doctor
Doctor
Doctor
Doctor
Doctor
Amiya
Doctor
Doctor
Doctor
Doctor
Amiya
Doctor
Doctor
Doctor
Doctor
Amiya
Doctor
Doctor
Doctor
Amiya
Doctor
Doctor
Doctor
Amiya
Doctor
Doctor
Doctor
Doctor
Amiya
Amiya
Draw
Doctor
Doctor
Doctor
Doctor
Doctor
Doctor
Doctor
Doctor
Doctor
Doctor
Doctor
Doctor
Doctor
Doctor
Doctor
Doctor
Doctor
Doctor
Doctor
Amiya
Doctor
Doctor
Amiya
Draw
Doctor
Doctor
Doctor
Doctor
Doctor
Amiya
Doctor
Doctor
Doctor
Doctor
Doctor
Doctor
Doctor
Doctor
Doctor
Doctor
Doctor
Doctor
Doctor
Amiya
Doctor
Doctor
Amiya
Doctor
Doctor
Doctor
Amiya
Doctor
Doctor
Doctor
Doctor
Amiya
Doctor
Amiya
Doctor
Doctor
Doctor
Doctor
Doctor
Doctor
Doctor
Doctor
Doctor
Draw
Doctor
Doctor
Doctor
Doctor
Doctor
Doctor
Doctor
Doctor
Doctor
Amiya
Doctor
Draw
Amiya
Doctor
Doctor
Doctor
Doctor
Doctor
Doctor
Doctor
Doctor
Doctor
Amiya
Draw
Doctor
Doctor
Doctor
Doctor
Doctor
Doctor
Doctor
Doctor
Doctor
Doctor
Amiya
Amiya
Draw
Doctor
Doctor
Doctor
Doctor
Doctor
Doctor
Draw
Doctor
Amiya
Doctor
Doctor
Doctor
Doctor
Doctor
Doctor
Doctor
Doctor
Doctor
Doctor
Doctor
Doctor
Doctor
Doctor
Amiya
Doctor
Doctor
Doctor
Doctor
Doctor
Doctor
Doctor
Doctor
Doctor
Doctor
Doctor
Doctor
Doctor
Doctor
Doctor
Amiya
Doctor
Doctor
Doctor
Doctor
Amiya
Doctor
Doctor
Doctor
Doctor
Doctor
Doctor
Doctor
Doctor
Doctor
Doctor
Doctor
Doctor
Doctor
Doctor
Doctor
Amiya
Doctor
Doctor
Amiya
Doctor
Amiya
Doctor
Doctor
Amiya
Amiya
Amiya
Doctor
Doctor
Amiya
Doctor
Doctor
Doctor
Doctor
Doctor
Doctor
Amiya
Doctor
Doctor
Doctor
Doctor
Doctor
Doctor
Doctor
Doctor
Amiya
Doctor
Amiya
Amiya
Doctor
Doctor
Amiya
Doctor
Doctor
Doctor
Doctor
Doctor
Doctor
Doctor
Doctor
Doctor
Doctor
Doctor
Doctor
Doctor
Doctor
Doctor
Amiya
Doctor
Doctor
Doctor
Doctor
Doctor
Doctor
Doctor
Amiya
Doctor
Doctor
Doctor
Doctor
Doctor
Doctor
Amiya
Amiya
Doctor
Doctor
Amiya
Doctor
Doctor
Amiya
Doctor
Doctor
Amiya
Doctor
Doctor
Doctor
Doctor
Doctor
Doctor
Amiya
Doctor
Doctor
Doctor
Doctor
Doctor
Doctor
Doctor
Doctor
Doctor
Doctor
Doctor
Doctor
Doctor
Doctor
Doctor
Doctor
Doctor
Doctor
Doctor
Doctor
Doctor
Doctor
Draw
Doctor
Doctor
Doctor
Doctor
Doctor
Doctor
Doctor
Doctor
Draw
Doctor
Doctor
Doctor
Doctor
Doctor
Doctor
Doctor
Draw
Doctor
Amiya
Amiya
Doctor
Doctor
Doctor
Doctor
Doctor
Doctor
Doctor
Doctor
Doctor
Doctor
Doctor
Doctor
Doctor
Amiya
Doctor
Doctor
Doctor
Doctor
Doctor
Doctor
Doctor
Doctor
Doctor
Doctor
Doctor
Amiya
Doctor
Doctor
Doctor
Amiya
Amiya
Amiya
Amiya
Amiya
Doctor
Doctor
Doctor
Doctor
Doctor
Doctor
Doctor
Doctor
Doctor
Doctor
Doctor
Doctor
Doctor
Doctor
Doctor
Amiya
Doctor
Doctor
Doctor
Doctor
Doctor
Doctor
Doctor
Doctor
Amiya
Doctor
Doctor
Doctor
Doctor
Doctor
Doctor
Doctor
Doctor
Doctor
Doctor
Doctor
Doctor
Doctor
Doctor
Doctor
Amiya
Doctor
Doctor
Doctor
Doctor
Doctor
Draw
Amiya
Doctor
Doctor
Doctor
Doctor
Amiya
Doctor
Doctor
Doctor
Doctor
Doctor
Doctor
Doctor
Doctor
Doctor
Doctor
Doctor
Doctor
Doctor
Doctor
Doctor
Doctor
Doctor
Doctor
Doctor
Doctor
Doctor
Doctor
Doctor
Doctor
Amiya
Doctor
Doctor
Doctor
Doctor
Amiya
Doctor
Doctor
Doctor
Doctor
Doctor
Doctor
Doctor
Doctor
Amiya
Doctor
Doctor
Doctor
Amiya
Doctor
Doctor
Doctor
Doctor
Doctor
Doctor
Doctor
Doctor
Doctor
Doctor
Doctor
Doctor
Amiya
Doctor
Doctor
Doctor
Doctor
Doctor
Doctor
Doctor
Doctor
Doctor
Doctor
Doctor
Doctor
Amiya
Doctor
Doctor
Doctor
Doctor
Doctor
Doctor
Doctor
Amiya
Doctor
Doctor
Doctor
Doctor
Doctor
Doctor
Amiya
Doctor
Doctor
Doctor
Doctor
Doctor
Doctor
Doctor
Draw
Doctor
Doctor
Amiya
Amiya
Doctor
Doctor
Doctor
Doctor
Doctor
Doctor
Doctor
Doctor
Doctor
Amiya
Amiya
Amiya
Doctor
Doctor
Doctor
Amiya
Doctor
Doctor
Doctor
Doctor
Doctor
Doctor
Doctor
Doctor
Amiya
Doctor
Doctor
Doctor
Amiya
Doctor
Doctor
Doctor
Doctor
Doctor
Doctor
Doctor
Doctor
Doctor
Doctor
Doctor
Doctor
Doctor
Doctor
Doctor
Doctor
Draw
Doctor
Doctor
Doctor
Doctor
Doctor
Doctor
Doctor
Doctor
Doctor
Doctor
Doctor
Doctor
Doctor
Doctor
Doctor
Doctor
Doctor
Doctor
Amiya
Doctor
Doctor
Amiya
Doctor
Doctor
Doctor
Doctor
Doctor
Draw
Doctor
Doctor
Doctor
Doctor
Doctor
Doctor
Amiya
Doctor
Doctor
Doctor
Doctor
Doctor
Doctor
Doctor
Doctor
Doctor
Doctor
Doctor
Doctor
Doctor
Doctor
Doctor
Doctor
Doctor
Doctor
Doctor
Doctor
Doctor
Doctor
Doctor
Doctor
Amiya
Doctor
Doctor
Doctor
Doctor
Doctor
Doctor
Doctor
Doctor
Doctor
Doctor
Doctor
Doctor
Doctor
Doctor
Doctor
Doctor
Doctor
Amiya
Doctor
Doctor
Amiya
Doctor
Draw
Doctor
Doctor
Doctor
Doctor
Doctor
Doctor
Doctor
Doctor
Doctor
Doctor
Doctor
Doctor
Doctor
Doctor
Doctor
Doctor
Doctor
Doctor
Doctor
Doctor
Doctor
Doctor
Doctor
Doctor
Doctor
Doctor
Doctor
Amiya
Doctor
Amiya
Doctor
Doctor
Doctor
Doctor
Doctor
Doctor
Doctor
Amiya
Doctor
Amiya
Doctor
Amiya
Doctor
Doctor
Doctor
Doctor
Doctor
Doctor
Doctor
Doctor
Doctor
Doctor
Doctor
Doctor
Doctor
Doctor
Doctor
Doctor
Doctor
Doctor
Doctor
Doctor
Amiya
Doctor
Doctor
Doctor
Doctor
Doctor
Doctor
Doctor
Doctor
Doctor
Doctor
Doctor
Doctor
Doctor
Doctor
Doctor
Doctor
Doctor
Doctor
Doctor
Doctor
Doctor
Doctor
Doctor
Doctor
Doctor
Doctor
Doctor
Doctor
Doctor
Doctor
Amiya
Doctor
Doctor
Doctor
Amiya
Doctor
Doctor
Doctor
Doctor
Doctor
Doctor
Doctor
Doctor
Doctor
Doctor
Doctor
Doctor
Doctor
Doctor
Doctor
Doctor
Doctor
Doctor
Doctor
Doctor
Doctor
Doctor
Doctor
Doctor
Doctor
Amiya
Doctor
Doctor
Amiya
Doctor
Doctor
Doctor
Doctor
Doctor
Doctor
Doctor
Doctor
Doctor
Doctor
Amiya
Doctor
Doctor
Doctor
Doctor
Doctor
Doctor
Amiya
Amiya
Doctor
Doctor
Doctor
Doctor
Doctor
Doctor
Doctor
Doctor
Doctor
Doctor
Doctor
Doctor
Doctor
Amiya
Doctor
Doctor
Doctor
Doctor
Doctor
Doctor
Amiya
Doctor
Doctor
Doctor
Doctor
Doctor
Doctor
Doctor
Doctor
Doctor
Doctor
Doctor
Doctor
Doctor
Doctor
Amiya
Doctor
Doctor
Amiya
Draw
Doctor
Doctor
Doctor
Doctor
Doctor
Amiya
Doctor
Doctor
Doctor
Doctor
Doctor
Doctor
Doctor
Doctor
Doctor
Doctor
Doctor
Doctor
Doctor
Doctor
Doctor
Doctor
Doctor
Doctor
Doctor
Doctor
Doctor
Doctor
Doctor
Doctor
Doctor
Doctor
Doctor
Doctor
Doctor
Doctor
Doctor
Doctor
Doctor
Doctor
Doctor
Doctor
Doctor
Doctor
Doctor
Doctor
Doctor
Doctor
Doctor
Doctor
Doctor
Doctor
Amiya
Doctor
Doctor
Doctor
Doctor
Doctor
Doctor
Doctor
Doctor
Doctor
Doctor
Doctor
Doctor
Doctor
Amiya
Doctor
Amiya
Doctor
Amiya
Doctor
Doctor
Doctor
Doctor
Doctor
Amiya
Draw
Doctor
Doctor
Doctor
Doctor
Doctor
Doctor
Doctor
Doctor
Doctor
Doctor
Doctor
Doctor
Amiya
Doctor
Doctor
Doctor
Doctor
Doctor
Doctor
Doctor
Doctor
Draw
Doctor
Doctor
Doctor
Doctor
Amiya
Doctor
Doctor
Doctor
Amiya
Doctor
Doctor
Doctor
Doctor
Amiya
Doctor
Doctor
Amiya
Doctor
Doctor
Doctor
Doctor
Doctor
Doctor
Doctor
Doctor
Doctor
Doctor
Doctor
Doctor
Doctor
Doctor
Doctor
Doctor
Doctor
Doctor
Doctor
Doctor
Doctor
Doctor
Doctor
Doctor
Doctor
Doctor
Doctor
Doctor
Doctor
Doctor
Doctor
Amiya
Amiya
Draw
Doctor
Doctor
Doctor
Doctor
Amiya
Doctor
Draw
Amiya
Doctor
Doctor
Amiya
Doctor
Doctor
Doctor
Amiya
Doctor
Doctor
Doctor
Doctor
Doctor
Doctor
Doctor
Doctor
Doctor
Doctor
Draw
Doctor
Doctor
Amiya
Amiya
Doctor
Doctor
Doctor
Doctor
Amiya
Doctor
Doctor
Doctor
Doctor
Doctor
Doctor
Doctor
Doctor
Doctor
Doctor
Amiya
Doctor
Doctor
Doctor
Doctor
Doctor
Doctor
Amiya
Amiya
Doctor
Amiya
Doctor
Doctor
Doctor
Doctor
Doctor
Doctor
Doctor
Doctor
Doctor
Doctor
Doctor
Amiya
Doctor
Doctor
Doctor
Doctor
Doctor
Doctor
Doctor
Amiya
Amiya
Doctor
Doctor
Doctor
Doctor
Doctor
Doctor
Doctor
Doctor
Doctor
Doctor
Doctor
Doctor
Doctor
Doctor
Doctor
Doctor
Doctor
Doctor
Doctor
Doctor
Doctor
Doctor
Doctor
Doctor
Amiya
Doctor
Amiya
Doctor
Amiya
Doctor
Doctor
Amiya
Doctor
Doctor
Doctor
Doctor
Doctor
Doctor
Draw
Doctor
Doctor
Doctor
Doctor
Doctor
Doctor
Doctor
Doctor
Doctor
Doctor
Amiya
Doctor
Doctor
Doctor
Doctor
Doctor
Amiya
Doctor
Doctor
Amiya
Doctor
Doctor
Doctor
Doctor
Doctor
Doctor
Amiya
Doctor
Doctor
Doctor
Doctor
Amiya
Doctor
Doctor
Doctor
Doctor
Doctor
Doctor
Draw
Doctor
Amiya
Amiya
Doctor
Doctor
Doctor
Amiya
Doctor
Doctor
Doctor
Doctor
Doctor
Doctor
Doctor
Doctor
Doctor
Doctor
Doctor
Doctor
Doctor
Doctor
Doctor
Doctor
Doctor
Doctor
Doctor
Doctor
Doctor
Amiya
Doctor
Doctor
Doctor
Doctor
Doctor
Doctor
Doctor
Doctor
Doctor
Amiya
Doctor
Doctor
Doctor
Doctor
Doctor
Doctor
Doctor
Doctor
Doctor
Doctor
Doctor
Doctor
Doctor
Doctor
Doctor
Doctor
Doctor
Doctor
Doctor
Doctor
Doctor
Doctor
Doctor
Doctor
Doctor
Doctor
Doctor
Doctor
Doctor
Doctor
Doctor
Doctor
Doctor
Doctor
Doctor
Doctor
Doctor
Doctor
Doctor
Doctor
Doctor
Doctor
Doctor
Doctor
Doctor
Doctor
Doctor
Doctor
Doctor
Doctor
Doctor
Doctor
Doctor
Doctor
Doctor
Doctor
Doctor
Amiya
Doctor
Doctor
Doctor
Doctor
Doctor
Doctor
Doctor
Doctor
Doctor
Doctor
Doctor
Doctor
Doctor
Doctor
Doctor
Draw
Doctor
Doctor
Doctor
Doctor
Doctor
Doctor
Doctor
Doctor
Doctor
Doctor
Amiya
Doctor
Doctor
Doctor
Doctor
Draw
Doctor
Doctor
Doctor
Doctor
Doctor
Draw
Doctor
Amiya
Amiya
Doctor
Draw
Doctor
Doctor
Doctor
Doctor
Doctor
Doctor
Doctor
Doctor
Doctor
Doctor
Doctor
Doctor
Doctor
Doctor
Doctor
Doctor
Doctor
Doctor
Doctor
Doctor
Doctor
Doctor
Draw
Amiya
Doctor
Doctor
Doctor
Doctor
Doctor
Doctor
Doctor
Doctor
Doctor
Doctor
Amiya
Doctor
Doctor
Draw
Doctor
Doctor
Doctor
Doctor
Doctor
Doctor
Doctor
Doctor
Doctor
Doctor
Doctor
Doctor
Doctor
Amiya
Doctor
Doctor
Doctor
Doctor
Doctor
Doctor
Doctor
Doctor
Doctor
Doctor
Doctor
Doctor
Doctor
Doctor
Doctor
Doctor
Doctor
Amiya
Amiya
Doctor
Doctor
Doctor
Amiya
Doctor
Doctor
Doctor
Doctor
Doctor
Doctor
Doctor
Doctor
Doctor
Doctor
Doctor
Doctor
Doctor
Doctor
Doctor
Doctor
Doctor
Doctor
Doctor
Doctor
Doctor
Doctor
Doctor
Doctor
Amiya
Doctor
Doctor
Doctor
Amiya
Doctor
Doctor
Doctor
Doctor
Doctor
Doctor
Doctor
Amiya
Doctor
Amiya
Amiya
Doctor
Doctor
Doctor
Doctor
Doctor
Doctor
Doctor
Doctor
Doctor
Doctor
Doctor
Doctor
Doctor
Doctor
Doctor
Doctor
Doctor
Doctor
Amiya
Doctor
Doctor
Doctor
Doctor
Doctor
Amiya
Amiya
Doctor
Draw
Doctor
Doctor
Doctor
Doctor
Doctor
Draw
Doctor
Doctor
Amiya
Doctor
Amiya
Doctor
Doctor
Doctor
Doctor
Doctor
Doctor
Doctor
Doctor
Doctor
Doctor
Doctor
Doctor
Doctor
Doctor
Amiya
Doctor
Doctor
Doctor
Doctor
Doctor
Doctor
Doctor
Doctor
Doctor
Doctor
Amiya
Amiya
Amiya
Doctor
Doctor
Doctor
Doctor
Doctor
Amiya
Doctor
Doctor
Doctor
Doctor
Doctor
Doctor
Doctor
Doctor
Doctor
Doctor
Doctor
Doctor
Doctor
Doctor
Doctor
Doctor
Doctor
Doctor
Doctor
Doctor
Doctor
Doctor
Doctor
Amiya
Doctor
Doctor
Amiya
Doctor
Doctor
Doctor
Doctor
Doctor
Doctor
Doctor
Doctor
Doctor
Amiya
Doctor
Doctor
Doctor
Amiya
Doctor
Doctor
Doctor
Doctor
Doctor
Doctor
Doctor
Doctor
Doctor
Doctor
Doctor
Doctor
Doctor
Doctor
Doctor
Doctor
Doctor
Doctor
Amiya
Doctor
Amiya
Doctor
Doctor
Doctor
Doctor
Doctor
Doctor
Doctor
Draw
Amiya
Doctor
Doctor
Doctor
Doctor
Amiya
Amiya
Doctor
Doctor
Doctor
Doctor
Doctor
Doctor
Doctor
Doctor
Doctor
Doctor
Doctor
Doctor
Doctor
Doctor
Doctor
Doctor
Doctor
Amiya
Doctor
Amiya
Doctor
Doctor
Doctor
Doctor
Doctor
Doctor
Doctor
Doctor
Doctor
Doctor
Doctor
Amiya
Doctor
Doctor
Doctor
Doctor
Doctor
Doctor
Doctor
Doctor
Doctor
Draw
Doctor
Doctor
Doctor
Doctor
Doctor
Doctor
Doctor
Doctor
Doctor
Amiya
Doctor
Amiya
Draw
Doctor
Doctor
Amiya
Amiya
Doctor
Doctor
Doctor
Doctor
Doctor
Doctor
Doctor
Doctor
Doctor
Doctor
Doctor
Doctor
Doctor
Doctor
Doctor
Amiya
Doctor
Doctor
Doctor
Doctor
Doctor
Doctor
Doctor
Doctor
Doctor
Doctor
Doctor
Doctor
Doctor
Doctor
Doctor
Doctor
Doctor
Amiya
Doctor
Doctor
Doctor
Doctor
Doctor
Doctor
Doctor
Draw
Doctor
Doctor
Doctor
Doctor
Doctor
Doctor
Doctor
Doctor
Doctor
Doctor
Doctor
Doctor
Amiya
Doctor
Doctor
Doctor
Amiya
Amiya
Doctor
Amiya
Doctor
Doctor
Doctor
Amiya
Doctor
Doctor
Amiya
Doctor
Doctor
Doctor
Doctor
Doctor
Doctor
Doctor
Doctor
Doctor
Doctor
Doctor
Doctor
Doctor
Doctor
Doctor
Doctor
Doctor
Doctor
Doctor
Doctor
Doctor
Doctor
Doctor
Doctor
Doctor
Doctor
Doctor
Doctor
Doctor
Doctor
Doctor
Doctor
Amiya
Doctor
Doctor
Amiya
Doctor
Doctor
Doctor
Doctor
Doctor
Doctor
Doctor
Doctor
Doctor
Doctor
Doctor
Doctor
Doctor
Doctor
Doctor
Doctor
Amiya
Amiya
Doctor
Doctor
Doctor
Doctor
Doctor
Doctor
Doctor
Doctor
Doctor
Doctor
Doctor
Doctor
Doctor
Doctor
Doctor
Doctor
Amiya
Doctor
Doctor
Doctor
Doctor
Doctor
Amiya
Amiya
Amiya
Doctor
Doctor
Doctor
Doctor
Doctor
Doctor
Doctor
Doctor
Doctor
Doctor
Doctor
Doctor
Doctor
Doctor
Amiya
Doctor
Doctor
Doctor
Doctor
Amiya
Doctor
Doctor
Doctor
Amiya
Doctor
Doctor
Doctor
Doctor
Doctor
Doctor
Doctor
Doctor
Doctor
Doctor
Doctor
Amiya
Doctor
Doctor
Doctor
Doctor
Doctor
Doctor
Amiya
Doctor
Amiya
Doctor
Doctor
Doctor
Draw
Doctor
Draw
Doctor
Doctor
Draw
Doctor
Doctor
Doctor
Doctor
Doctor
Doctor
Doctor
Doctor
Doctor
Doctor
Doctor
Doctor
Doctor
Doctor
Doctor
Doctor
Amiya
Doctor
Doctor
Doctor
Amiya
Doctor
Doctor
Doctor
Doctor
Doctor
Doctor
Doctor
Doctor
Amiya
Doctor
Doctor
Doctor
Doctor
Amiya
Doctor
Doctor
Doctor
Amiya
Doctor
Doctor
Doctor
Doctor
Amiya
Doctor
Doctor
Doctor
Doctor
Doctor
Doctor
Doctor
Doctor
Amiya
Doctor
Doctor
Doctor
Doctor
Doctor
Doctor
Doctor
Doctor
Doctor
Doctor
Doctor
Amiya
Doctor
Doctor
Doctor
Doctor
Doctor
Doctor
Doctor
Doctor
Doctor
Doctor
Doctor
Amiya
Doctor
Doctor
Amiya
Doctor
Doctor
Doctor
Doctor
Doctor
Doctor
Doctor
Doctor
Doctor
Doctor
Doctor
Doctor
Doctor
Doctor
Doctor
Doctor
Doctor
Doctor
Doctor
Doctor
Doctor
Doctor
Doctor
Doctor
Doctor
Doctor
Doctor
Doctor
Doctor
Doctor
Doctor
Doctor
Doctor
Doctor
Doctor
Doctor
Doctor
Doctor
Doctor
Amiya
Doctor
Doctor
Doctor
Amiya
Doctor
Doctor
Doctor
Doctor
Doctor
Doctor
Doctor
Doctor
Doctor
Doctor
Doctor
Doctor
Amiya
Doctor
Doctor
Doctor
Doctor
Doctor
Doctor
Doctor
Doctor
Amiya
Doctor
Doctor
Doctor
Doctor
Doctor
Doctor
Doctor
Doctor
Doctor
Doctor
Doctor
Doctor
Doctor
Doctor
Doctor
Doctor
Doctor
Doctor
Doctor
Draw
Draw
Amiya
Doctor
Doctor
Doctor
Doctor
Doctor
Doctor
Amiya
Doctor
Doctor
Doctor
Doctor
Amiya
Amiya
Doctor
Doctor
Doctor
Doctor
Doctor
Doctor
Doctor
Doctor
Doctor
Doctor
Doctor
Amiya
Doctor
Doctor
Doctor
Doctor
Doctor
Doctor
Doctor
Doctor
Doctor
Amiya
Doctor
Doctor
Doctor
Doctor
Amiya
Doctor
Doctor
Doctor
Doctor
Amiya
Doctor
Doctor
Doctor
Doctor
Doctor
Doctor
Doctor
Doctor
Amiya
Doctor
Amiya
Doctor
Doctor
Doctor
Doctor
Doctor
Doctor
Doctor
Doctor
Amiya
Doctor
Doctor
Doctor
Doctor
Doctor
Doctor
Doctor
Doctor
Doctor
Doctor
Doctor
Amiya
Doctor
Doctor
Doctor
Doctor
Doctor
Doctor
Doctor
Doctor
Doctor
Doctor
Doctor
Doctor
Doctor
Doctor
Doctor
Doctor
Doctor
Doctor
Doctor
Doctor
Doctor
Doctor
Doctor
Doctor
Amiya
Doctor
Doctor
Amiya
Amiya
Amiya
Doctor
Doctor
Amiya
Doctor
Doctor
Doctor
Doctor
Doctor
Doctor
Draw
Draw
Doctor
Doctor
Doctor
Amiya
Doctor
Doctor
Doctor
Doctor
Amiya
Doctor
Doctor
Doctor
Doctor
Doctor
Doctor
Doctor
Doctor
Doctor
Doctor
Doctor
Doctor
Doctor
Doctor
Doctor
Amiya
Doctor
Amiya
Doctor
Doctor
Doctor
Doctor
Doctor
Doctor
Amiya
Doctor
Doctor
Doctor
Doctor
Doctor
Doctor
Doctor
Doctor
Doctor
Doctor
Amiya
Doctor
Doctor
Doctor
Doctor
Doctor
Amiya
Doctor
Doctor
Doctor
Doctor
Doctor
Doctor
Doctor
Doctor
Doctor
Doctor
Amiya
Doctor
Doctor
Doctor
Doctor
Doctor
Doctor
Doctor
Doctor
Doctor
Doctor
Doctor
Doctor
Doctor
Doctor
Doctor
Doctor
Doctor
Doctor
Doctor
Doctor
Doctor
Amiya
Doctor
Doctor
Doctor
Doctor
Doctor
Amiya
Doctor
Doctor
Doctor
Doctor
Doctor
Doctor
Doctor
Doctor
Doctor
Doctor
Doctor
Doctor
Doctor
Doctor
Doctor
Doctor
Doctor
Doctor
Doctor
Doctor
Doctor
Doctor
Doctor
Doctor
Amiya
Amiya
Amiya
Doctor
Draw
Amiya
Doctor
Doctor
Doctor
Amiya
Doctor
Doctor
Doctor
Doctor
Amiya
Doctor
Doctor
Doctor
Doctor
Doctor
Doctor
Doctor
Doctor
Doctor
Amiya
Doctor
Doctor
Doctor
Doctor
Doctor
Doctor
Doctor
Doctor
Amiya
Doctor
Doctor
Doctor
Doctor
Doctor
Doctor
Doctor
Amiya
Doctor
Doctor
Doctor
Doctor
Doctor
Doctor
Doctor
Doctor
Doctor
Amiya
Draw
Doctor
Amiya
Doctor
Doctor
Doctor
Doctor
Doctor
Doctor
Doctor
Doctor
Doctor
Doctor
Doctor
Doctor
Doctor
Doctor
Doctor
Doctor
Doctor
Doctor
Doctor
Doctor
Doctor
Doctor
Doctor
Doctor
Doctor
Amiya
Amiya
Doctor
Doctor
Doctor
Doctor
Doctor
Doctor
Doctor
Doctor
Doctor
Draw
Doctor
Doctor
Doctor
Doctor
Doctor
Doctor
Amiya
Doctor
Doctor
Doctor
Doctor
Doctor
Doctor
Doctor
Amiya
Doctor
Doctor
Doctor
Doctor
Doctor
Doctor
Doctor
Amiya
Doctor
Amiya
Amiya
Doctor
Doctor
Doctor
Doctor
Doctor
Doctor
Doctor
Doctor
Doctor
Draw
Doctor
Doctor
Doctor
Doctor
Amiya
Doctor
Doctor
Doctor
Doctor
Doctor
Doctor
Doctor
Doctor
Doctor
Doctor
Doctor
Amiya
Doctor
Doctor
Doctor
Doctor
Doctor
Doctor
Amiya
Amiya
Doctor
Amiya
Doctor
Doctor
Doctor
Doctor
Doctor
Doctor
Doctor
Doctor
Doctor
Doctor
Doctor
Doctor
Doctor
Doctor
Doctor
Doctor
Amiya
Doctor
Doctor
Doctor
Doctor
Doctor
Amiya
Doctor
Doctor
Doctor
Doctor
Doctor
Amiya
Doctor
Doctor
Doctor
Doctor
Amiya
Doctor
Doctor
Doctor
Doctor
Amiya
Doctor
Doctor
Doctor
Doctor
Doctor
Doctor
Doctor
Doctor
Amiya
Doctor
Doctor
Doctor
Doctor
Doctor
Doctor
Doctor
Amiya
Doctor
Doctor
Doctor
Doctor
Amiya
Doctor
Doctor
Doctor
Doctor
Doctor
Doctor
Doctor
Doctor
Doctor
Doctor
Doctor
Doctor
Doctor
Doctor
Doctor
Doctor
Amiya
Doctor
Doctor
Doctor
Doctor
Doctor
Doctor
Doctor
Doctor
Amiya
Doctor
Doctor
Doctor
Doctor
Doctor
Doctor
Doctor
Doctor
Doctor
Doctor
Doctor
Amiya
Doctor
Doctor
Doctor
Doctor
Doctor
Doctor
Doctor
Doctor
Doctor
Doctor
Doctor
Doctor
Doctor
Doctor
Doctor
Doctor
Doctor
Doctor
Doctor
Doctor
Doctor
Doctor
Doctor
Doctor
Doctor
Doctor
Doctor
Doctor
Doctor
Draw
Doctor
Amiya
Doctor
Doctor
Doctor
Doctor
Doctor
Doctor
Doctor
Draw
Doctor
Doctor
Doctor
Doctor
Doctor
Doctor
Doctor
Doctor
Doctor
Doctor
Doctor
Doctor
Doctor
Doctor
Draw
Doctor
Doctor
Doctor
Amiya
Doctor
Doctor
Doctor
Doctor
Doctor
Doctor
Doctor
Doctor
Doctor
Doctor
Draw
Doctor
Amiya
Doctor
Doctor
Doctor
Doctor
Amiya
Doctor
Doctor
Doctor
Doctor
Doctor
Doctor
Doctor
Doctor
Doctor
Doctor
Amiya
Doctor
Doctor
Doctor
Amiya
Doctor
Doctor
Doctor
Doctor
Doctor
Doctor
Doctor
Draw
Doctor
Doctor
Doctor
Amiya
Doctor
Amiya
Doctor
Doctor
Doctor
Amiya
Doctor
Doctor
Doctor
Doctor
Doctor
Doctor
Doctor
Doctor
Doctor
Doctor
Doctor
Amiya
Doctor
Doctor
Doctor
Doctor
Doctor
Doctor
Doctor
Doctor
Doctor
Doctor
Doctor
Doctor
Doctor
Draw
Amiya
Doctor
Doctor
Amiya
Doctor
Doctor
Doctor
Doctor
Amiya
Amiya
Doctor
Doctor
Amiya
Doctor
Amiya
Doctor
Doctor
Doctor
Doctor
Doctor
Doctor
Doctor
Doctor
Doctor
Doctor
Doctor
Doctor
Doctor
Doctor
Doctor
Doctor
Doctor
Draw
Doctor
Amiya
Doctor
Doctor
Doctor
Doctor
Doctor
Doctor
Doctor
Doctor
Doctor
Amiya
Doctor
Doctor
Doctor
Doctor
Doctor
Amiya
Doctor
Doctor
Doctor
Doctor
Doctor
Doctor
Doctor
Doctor
Doctor
Doctor
Doctor
Doctor
Doctor
Doctor
Doctor
Doctor
Doctor
Amiya
Doctor
Doctor
Doctor
Doctor
Amiya
Amiya
Doctor
Doctor
Doctor
Doctor
Doctor
Doctor
Amiya
Doctor
Doctor
Doctor
Doctor
Amiya
Doctor
Doctor
Doctor
Doctor
Doctor
Doctor
Doctor
Amiya
Doctor
Amiya
Doctor
Doctor
Doctor
Doctor
Doctor
Doctor
Doctor
Doctor
Doctor
Doctor
Doctor
Doctor
Doctor
Doctor
Doctor
Amiya
Doctor
Doctor
Doctor
Doctor
Doctor
Doctor
Doctor
Doctor
Doctor
Doctor
Doctor
Doctor
Doctor
Doctor
Doctor
Doctor
Doctor
Doctor
Doctor
Doctor
Doctor
Doctor
Doctor
Doctor
Doctor
Doctor
Amiya
Doctor
Amiya
Amiya
Doctor
Doctor
Doctor
Doctor
Doctor
Doctor
Doctor
Doctor
Doctor
Doctor
Doctor
Doctor
Doctor
Doctor
Doctor
Doctor
Doctor
Doctor
Doctor
Doctor
Doctor
Amiya
Doctor
Doctor
Doctor
Doctor
Doctor
Doctor
Doctor
Doctor
Amiya
Doctor
Doctor
Doctor
Doctor
Amiya
Amiya
Doctor
Doctor
Doctor
Doctor
Amiya
Doctor
Doctor
Doctor
Doctor
Doctor
Doctor
Doctor
Doctor
Doctor
Doctor
Doctor
Doctor
Doctor
Doctor
Doctor
Doctor
Doctor
Doctor
Doctor
Doctor
Doctor
Amiya
Doctor
Doctor
Doctor
Doctor
Amiya
Doctor
Doctor
Doctor
Doctor
Doctor
Doctor
Doctor
Doctor
Doctor
Amiya
Doctor
Doctor
Doctor
Doctor
Amiya
Amiya
Amiya
Doctor
Doctor
Doctor
Doctor
Doctor
Doctor
Doctor
Doctor
Doctor
Doctor
Amiya
Doctor
Doctor
Doctor
Doctor
Doctor
Doctor
Doctor
Amiya
Amiya
Amiya
Doctor
Doctor
Doctor
Doctor
Doctor
Doctor
Doctor
Doctor
Doctor
Doctor
Doctor
Draw
Doctor
Doctor
Doctor
Doctor
Doctor
Doctor
Doctor
Doctor
Doctor
Doctor
Doctor
Amiya
Doctor
Doctor
Draw
Doctor
Doctor
Doctor
Doctor
Doctor
Doctor
Doctor
Doctor
Doctor
Doctor
Doctor
Doctor
Amiya
Doctor
Doctor
Doctor
Doctor
Doctor
Amiya
Doctor
Doctor
Amiya
Doctor
Doctor
Doctor
Doctor
Doctor
Doctor
Doctor
Doctor
Doctor
Doctor
Doctor
Doctor
Doctor
Doctor
Doctor
Doctor
Doctor
Doctor
Doctor
Doctor
Amiya
Doctor
Amiya
Doctor
Doctor
Draw
Doctor
Doctor
Doctor
Doctor
Doctor
Doctor
Doctor
Doctor
Amiya
Doctor
Doctor
Doctor
Doctor
Doctor
Doctor
Doctor
Amiya
Amiya
Doctor
Doctor
Doctor
Doctor
Doctor
Doctor
Doctor
Amiya
Doctor
Doctor
Doctor
Doctor
Doctor
Doctor
Doctor
Doctor
Doctor
Doctor
Doctor
Doctor
Doctor
Doctor
Doctor
Doctor
Doctor
Doctor
Doctor
Amiya
Doctor
Doctor
Amiya
Doctor
Doctor
Doctor
Doctor
Doctor
Doctor
Doctor
Doctor
Doctor
Doctor
Doctor
Doctor
Amiya
Doctor
Amiya
Doctor
Doctor
Doctor
Doctor
Doctor
Doctor
Doctor
Doctor
Doctor
Doctor
Doctor
Doctor
Doctor
Doctor
Doctor
Doctor
Doctor
Amiya
Draw
Doctor
Doctor
Doctor
Doctor
Doctor
Draw
Doctor
Doctor
Doctor
Draw
Doctor
Doctor
Doctor
Doctor
Doctor
Doctor
Doctor
Doctor
Doctor
Doctor
Doctor
Doctor
Doctor
Doctor
Amiya
Doctor
Doctor
Doctor
Draw
Doctor
Doctor
Doctor
Doctor
Doctor
Doctor
Doctor
Doctor
Doctor
Doctor
Draw
Doctor
Doctor
Doctor
Amiya
Doctor
Doctor
Doctor
Doctor
Doctor
Doctor
Doctor
Amiya
Doctor
Amiya
Doctor
Doctor
Amiya
Amiya
Doctor
Doctor
Doctor
Doctor
Doctor
Amiya
Doctor
Doctor
Doctor
Doctor
Doctor
Doctor
Doctor
Doctor
Doctor
Amiya
Doctor
Doctor
Amiya
Doctor
Doctor
Doctor
Doctor
Amiya
Doctor
Doctor
Amiya
Doctor
Doctor
Doctor
Doctor
Doctor
Doctor
Doctor
Draw
Doctor
Doctor
Amiya
Doctor
Doctor
Amiya
Doctor
Doctor
Doctor
Doctor
Doctor
Doctor
Amiya
Doctor
Doctor
Doctor
Doctor
Doctor
Doctor
Doctor
Doctor
Doctor
Amiya
Amiya
Doctor
Amiya
Amiya
Doctor
Doctor
Doctor
Doctor
Doctor
Doctor
Doctor
Doctor
Doctor
Doctor
Doctor
Doctor
Doctor
Doctor
Doctor
Doctor
Doctor
Doctor
Doctor
Doctor
Doctor
Doctor
Doctor
Amiya
Doctor
Doctor
Doctor
Doctor
Doctor
Doctor
Draw
Doctor
Amiya
Doctor
Doctor
Doctor
Doctor
Doctor
Doctor
Amiya
Doctor
Amiya
Amiya
Doctor
Amiya
Doctor
Doctor
Doctor
Doctor
Doctor
Doctor
Doctor
Doctor
Doctor
Doctor
Doctor
Doctor
Amiya
Doctor
Doctor
Doctor
Doctor
Doctor
Draw
Doctor
Doctor
Doctor
Doctor
Doctor
Doctor
Doctor
Doctor
Doctor
Doctor
Doctor
Amiya
Amiya
Doctor
Doctor
Doctor
Doctor
Doctor
Doctor
Doctor
Doctor
Amiya
Amiya
Doctor
Draw
Doctor
Doctor
Doctor
Doctor
Doctor
Doctor
Doctor
Doctor
Amiya
Doctor
Doctor
Doctor
Amiya
Doctor
Doctor
Doctor
Doctor
Doctor
Amiya
Doctor
Doctor
Amiya
Doctor
Doctor
Doctor
Amiya
Doctor
Doctor
Doctor
Draw
Doctor
Doctor
Doctor
Amiya
Doctor
Doctor
Doctor
Doctor
Doctor
Doctor
Doctor
Amiya
Amiya
Doctor
Amiya
Doctor
Doctor
Doctor
Doctor
Doctor
Doctor
Doctor
Doctor
Doctor
Doctor
Doctor
Doctor
Doctor
Doctor
Doctor
Doctor
Draw
Doctor
Doctor
Doctor
Doctor
Amiya
Doctor
Doctor
Doctor
Doctor
Doctor
Doctor
Doctor
Doctor
Amiya
Doctor
Amiya
Doctor
Doctor
Amiya
Doctor
Doctor
Doctor
Doctor
Amiya
Doctor
Amiya
Doctor
Doctor
Doctor
Doctor
Doctor
Doctor
Doctor
Doctor
Doctor
Doctor
Doctor
Doctor
Doctor
Doctor
Doctor
Doctor
Doctor
Doctor
Doctor
Doctor
Doctor
Doctor
Doctor
Doctor
Amiya
Doctor
Doctor
Doctor
Amiya
Doctor
Doctor
Doctor
Doctor
Doctor
Doctor
Doctor
Doctor
Doctor
Doctor
Doctor
Amiya
Doctor
Doctor
Doctor
Doctor
Doctor
Draw
Doctor
Doctor
Doctor
Doctor
Doctor
Doctor
Doctor
Doctor
Doctor
Doctor
Amiya
Doctor
Doctor
Doctor
Doctor
Doctor
Doctor
Doctor
Doctor
Doctor
Amiya
Doctor
Doctor
Doctor
Doctor
Doctor
Doctor
Doctor
Doctor
Doctor
Doctor
Amiya
Doctor
Doctor
Doctor
Amiya
Amiya
Amiya
Doctor
Doctor
Doctor
Doctor
Doctor
Doctor
Doctor
Doctor
Doctor
Doctor
Doctor
Doctor
Amiya
Doctor
Doctor
Doctor
Doctor
Amiya
Doctor
Doctor
Doctor
Doctor
Amiya
Doctor
Doctor
Doctor
Doctor
Doctor
Doctor
Doctor
Amiya
Doctor
Doctor
Amiya
Doctor
Doctor
Amiya
Doctor
Amiya
Doctor
Doctor
Doctor
Doctor
Doctor
Draw
Doctor
Doctor
Doctor
Amiya
Doctor
Amiya
Doctor
Doctor
Doctor
Doctor
Amiya
Doctor
Doctor
Doctor
Doctor
Amiya
Doctor
Doctor
Doctor
Doctor
Doctor
Doctor
Doctor
Doctor
Amiya
Doctor
Doctor
Doctor
Doctor
Doctor
Doctor
Amiya
Doctor
Doctor
Doctor
Doctor
Doctor
Doctor
Doctor
Doctor
Draw
Amiya
Doctor
Doctor
Doctor
Doctor
Doctor
Doctor
Amiya
Doctor
Doctor
Doctor
Doctor
Doctor
Doctor
Amiya
Doctor
Doctor
Doctor
Doctor
Doctor
Doctor
Doctor
Doctor
Doctor
Amiya
Doctor
Doctor
Doctor
Amiya
Amiya
Amiya
Doctor
Doctor
Doctor
Doctor
Doctor
Amiya
Doctor
Doctor
Amiya
Doctor
Doctor
Amiya
Doctor
Doctor
Doctor
Doctor
Doctor
Doctor
Doctor
Doctor
Amiya
Doctor
Doctor
Amiya
Doctor
Doctor
Doctor
Doctor
Doctor
Doctor
Doctor
Doctor
Doctor
Doctor
Doctor
Doctor
Doctor
Doctor
Doctor
Doctor
Doctor
Amiya
Doctor
Doctor
Doctor
Doctor
Doctor
Doctor
Doctor
Doctor
Doctor
Doctor
Amiya
Doctor
Doctor
Doctor
Doctor
Doctor
Amiya
Doctor
Doctor
Amiya
Doctor
Doctor
Amiya
Doctor
Doctor
Doctor
Doctor
Doctor
Doctor
Doctor
Doctor
Doctor
Doctor
Doctor
Doctor
Doctor
Doctor
Doctor
Doctor
Doctor
Doctor
Doctor
Doctor
Doctor
Doctor
Doctor
Doctor
Doctor
Amiya
Doctor
Amiya
Doctor
Doctor
Doctor
Doctor
Doctor
Doctor
Draw
Doctor
Doctor
Doctor
Doctor
Doctor
Amiya
Amiya
Doctor
Doctor
Amiya
Doctor
Doctor
Doctor
Doctor
Amiya
Doctor
Doctor
Doctor
Doctor
Doctor
Draw
Doctor
Doctor
Amiya
Doctor
Amiya
Amiya
Amiya
Doctor
Amiya
Doctor
Doctor
Doctor
Doctor
Doctor
Doctor
Doctor
Doctor
Doctor
Doctor
Doctor
Amiya
Doctor
Doctor
Doctor
Doctor
Doctor
Doctor
Doctor
Doctor
Doctor
Amiya
Doctor
Doctor
Doctor
Doctor
Doctor
Doctor
Doctor
Doctor
Doctor
Doctor
Doctor
Amiya
Doctor
Amiya
Doctor
Doctor
Doctor
Amiya
Doctor
Doctor
Doctor
Doctor
Doctor
Doctor
Doctor
Doctor
Doctor
Doctor
Doctor
Amiya
Doctor
Doctor
Doctor
Doctor
Doctor
Amiya
Doctor
Doctor
Doctor
Doctor
Doctor
Doctor
Doctor
Doctor
Doctor
Doctor
Doctor
Doctor
Doctor
Doctor
Doctor
Doctor
Doctor
Doctor
Doctor
Doctor
Doctor
Doctor
Doctor
Amiya
Amiya
Doctor
Doctor
Doctor
Doctor
Doctor
Doctor
Doctor
Doctor
Doctor
Doctor
Amiya
Doctor
Amiya
Doctor
Doctor
Doctor
Doctor
Doctor
Doctor
Doctor
Doctor
Doctor
Doctor
Doctor
Doctor
Doctor
Doctor
Doctor
Doctor
Doctor
Doctor
Doctor
Doctor
Doctor
Doctor
Doctor
Doctor
Doctor
Doctor
Doctor
Doctor
Doctor
Doctor
Doctor
Doctor
Doctor
Doctor
Doctor
Doctor
Doctor
Doctor
Amiya
Doctor
Doctor
Doctor
Doctor
Doctor
Doctor
Doctor
Doctor
Doctor
Doctor
Doctor
Amiya
Doctor
Doctor
Doctor
Doctor
Doctor
Doctor
Doctor
Doctor
Doctor
Doctor
Doctor
Doctor
Doctor
Draw
Doctor
Doctor
Doctor
Doctor
Doctor
Doctor
Doctor
Doctor
Amiya
Doctor
Doctor
Doctor
Doctor
Doctor
Doctor
Doctor
Doctor
Doctor
Doctor
Amiya
Doctor
Doctor
Doctor
Draw
Doctor
Doctor
Doctor
Doctor
Doctor
Doctor
Doctor
Doctor
Doctor
Doctor
Doctor
Doctor
Doctor
Doctor
Doctor
Doctor
Doctor
Doctor
Doctor
Doctor
Doctor
Doctor
Doctor
Doctor
Amiya
Amiya
Amiya
Doctor
Amiya
Doctor
Amiya
Doctor
Doctor
Doctor
Doctor
Doctor
Doctor
Doctor
Doctor
Doctor
Doctor
Doctor
Doctor
Doctor
Doctor
Doctor
Doctor
Amiya
Doctor
Doctor
Doctor
Doctor
Doctor
Doctor
Doctor
Doctor
Doctor
Doctor
Doctor
Doctor
Amiya
Doctor
Doctor
Doctor
Doctor
Doctor
Doctor
Doctor
Doctor
Doctor
Doctor
Doctor
Doctor
Amiya
Doctor
Doctor
Doctor
Doctor
Doctor
Doctor
Doctor
Doctor
Doctor
Doctor
Doctor
Amiya
Doctor
Doctor
Doctor
Doctor
Doctor
Doctor
Doctor
Doctor
Doctor
Amiya
Doctor
Doctor
Amiya
Doctor
Doctor
Doctor
Doctor
Doctor
Doctor
Doctor
Doctor
Doctor
Doctor
Doctor
Doctor
Doctor
Doctor
Doctor
Doctor
Doctor
Doctor
Doctor
Doctor
Doctor
Doctor
Doctor
Doctor
Doctor
Doctor
Doctor
Doctor
Doctor
Doctor
Doctor
Doctor
Doctor
Doctor
Doctor
Doctor
Doctor
Doctor
Doctor
Doctor
Doctor
Doctor
Doctor
Doctor
Doctor
Amiya
Doctor
Doctor
Doctor
Doctor
Doctor
Doctor
Doctor
Amiya
Doctor
Doctor
Doctor
Doctor
Doctor
Amiya
Amiya
Amiya
Amiya
Doctor
Doctor
Doctor
Doctor
Doctor
Doctor
Doctor
Doctor
Amiya
Doctor
Doctor
Doctor
Doctor
Amiya
Doctor
Doctor
Doctor
Doctor
Doctor
Doctor
Doctor
Doctor
Doctor
Doctor
Doctor
Doctor
Draw
Doctor
Amiya
Amiya
Amiya
Doctor
Doctor
Doctor
Doctor
Doctor
Doctor
Doctor
Doctor
Doctor
Doctor
Doctor
Doctor
Doctor
Amiya
Doctor
Doctor
Doctor
Doctor
Doctor
Doctor
Doctor
Doctor
Doctor
Doctor
Doctor
Doctor
Doctor
Doctor
Doctor
Doctor
Doctor
Doctor
Amiya
Doctor
Doctor
Doctor
Doctor
Doctor
Doctor
Doctor
Doctor
Doctor
Doctor
Amiya
Doctor
Doctor
Doctor
Doctor
Doctor
Doctor
Doctor
Doctor
Doctor
Doctor
Doctor
Doctor
Doctor
Amiya
Doctor
Doctor
Doctor
Doctor
Amiya
Doctor
Doctor
Doctor
Amiya
Doctor
Doctor
Doctor
Amiya
Doctor
Doctor
Doctor
Doctor
Doctor
Doctor
Doctor
Doctor
Doctor
Doctor
Doctor
Doctor
Doctor
Doctor
Doctor
Doctor
Doctor
Doctor
Doctor
Doctor
Doctor
Doctor
Doctor
Doctor
Doctor
Doctor
Amiya
Doctor
Doctor
Doctor
Doctor
Amiya
Doctor
Doctor
Doctor
Draw
Doctor
Amiya
Doctor
Doctor
Doctor
Doctor
Doctor
Doctor
Doctor
Doctor
Doctor
Doctor
Doctor
Doctor
Doctor
Doctor
Doctor
Doctor
Amiya
Doctor
Amiya
Doctor
Doctor
Doctor
Doctor
Doctor
Doctor
Doctor
Doctor
Doctor
Doctor
Amiya
Doctor
Doctor
Doctor
Amiya
Doctor
Draw
Amiya
Doctor
Doctor
Doctor
Doctor
Doctor
Doctor
Doctor
Doctor
Doctor
Doctor
Doctor
Doctor
Doctor
Doctor
Doctor
Doctor
Doctor
Amiya
Doctor
Draw
Doctor
Doctor
Doctor
Doctor
Doctor
Doctor
Doctor
Doctor
Doctor
Doctor
Doctor
Doctor
Doctor
Doctor
Doctor
Doctor
Doctor
Doctor
Doctor
Doctor
Doctor
Doctor
Doctor
Doctor
Doctor
Doctor
Amiya
Doctor
Amiya
Doctor
Doctor
Doctor
Doctor
Amiya
Doctor
Doctor
Doctor
Doctor
Amiya
Doctor
Doctor
Doctor
Amiya
Doctor
Doctor
Draw
Doctor
Doctor
Doctor
Doctor
Doctor
Doctor
Doctor
Doctor
Doctor
Doctor
Doctor
Doctor
Doctor
Doctor
Amiya
Doctor
Doctor
Doctor
Doctor
Doctor
Doctor
Doctor
Doctor
Amiya
Doctor
Doctor
Doctor
Doctor
Amiya
Doctor
Doctor
Doctor
Doctor
Doctor
Doctor
Doctor
Doctor
Doctor
Amiya
Doctor
Amiya
Doctor
Doctor
Doctor
Doctor
Doctor
Doctor
Doctor
Doctor
Doctor
Amiya
Amiya
Doctor
Doctor
Doctor
Doctor
Doctor
Doctor
Doctor
Doctor
Doctor
Doctor
Doctor
Doctor
Doctor
Doctor
Doctor
Doctor
Doctor
Doctor
Doctor
Doctor
Amiya
Doctor
Doctor
Doctor
Doctor
Doctor
Doctor
Doctor
Doctor
Doctor
Doctor
Doctor
Doctor
Doctor
Doctor
Doctor
Doctor
Doctor
Doctor
Doctor
Doctor
Doctor
Doctor
Doctor
Doctor
Amiya
Doctor
Doctor
Doctor
Doctor
Doctor
Amiya
Doctor
Doctor
Doctor
Doctor
Doctor
Doctor
Doctor
Doctor
Doctor
Doctor
Doctor
Doctor
Doctor
Doctor
Doctor
Amiya
Doctor
Doctor
Doctor
Doctor
Doctor
Doctor
Doctor
Amiya
Doctor
Doctor
Amiya
Doctor
Doctor
Amiya
Doctor
Doctor
Doctor
Doctor
Doctor
Doctor
Doctor
Doctor
Amiya
Amiya
Amiya
Doctor
Doctor
Doctor
Doctor
Doctor
Doctor
Doctor
Doctor
Amiya
Doctor
Doctor
Doctor
Doctor
Doctor
Doctor
Doctor
Doctor
Doctor
Doctor
Doctor
Doctor
Doctor
Doctor
Doctor
Doctor
Draw
Doctor
Draw
Doctor
Doctor
Doctor
Doctor
Doctor
Doctor
Amiya
Doctor
Doctor
Doctor
Doctor
Doctor
Doctor
Doctor
Doctor
Doctor
Doctor
Doctor
Amiya
Doctor
Doctor
Doctor
Doctor
Doctor
Doctor
Doctor
Doctor
Doctor
Doctor
Doctor
Amiya
Doctor
Doctor
Doctor
Doctor
Amiya
Doctor
Doctor
Doctor
Doctor
Doctor
Amiya
Doctor
Doctor
Doctor
Doctor
Doctor
Doctor
Doctor
Doctor
Doctor
Doctor
Doctor
Amiya
Doctor
Doctor
Doctor
Doctor
Doctor
Doctor
Doctor
Doctor
Doctor
Doctor
Amiya
Doctor
Doctor
Doctor
Doctor
Doctor
Doctor
Doctor
Amiya
Amiya
Doctor
Amiya
Doctor
Doctor
Doctor
Amiya
Doctor
Doctor
Doctor
Doctor
Doctor
Doctor
Doctor
Amiya
Amiya
Amiya
Doctor
Doctor
Doctor
Doctor
Doctor
Doctor
Doctor
Draw
Doctor
Doctor
Doctor
Doctor
Doctor
Doctor
Doctor
Doctor
Doctor
Doctor
Amiya
Amiya
Doctor
Doctor
Doctor
Doctor
Doctor
Amiya
Doctor
Doctor
Doctor
Doctor
Doctor
Doctor
Doctor
Doctor
Doctor
Doctor
Doctor
Doctor
Doctor
Doctor
Doctor
Doctor
Doctor
Doctor
Doctor
Doctor
Doctor
Doctor
Amiya
Doctor
Doctor
Doctor
Doctor
Doctor
Amiya
Doctor
Doctor
Doctor
Doctor
Doctor
Doctor
Doctor
Doctor
Doctor
Doctor
Doctor
Doctor
Doctor
Doctor
Amiya
Doctor
Doctor
Doctor
Doctor
Doctor
Doctor
Doctor
Doctor
Doctor
Amiya
Doctor
Doctor
Doctor
Doctor
Draw
Doctor
Doctor
Doctor
Doctor
Doctor
Doctor
Doctor
Doctor
Doctor
Amiya
Doctor
Amiya
Doctor
Doctor
Doctor
Doctor
Doctor
Doctor
Doctor
Doctor
Doctor
Doctor
Doctor
Doctor
Doctor
Amiya
Doctor
Doctor
Doctor
Doctor
Doctor
Doctor
Doctor
Doctor
Doctor
Doctor
Doctor
Amiya
Doctor
Doctor
Amiya
Doctor
Doctor
Doctor
Doctor
Doctor
Amiya
Doctor
Doctor
Doctor
Doctor
Doctor
Doctor
Doctor
Doctor
Doctor
Doctor
Doctor
Doctor
Doctor
Doctor
Amiya
Doctor
Amiya
Doctor
Doctor
Doctor
Doctor
Doctor
Doctor
Amiya
Amiya
Doctor
Amiya
Doctor
Doctor
Doctor
Doctor
Doctor
Doctor
Doctor
Doctor
Doctor
Doctor
Doctor
Amiya
Doctor
Doctor
Doctor
Doctor
Doctor
Doctor
Amiya
Amiya
Doctor
Doctor
Doctor
Draw
Doctor
Doctor
Doctor
Draw
Doctor
Doctor
Doctor
Doctor
Draw
Doctor
Doctor
Doctor
Amiya
Doctor
Doctor
Doctor
Doctor
Doctor
Doctor
Doctor
Amiya
Doctor
Doctor
Doctor
Doctor
Doctor
Doctor
Doctor
Doctor
Doctor
Amiya
Doctor
Amiya
Doctor
Amiya
Doctor
Doctor
Doctor
Amiya
Doctor
Doctor
Doctor
Doctor
Doctor
Draw
Doctor
Doctor
Doctor
Doctor
Doctor
Draw
Doctor
Draw
Doctor
Doctor
Doctor
Amiya
Amiya
Doctor
Doctor
Doctor
Doctor
Doctor
Doctor
Doctor
Amiya
Doctor
Doctor
Doctor
Amiya
Doctor
Doctor
Draw
Amiya
Doctor
Doctor
Doctor
Doctor
Doctor
Doctor
Doctor
Doctor
Doctor
Doctor
Doctor
Doctor
Doctor
Doctor
Doctor
Doctor
Amiya
Doctor
Doctor
Doctor
Doctor
Amiya
Doctor
Doctor
Doctor
Doctor
Doctor
Doctor
Doctor
Doctor
Doctor
Doctor
Doctor
Amiya
Doctor
Doctor
Amiya
Doctor
Amiya
Amiya
Doctor
Doctor
Doctor
Amiya
Doctor
Doctor
Doctor
Doctor
Doctor
Doctor
Doctor
Doctor
Amiya
Doctor
Doctor
Doctor
Amiya
Doctor
Doctor
Amiya
Amiya
Doctor
Doctor
Doctor
Doctor
Draw
Amiya
Doctor
Doctor
Amiya
Doctor
Amiya
Doctor
Doctor
Doctor
Amiya
Doctor
Doctor
Doctor
Doctor
Doctor
Doctor
Doctor
Doctor
Doctor
Amiya
Doctor
Doctor
Doctor
Amiya
Amiya
Doctor
Doctor
Doctor
Doctor
Doctor
Doctor
Doctor
Doctor
Doctor
Doctor
Doctor
Amiya
Doctor
Doctor
Doctor
Doctor
Amiya
Amiya
Doctor
Doctor
Doctor
Doctor
Doctor
Doctor
Doctor
Doctor
Doctor
Doctor
Doctor
Doctor
Doctor
Amiya
Doctor
Doctor
Amiya
Doctor
Doctor
Amiya
Doctor
Doctor
Doctor
Amiya
Doctor
Doctor
Amiya
Doctor
Doctor
Amiya
Doctor
Doctor
Draw
Doctor
Doctor
Doctor
Doctor
Doctor
Amiya
Doctor
Doctor
Doctor
Doctor
Doctor
Doctor
Amiya
Doctor
Doctor
Doctor
Doctor
Doctor
Doctor
Doctor
Doctor
Doctor
Doctor
Doctor
Amiya
Doctor
Amiya
Doctor
Doctor
Amiya
Doctor
Doctor
Doctor
Doctor
Doctor
Doctor
Doctor
Amiya
Doctor
Doctor
Doctor
Doctor
Doctor
Doctor
Doctor
Doctor
Doctor
Doctor
Amiya
Doctor
Amiya
Doctor
Doctor
Amiya
Doctor
Doctor
Doctor
Doctor
Doctor
Doctor
Doctor
Doctor
Doctor
Doctor
Doctor
Doctor
Doctor
Doctor
Amiya
Doctor
Doctor
Amiya
Doctor
Doctor
Doctor
Doctor
Doctor
Doctor
Amiya
Amiya
Amiya
Amiya
Amiya
Doctor
Doctor
Doctor
Doctor
Doctor
Doctor
Doctor
Doctor
Doctor
Doctor
Doctor
Doctor
Doctor
Doctor
Doctor
Doctor
Amiya
Doctor
Doctor
Doctor
Doctor
Doctor
Amiya
Doctor
Doctor
Doctor
Doctor
Doctor
Doctor
Doctor
Doctor
Doctor
Doctor
Doctor
Doctor
Doctor
Doctor
Amiya
Doctor
Doctor
Doctor
Doctor
Doctor
Doctor
Doctor
Amiya
Doctor
Doctor
Doctor
Doctor
Doctor
Doctor
Doctor
Amiya
Doctor
Doctor
Doctor
Doctor
Doctor
Doctor
Doctor
Doctor
Doctor
Doctor
Doctor
Doctor
Doctor
Doctor
Amiya
Doctor
Doctor
Doctor
Doctor
Amiya
Doctor
Doctor
Doctor
Doctor
Doctor
Doctor
Doctor
Amiya
Doctor
Doctor
Doctor
Doctor
Doctor
Amiya
Doctor
Doctor
Doctor
Doctor
Doctor
Doctor
Doctor
Doctor
Doctor
Doctor
Doctor
Amiya
Doctor
Doctor
Doctor
Doctor
Amiya
Amiya
Doctor
Doctor
Doctor
Doctor
Doctor
Doctor
Doctor
Doctor
Doctor
Doctor
Amiya
Doctor
Doctor
Doctor
Doctor
Doctor
Doctor
Doctor
Doctor
Doctor
Doctor
Doctor
Doctor
Doctor
Doctor
Doctor
Doctor
Doctor
Amiya
Doctor
Doctor
Doctor
Doctor
Doctor
Doctor
Amiya
Doctor
Doctor
Doctor
Doctor
Doctor
Doctor
Doctor
Doctor
Doctor
Doctor
Doctor
Doctor
Doctor
Doctor
Doctor
Doctor
Doctor
Doctor
Doctor
Doctor
Doctor
Doctor
Doctor
Doctor
Doctor
Doctor
Doctor
Doctor
Doctor
Amiya
Doctor
Doctor
Doctor
Doctor
Doctor
Draw
Doctor
Doctor
Doctor
Doctor
Doctor
Doctor
Doctor
Doctor
Doctor
Doctor
Doctor
Doctor
Doctor
Doctor
Doctor
Doctor
Doctor
Doctor
Doctor
Doctor
Doctor
Doctor
Amiya
Doctor
Amiya
Doctor
Doctor
Doctor
Doctor
Doctor
Doctor
Doctor
Doctor
Doctor
Doctor
Doctor
Doctor
Doctor
Draw
Doctor
Doctor
Doctor
Doctor
Doctor
Doctor
Doctor
Doctor
Doctor
Doctor
Doctor
Doctor
Doctor
Amiya
Doctor
Doctor
Doctor
Doctor
Doctor
Doctor
Doctor
Doctor
Doctor
Doctor
Doctor
Doctor
Doctor
Doctor
Doctor
Doctor
Draw
Doctor
Doctor
Doctor
Doctor
Doctor
Doctor
Doctor
Doctor
Doctor
Doctor
Doctor
Doctor
Doctor
Doctor
Doctor
Amiya
Doctor
Doctor
Doctor
Doctor
Doctor
Doctor
Doctor
Doctor
Doctor
Doctor
Doctor
Doctor
Doctor
Doctor
Doctor
Doctor
Doctor
Doctor
Doctor
Doctor
Draw
Amiya
Doctor
Doctor
Doctor
Doctor
Doctor
Amiya
Doctor
Amiya
Doctor
Doctor
Doctor
Doctor
Doctor
Doctor
Draw
Doctor
Doctor
Doctor
Doctor
Doctor
Doctor
Doctor
Doctor
Doctor
Doctor
Doctor
Draw
Doctor
Doctor
Doctor
Amiya
Doctor
Doctor
Doctor
Doctor
Doctor
Doctor
Doctor
Doctor
Doctor
Amiya
Draw
Doctor
Doctor
Doctor
Doctor
Amiya
Amiya
Doctor
Amiya
Doctor
Doctor
Doctor
Doctor
Doctor
Doctor
Doctor
Doctor
Doctor
Amiya
Amiya
Doctor
Doctor
Doctor
Doctor
Doctor
Doctor
Doctor
Doctor
Amiya
Doctor
Amiya
Doctor
Doctor
Draw
Doctor
Doctor
Doctor
Doctor
Doctor
Amiya
Doctor
Doctor
Doctor
Doctor
Doctor
Doctor
Doctor
Doctor
Doctor
Doctor
Doctor
Doctor
Doctor
Doctor
Doctor
Doctor
Doctor
Doctor
Doctor
Doctor
Doctor
Doctor
Doctor
Doctor
Doctor
Doctor
Doctor
Amiya
Doctor
Doctor
Doctor
Doctor
Doctor
Doctor
Doctor
Amiya
Doctor
Doctor
Doctor
Doctor
Doctor
Doctor
Doctor
Doctor
Doctor
Doctor
Amiya
Doctor
Doctor
Doctor
Doctor
Doctor
Doctor
Doctor
Doctor
Doctor
Doctor
Doctor
Doctor
Doctor
Doctor
Doctor
Doctor
Doctor
Doctor
Doctor
Doctor
Doctor
Doctor
Doctor
Doctor
Doctor
Doctor
Doctor
Doctor
Doctor
Doctor
Doctor
Doctor
Doctor
Doctor
Doctor
Amiya
Doctor
Doctor
Doctor
Doctor
Doctor
Doctor
Amiya
Doctor
Doctor
Doctor
Doctor
Doctor
Doctor
Doctor
Doctor
Doctor
Amiya
Doctor
Doctor
Amiya
Doctor
Amiya
Doctor
Amiya
Doctor
Doctor
Doctor
Doctor
Doctor
Doctor
Doctor
Doctor
Doctor
Doctor
Doctor
Doctor
Doctor
Doctor
Doctor
Doctor
Doctor
Doctor
Doctor
Amiya
Doctor
Amiya
Doctor
Amiya
Doctor
Doctor
Doctor
Doctor
Doctor
Doctor
Doctor
Doctor
Doctor
Doctor
Doctor
Doctor
Doctor
Doctor
Doctor
Doctor
Doctor
Doctor
Doctor
Amiya
Doctor
Doctor
Doctor
Doctor
Doctor
Doctor
Doctor
Doctor
Doctor
Amiya
Doctor
Doctor
Doctor
Doctor
Amiya
Doctor
Doctor
Doctor
Amiya
Doctor
Amiya
Doctor
Doctor
Doctor
Doctor
Doctor
Doctor
Doctor
Amiya
Doctor
Doctor
Doctor
Doctor
Draw
Doctor
Doctor
Doctor
Doctor
Doctor
Doctor
Doctor
Doctor
Doctor
Doctor
Doctor
Doctor
Doctor
Amiya
Doctor
Doctor
Doctor
Doctor
Doctor
Doctor
Doctor
Doctor
Doctor
Doctor
Doctor
Doctor
Doctor
Doctor
Doctor
Doctor
Doctor
Doctor
Doctor
Doctor
Doctor
Doctor
Doctor
Doctor
Doctor
Doctor
Doctor
Amiya
Doctor
Doctor
Doctor
Amiya
Doctor
Doctor
Doctor
Amiya
Doctor
Doctor
Doctor
Doctor
Doctor
Doctor
Doctor
Doctor
Doctor
Doctor
Doctor
Doctor
Doctor
Doctor
Doctor
Doctor
Doctor
Doctor
Doctor
Doctor
Doctor
Doctor
Doctor
Doctor
Doctor
Doctor
Amiya
Amiya
Doctor
Doctor
Doctor
Doctor
Doctor
Doctor
Doctor
Doctor
Amiya
Doctor
Doctor
Amiya
Doctor
Doctor
Amiya
Doctor
Doctor
Doctor
Doctor
Doctor
Doctor
Amiya
Doctor
Doctor
Doctor
Doctor
Doctor
Doctor
Doctor
Doctor
Doctor
Doctor
Draw
Doctor
Doctor
Doctor
Doctor
Doctor
Doctor
Doctor
Doctor
Draw
Doctor
Amiya
Doctor
Doctor
Doctor
Doctor
Doctor
Doctor
Doctor
Doctor
Doctor
Doctor
Doctor
Doctor
Doctor
Doctor
Doctor
Doctor
Doctor
Doctor
Doctor
Amiya
Doctor
Doctor
Amiya
Doctor
Doctor
Doctor
Doctor
Amiya
Doctor
Doctor
Doctor
Doctor
Doctor
Doctor
Doctor
Doctor
Doctor
Doctor
Doctor
Amiya
Doctor
Doctor
Doctor
Amiya
Doctor
Doctor
Doctor
Amiya
Doctor
Doctor
Doctor
Doctor
Doctor
Doctor
Doctor
Amiya
Doctor
Doctor
Doctor
Doctor
Amiya
Doctor
Doctor
Amiya
Doctor
Doctor
Doctor
Doctor
Doctor
Doctor
Amiya
Doctor
Doctor
Doctor
Doctor
Doctor
Doctor
Doctor
Doctor
Amiya
Doctor
Amiya
Doctor
Doctor
Doctor
Amiya
Doctor
Doctor
Doctor
Doctor
Doctor
Doctor
Doctor
Doctor
Doctor
Doctor
Doctor
Doctor
Doctor
Doctor
Doctor
Doctor
Amiya
Doctor
Doctor
Doctor
Doctor
Doctor
Doctor
Doctor
Doctor
Doctor
Doctor
Doctor
Doctor
Amiya
Doctor
Doctor
Doctor
Doctor
Doctor
Doctor
Doctor
Doctor
Doctor
Doctor
Doctor
Amiya
Doctor
Doctor
Doctor
Doctor
Amiya
Doctor
Doctor
Doctor
Amiya
Doctor
Doctor
Amiya
Doctor
Doctor
Amiya
Doctor
Doctor
Doctor
Doctor
Draw
Doctor
Doctor
Doctor
Doctor
Doctor
Doctor
Amiya
Amiya
Doctor
Doctor
Doctor
Doctor
Doctor
Amiya
Doctor
Doctor
Amiya
Doctor
Doctor
Doctor
Doctor
Doctor
Doctor
Doctor
Doctor
Amiya
Doctor
Doctor
Doctor
Doctor
Doctor
Doctor
Doctor
Doctor
Doctor
Amiya
Doctor
Doctor
Doctor
Doctor
Doctor
Doctor
Doctor
Doctor
Doctor
Doctor
Doctor
Doctor
Doctor
Doctor
Doctor
Doctor
Doctor
Amiya
Doctor
Doctor
Doctor
Doctor
Doctor
Doctor
Doctor
Doctor
Doctor
Amiya
Doctor
Amiya
Doctor
Doctor
Doctor
Doctor
Doctor
Doctor
Doctor
Doctor
Doctor
Doctor
Amiya
Doctor
Doctor
Doctor
Doctor
Doctor
Doctor
Doctor
Doctor
Doctor
Doctor
Doctor
Amiya
Doctor
Doctor
Amiya
Doctor
Doctor
Doctor
Doctor
Doctor
Doctor
Doctor
Doctor
Doctor
Amiya
Doctor
Doctor
Draw
Amiya
Doctor
Doctor
Doctor
Doctor
Doctor
Doctor
Doctor
Doctor
Doctor
Doctor
Amiya
Doctor
Doctor
Amiya
Amiya
Doctor
Doctor
Doctor
Doctor
Doctor
Doctor
Doctor
Doctor
Doctor
Amiya
Doctor
Doctor
Doctor
Doctor
Doctor
Doctor
Draw
Doctor
Doctor
Doctor
Doctor
Doctor
Amiya
Doctor
Amiya
Doctor
Doctor
Doctor
Amiya
Doctor
Doctor
Doctor
Doctor
Doctor
Doctor
Doctor
Doctor
Doctor
Doctor
Doctor
Doctor
Doctor
Amiya
Doctor
Amiya
Doctor
Doctor
Doctor
Doctor
Doctor
Doctor
Doctor
Doctor
Draw
Amiya
Doctor
Doctor
Doctor
Doctor
Doctor
Doctor
Doctor
Doctor
Doctor
Doctor
Doctor
Amiya
Doctor
Doctor
Doctor
Doctor
Draw
Doctor
Doctor
Doctor
Doctor
Doctor
Doctor
Doctor
Doctor
Doctor
Doctor
Doctor
Doctor
Doctor
Amiya
Amiya
Doctor
Doctor
Doctor
Doctor
Doctor
Doctor
Doctor
Doctor
Doctor
Amiya
Doctor
Doctor
Doctor
Doctor
Doctor
Doctor
Doctor
Doctor
Doctor
Doctor
Doctor
Doctor
Doctor
Doctor
Doctor
Doctor
Doctor
Doctor
Doctor
Doctor
Doctor
Doctor
Amiya
Amiya
Doctor
Draw
Draw
Doctor
Doctor
Doctor
Amiya
Doctor
Doctor
Amiya
Doctor
Doctor
Doctor
Doctor
Doctor
Doctor
Doctor
Doctor
Doctor
Doctor
Doctor
Doctor
Doctor
Doctor
Doctor
Draw
Doctor
Doctor
Doctor
Doctor
Doctor
Doctor
Doctor
Doctor
Doctor
Doctor
Amiya
Doctor
Amiya
Doctor
Doctor
Doctor
Doctor
Doctor
Doctor
Doctor
Doctor
Doctor
Doctor
Doctor
Doctor
Amiya
Doctor
Amiya
Doctor
Doctor
Doctor
Doctor
Doctor
Doctor
Doctor
Doctor
Doctor
Doctor
Doctor
Amiya
Doctor
Doctor
Doctor
Doctor
Doctor
Doctor
Doctor
Amiya
Doctor
Doctor
Doctor
Doctor
Doctor
Doctor
Doctor
Doctor
Doctor
Doctor
Doctor
Doctor
Doctor
Doctor
Doctor
Doctor
Doctor
Doctor
Doctor
Doctor
Amiya
Doctor
Amiya
Doctor
Doctor
Doctor
Doctor
Doctor
Doctor
Doctor
Doctor
Doctor
Doctor
Doctor
Amiya
Doctor
Doctor
Doctor
Amiya
Doctor
Doctor
Doctor
Doctor
Doctor
Doctor
Doctor
Doctor
Doctor
Amiya
Doctor
Doctor
Amiya
Doctor
Doctor
Doctor
Doctor
Doctor
Doctor
Doctor
Doctor
Amiya
Doctor
Doctor
Amiya
Doctor
Doctor
Doctor
Doctor
Doctor
Amiya
Doctor
Doctor
Doctor
Doctor
Doctor
Amiya
Doctor
Doctor
Doctor
Doctor
Doctor
Doctor
Amiya
Doctor
Doctor
Doctor
Doctor
Doctor
Amiya
Doctor
Doctor
Amiya
Doctor
Doctor
Doctor
Doctor
Doctor
Doctor
Amiya
Doctor
Doctor
Doctor
Doctor
Doctor
Amiya
Doctor
Doctor
Draw
Doctor
Doctor
Doctor
Doctor
Doctor
Doctor
Doctor
Doctor
Doctor
Doctor
Amiya
Doctor
Doctor
Doctor
Doctor
Doctor
Doctor
Doctor
Doctor
Amiya
Doctor
Doctor
Draw
Doctor
Doctor
Doctor
Doctor
Doctor
Doctor
Doctor
Doctor
Doctor
Doctor
Doctor
Doctor
Doctor
Doctor
Amiya
Doctor
Doctor
Doctor
Doctor
Doctor
Doctor
Doctor
Doctor
Doctor
Doctor
Amiya
Doctor
Doctor
Doctor
Doctor
Doctor
Doctor
Doctor
Doctor
Doctor
Doctor
Doctor
Doctor
Doctor
Doctor
Doctor
Amiya
Doctor
Amiya
Doctor
Amiya
Doctor
Amiya
Doctor
Doctor
Doctor
Doctor
Doctor
Doctor
Doctor
Amiya
Doctor
Amiya
Amiya
Doctor
Doctor
Doctor
Doctor
Doctor
Amiya
Doctor
Doctor
Doctor
Doctor
Doctor
Doctor
Doctor
Doctor
Doctor
Doctor
Doctor
Amiya
Doctor
Doctor
Doctor
Doctor
Doctor
Doctor
Doctor
Doctor
Doctor
Doctor
Doctor
Doctor
Doctor
Doctor
Doctor
Doctor
Doctor
Doctor
Doctor
Doctor
Doctor
Doctor
Doctor
Amiya
Doctor
Doctor
Amiya
Doctor
Doctor
Doctor
Doctor
Doctor
Doctor
Doctor
Doctor
Amiya
Doctor
Amiya
Doctor
Doctor
Doctor
Doctor
Doctor
Doctor
Doctor
Doctor
Doctor
Doctor
Doctor
Doctor
Doctor
Doctor
Doctor
Doctor
Doctor
Doctor
Doctor
Doctor
Doctor
Doctor
Amiya
Doctor
Doctor
Doctor
Doctor
Doctor
Doctor
Doctor
Doctor
Doctor
Doctor
Doctor
Doctor
Amiya
Amiya
Doctor
Doctor
Doctor
Doctor
Doctor
Doctor
Doctor
Doctor
Doctor
Doctor
Doctor
Doctor
Amiya
Doctor
Doctor
Doctor
Amiya
Doctor
Doctor
Doctor
Doctor
Doctor
Doctor
Doctor
Doctor
Doctor
Draw
Doctor
Doctor
Doctor
Doctor
Doctor
Doctor
Amiya
Doctor
Doctor
Doctor
Doctor
Amiya
Doctor
Doctor
Doctor
Doctor
Doctor
Doctor
Doctor
Doctor
Doctor
Doctor
Doctor
Doctor
Doctor
Doctor
Doctor
Doctor
Doctor
Doctor
Doctor
Amiya
Amiya
Doctor
Amiya
Doctor
Doctor
Doctor
Doctor
Doctor
Doctor
Doctor
Doctor
Doctor
Doctor
Doctor
Doctor
Doctor
Doctor
Doctor
Doctor
Doctor
Doctor
Doctor
Doctor
Doctor
Amiya
Doctor
Doctor
Doctor
Doctor
Amiya
Amiya
Doctor
Doctor
Doctor
Doctor
Amiya
Doctor
Doctor
Doctor
Doctor
Doctor
Doctor
Doctor
Doctor
Doctor
Doctor
Doctor
Doctor
Doctor
Amiya
Doctor
Doctor
Doctor
Doctor
Doctor
Doctor
Doctor
Doctor
Doctor
Doctor
Doctor
Doctor
Doctor
Doctor
Draw
Doctor
Doctor
Doctor
Amiya
Doctor
Amiya
Doctor
Amiya
Doctor
Draw
Doctor
Doctor
Doctor
Doctor
Doctor
Doctor
Doctor
Doctor
Doctor
Doctor
Doctor
Doctor
Doctor
Amiya
Doctor
Doctor
Doctor
Doctor
Doctor
Doctor
Doctor
Doctor
Doctor
Doctor
Doctor
Amiya
Doctor
Doctor
Doctor
Doctor
Doctor
Doctor
Doctor
Doctor
Doctor
Doctor
Doctor
Doctor
Doctor
Doctor
Doctor
Doctor
Doctor
Doctor
Doctor
Doctor
Amiya
Doctor
Amiya
Doctor
Doctor
Doctor
Doctor
Doctor
Doctor
Amiya
Doctor
Doctor
Doctor
Amiya
Doctor
Doctor
Doctor
Amiya
Doctor
Doctor
Doctor
Doctor
Amiya
Doctor
Doctor
Doctor
Doctor
Doctor
Doctor
Doctor
Amiya
Doctor
Doctor
Doctor
Doctor
Doctor
Doctor
Doctor
Doctor
Amiya
Doctor
Doctor
Doctor
Doctor
Amiya
Doctor
Amiya
Doctor
Amiya
Doctor
Doctor
Doctor
Doctor
Doctor
Doctor
Doctor
Amiya
Doctor
Doctor
Doctor
Doctor
Doctor
Doctor
Doctor
Doctor
Amiya
Amiya
Doctor
Doctor
Doctor
Doctor
Doctor
Doctor
Amiya
Doctor
Amiya
Amiya
Doctor
Doctor
Amiya
Doctor
Doctor
Amiya
Doctor
Doctor
Doctor
Doctor
Doctor
Doctor
Doctor
Doctor
Doctor
Doctor
Doctor
Doctor
Doctor
Doctor
Doctor
Doctor
Doctor
Doctor
Doctor
Doctor
Doctor
Amiya
Doctor
Doctor
Doctor
Doctor
Amiya
Doctor
Doctor
Doctor
Doctor
Doctor
Doctor
Doctor
Doctor
Doctor
Amiya
Doctor
Doctor
Amiya
Amiya
Doctor
Draw
Doctor
Doctor
Doctor
Doctor
Doctor
Draw
Amiya
Amiya
Doctor
Doctor
Amiya
Doctor
Amiya
Doctor
Doctor
Doctor
Doctor
Doctor
Doctor
Doctor
Doctor
Doctor
Amiya
Doctor
Doctor
Doctor
Doctor
Doctor
Doctor
Doctor
Doctor
Doctor
Doctor
Doctor
Doctor
Doctor
Doctor
Doctor
Doctor
Doctor
Doctor
Doctor
Doctor
Doctor
Doctor
Doctor
Doctor
Doctor
Doctor
Doctor
Doctor
Doctor
Doctor
Doctor
Doctor
Doctor
Doctor
Doctor
Doctor
Doctor
Doctor
Doctor
Doctor
Doctor
Doctor
Draw
Doctor
Doctor
Doctor
Amiya
Doctor
Doctor
Doctor
Amiya
Doctor
Doctor
Doctor
Amiya
Doctor
Doctor
Doctor
Amiya
Doctor
Doctor
Doctor
Doctor
Doctor
Doctor
Doctor
Doctor
Amiya
Doctor
Doctor
Doctor
Doctor
Doctor
Doctor
Doctor
Doctor
Doctor
Doctor
Amiya
Doctor
Draw
Doctor
Doctor
Doctor
Amiya
Doctor
Doctor
Doctor
Amiya
Amiya
Doctor
Amiya
Doctor
Doctor
Doctor
Doctor
Doctor
Doctor
Doctor
Doctor
Draw
Doctor
Doctor
Doctor
Doctor
Amiya
Doctor
Amiya
Doctor
Doctor
Doctor
Doctor
Doctor
Doctor
Doctor
Doctor
Doctor
Doctor
Doctor
Doctor
Doctor
Doctor
Doctor
Doctor
Doctor
Doctor
Doctor
Doctor
Doctor
Doctor
Amiya
Doctor
Doctor
Doctor
Doctor
Doctor
Doctor
Doctor
Doctor
Doctor
Doctor
Doctor
Doctor
Doctor
Doctor
Doctor
Doctor
Doctor
Doctor
Doctor
Doctor
Doctor
Doctor
Doctor
Doctor
Doctor
Doctor
Doctor
Doctor
Doctor
Amiya
Doctor
Doctor
Doctor
Doctor
Doctor
Doctor
Doctor
Doctor
Doctor
Doctor
Doctor
Amiya
Doctor
Doctor
Amiya
Doctor
Doctor
Amiya
Doctor
Doctor
Doctor
Doctor
Doctor
Doctor
Doctor
Amiya
Doctor
Doctor
Doctor
Doctor
Doctor
Doctor
Doctor
Doctor
Doctor
Doctor
Doctor
Amiya
Doctor
Doctor
Doctor
Doctor
Doctor
Doctor
Doctor
Doctor
Doctor
Doctor
Doctor
Doctor
Doctor
Doctor
Doctor
Doctor
Draw
Amiya
Amiya
Amiya
Doctor
Doctor
Doctor
Doctor
Doctor
Doctor
Doctor
Doctor
Amiya
Amiya
Doctor
Doctor
Doctor
Doctor
Doctor
Doctor
Doctor
Doctor
Doctor
Doctor
Doctor
Draw
Doctor
Doctor
Doctor
Doctor
Amiya
Doctor
Doctor
Doctor
Doctor
Doctor
Doctor
Doctor
Doctor
Doctor
Doctor
Doctor
Doctor
Doctor
Amiya
Doctor
Doctor
Doctor
Doctor
Amiya
Doctor
Doctor
Doctor
Doctor
Doctor
Doctor
Amiya
Doctor
Doctor
Doctor
Doctor
Doctor
Doctor
Doctor
Doctor
Doctor
Doctor
Doctor
Doctor
Doctor
Doctor
Doctor
Doctor
Doctor
Doctor
Amiya
Doctor
Doctor
Doctor
Doctor
Amiya
Doctor
Doctor
Doctor
Doctor
Amiya
Doctor
Doctor
Doctor
Doctor
Doctor
Doctor
Doctor
Doctor
Doctor
Doctor
Doctor
Doctor
Doctor
Doctor
Doctor
Doctor
Doctor
Amiya
Doctor
Doctor
Doctor
Doctor
Doctor
Doctor
Doctor
Doctor
Doctor
Amiya
Doctor
Doctor
Doctor
Doctor
Doctor
Amiya
Doctor
Doctor
Doctor
Doctor
Doctor
Doctor
Doctor
Amiya
Doctor
Doctor
Doctor
Doctor
Doctor
Amiya
Doctor
Doctor
Draw
Doctor
Doctor
Doctor
Doctor
Doctor
Doctor
Doctor
Doctor
Doctor
Doctor
Doctor
Doctor
Doctor
Doctor
Doctor
Doctor
Doctor
Doctor
Doctor
Amiya
Doctor
Doctor
Doctor
Doctor
Doctor
Amiya
Doctor
Doctor
Doctor
Draw
Doctor
Doctor
Doctor
Doctor
Doctor
Doctor
Doctor
Doctor
Doctor
Doctor
Doctor
Doctor
Draw
Doctor
Amiya
Doctor
Doctor
Doctor
Amiya
Doctor
Doctor
Doctor
Doctor
Doctor
Doctor
Amiya
Doctor
Doctor
Doctor
Doctor
Doctor
Doctor
Doctor
Amiya
Doctor
Amiya
Doctor
Doctor
Amiya
Doctor
Amiya
Doctor
Doctor
Doctor
Doctor
Doctor
Doctor
Amiya
Doctor
Doctor
Doctor
Doctor
Doctor
Doctor
Doctor
Doctor
Doctor
Doctor
Doctor
Doctor
Doctor
Doctor
Doctor
Doctor
Amiya
Doctor
Amiya
Doctor
Doctor
Doctor
Doctor
Doctor
Doctor
Doctor
Doctor
Doctor
Doctor
Doctor
Doctor
Doctor
Doctor
Doctor
Doctor
Amiya
Doctor
Doctor
Doctor
Doctor
Doctor
Doctor
Amiya
Doctor
Doctor
Doctor
Doctor
Amiya
Doctor
Doctor
Doctor
Doctor
Doctor
Doctor
Doctor
Doctor
Doctor
Doctor
Doctor
Doctor
Doctor
Doctor
Amiya
Amiya
Doctor
Doctor
Doctor
Doctor
Doctor
Doctor
Doctor
Doctor
Doctor
Doctor
Doctor
Doctor
Amiya
Doctor
Doctor
Doctor
Doctor
Doctor
Doctor
Doctor
Doctor
Doctor
Amiya
Doctor
Doctor
Draw
Doctor
Doctor
Doctor
Doctor
Amiya
Doctor
Doctor
Doctor
Doctor
Doctor
Doctor
Amiya
Doctor
Doctor
Doctor
Doctor
Doctor
Doctor
Doctor
Doctor
Doctor
Doctor
Doctor
Doctor
Doctor
Doctor
Doctor
Doctor
Doctor
Doctor
Doctor
Doctor
Doctor
Draw
Doctor
Doctor
Doctor
Doctor
Amiya
Doctor
Doctor
Amiya
Doctor
Doctor
Doctor
Doctor
Doctor
Doctor
Doctor
Doctor
Doctor
Doctor
Amiya
Doctor
Doctor
Doctor
Amiya
Doctor
Doctor
Doctor
Doctor
Doctor
Doctor
Doctor
Doctor
Amiya
Doctor
Amiya
Doctor
Doctor
Doctor
Doctor
Doctor
Doctor
Doctor
Doctor
Doctor
Amiya
Doctor
Draw
Doctor
Doctor
Doctor
Doctor
Doctor
Doctor
Doctor
Doctor
Doctor
Doctor
Doctor
Doctor
Doctor
Amiya
Doctor
Doctor
Doctor
Amiya
Amiya
Doctor
Doctor
Doctor
Doctor
Doctor
Doctor
Doctor
Doctor
Doctor
Doctor
Doctor
Doctor
Doctor
Amiya
Doctor
Doctor
Doctor
Doctor
Amiya
Doctor
Doctor
Doctor
Doctor
Doctor
Doctor
Doctor
Doctor
Amiya
Amiya
Doctor
Doctor
Doctor
Doctor
Doctor
Doctor
Doctor
Doctor
Doctor
Doctor
Doctor
Amiya
Doctor
Doctor
Doctor
Doctor
Doctor
Doctor
Doctor
Doctor
Doctor
Doctor
Doctor
Doctor
Doctor
Doctor
Doctor
Doctor
Doctor
Doctor
Amiya
Doctor
Doctor
Doctor
Doctor
Doctor
Doctor
Doctor
Amiya
Doctor
Doctor
Doctor
Amiya
Amiya
Doctor
Doctor
Doctor
Doctor
Doctor
Doctor
Doctor
Doctor
Doctor
Amiya
Doctor
Doctor
Doctor
Doctor
Doctor
Doctor
Doctor
Doctor
Doctor
Amiya
Doctor
Doctor
Doctor
Doctor
Doctor
Doctor
Doctor
Doctor
Doctor
Doctor
Doctor
Doctor
Doctor
Doctor
Doctor
Doctor
Doctor
Doctor
Doctor
Amiya
Doctor
Doctor
Doctor
Doctor
Doctor
Doctor
Doctor
Doctor
Doctor
Doctor
Doctor
Doctor
Doctor
Doctor
Doctor
Doctor
Doctor
Doctor
Doctor
Doctor
Doctor
Doctor
Doctor
Doctor
Doctor
Doctor
Amiya
Doctor
Doctor
Doctor
Doctor
Doctor
Doctor
Doctor
Doctor
Doctor
Doctor
Doctor
Doctor
Doctor
Doctor
Doctor
Doctor
Doctor
Doctor
Amiya
Doctor
Doctor
Doctor
Doctor
Doctor
Doctor
Doctor
Doctor
Amiya
Doctor
Doctor
Doctor
Doctor
Doctor
Amiya
Doctor
Amiya
Doctor
Doctor
Doctor
Amiya
Doctor
Doctor
Doctor
Doctor
Doctor
Doctor
Doctor
Doctor
Doctor
Doctor
Doctor
Amiya
Doctor
Doctor
Doctor
Doctor
Doctor
Doctor
Doctor
Doctor
Amiya
Doctor
Doctor
Doctor
Doctor
Doctor
Doctor
Doctor
Doctor
Doctor
Doctor
Doctor
Amiya
Doctor
Doctor
Doctor
Doctor
Doctor
Doctor
Doctor
Doctor
Doctor
Doctor
Doctor
Doctor
Doctor
Doctor
Doctor
Doctor
Doctor
Doctor
Doctor
Doctor
Doctor
Doctor
Doctor
Doctor
Doctor
Doctor
Doctor
Doctor
Doctor
Doctor
Doctor
Doctor
Doctor
Doctor
Doctor
Doctor
Amiya
Doctor
Doctor
Doctor
Doctor
Doctor
Doctor
Doctor
Doctor
Amiya
Doctor
Doctor
Doctor
Amiya
Doctor
Doctor
Doctor
Doctor
Amiya
Doctor
Doctor
Doctor
Doctor
Doctor
Doctor
Amiya
Doctor
Doctor
Doctor
Doctor
Doctor
Doctor
Amiya
Doctor
Doctor
Doctor
Doctor
Doctor
Amiya
Doctor
Amiya
Doctor
Doctor
Doctor
Doctor
Doctor
Doctor
Doctor
Doctor
Doctor
Doctor
Amiya
Doctor
Amiya
Doctor
Doctor
Doctor
Doctor
Amiya
Doctor
Doctor
Doctor
Doctor
Doctor
Draw
Doctor
Doctor
Doctor
Doctor
Doctor
Doctor
Doctor
Doctor
Doctor
Doctor
Doctor
Doctor
Doctor
Doctor
Doctor
Doctor
Doctor
Doctor
Doctor
Doctor
Amiya
Doctor
Doctor
Doctor
Doctor
Doctor
Doctor
Doctor
Doctor
Doctor
Doctor
Doctor
Doctor
Doctor
Doctor
Doctor
Doctor
Doctor
Doctor
Doctor
Doctor
Doctor
Doctor
Doctor
Doctor
Doctor
Doctor
Doctor
Doctor
Doctor
Doctor
Doctor
Doctor
Doctor
Doctor
Doctor
Doctor
Doctor
Doctor
Doctor
Doctor
Doctor
Doctor
Doctor
Amiya
Doctor
Doctor
Doctor
Doctor
Doctor
Doctor
Doctor
Doctor
Doctor
Amiya
Doctor
Doctor
Doctor
Doctor
Doctor
Doctor
Doctor
Doctor
Doctor
Doctor
Doctor
Doctor
Amiya
Doctor
Doctor
Doctor
Doctor
Doctor
Amiya
Doctor
Doctor
Doctor
Doctor
Doctor
Doctor
Doctor
Doctor
Doctor
Doctor
Doctor
Doctor
Doctor
Draw
Doctor
Doctor
Doctor
Doctor
Amiya
Doctor
Doctor
Doctor
Doctor
Doctor
Doctor
Doctor
Doctor
Doctor
Doctor
Doctor
Doctor
Doctor
Doctor
Amiya
Amiya
Amiya
Doctor
Doctor
Doctor
Doctor
Doctor
Doctor
Doctor
Doctor
Doctor
Doctor
Doctor
Draw
Doctor
Doctor
Doctor
Doctor
Doctor
Doctor
Doctor
Doctor
Doctor
Amiya
Doctor
Doctor
Amiya
Doctor
Doctor
Doctor
Doctor
Doctor
Doctor
Doctor
Doctor
Doctor
Doctor
Doctor
Doctor
Doctor
Doctor
Amiya
Doctor
Doctor
Doctor
Doctor
Amiya
Doctor
Doctor
Doctor
Doctor
Doctor
Doctor
Amiya
Doctor
Doctor
Doctor
Doctor
Doctor
Doctor
Doctor
Doctor
Doctor
Amiya
Doctor
Doctor
Amiya
Doctor
Doctor
Doctor
Doctor
Doctor
Doctor
Doctor
Doctor
Doctor
Doctor
Doctor
Doctor
Doctor
Doctor
Doctor
Doctor
Doctor
Doctor
Doctor
Doctor
Doctor
Doctor
Doctor
Doctor
Doctor
Doctor
Doctor
Doctor
Doctor
Doctor
Doctor
Doctor
Doctor
Amiya
Doctor
Doctor
Doctor
Doctor
Doctor
Doctor
Amiya
Doctor
Doctor
Doctor
Doctor
Doctor
Doctor
Doctor
Doctor
Doctor
Doctor
Doctor
Doctor
Doctor
Doctor
Doctor
Doctor
Doctor
Doctor
Doctor
Doctor
Doctor
Doctor
Doctor
Amiya
Doctor
Doctor
Doctor
Doctor
Amiya
Doctor
Doctor
Amiya
Doctor
Doctor
Doctor
Doctor
Doctor
Doctor
Doctor
Doctor
Doctor
Doctor
Doctor
Doctor
Doctor
Doctor
Doctor
Doctor
Amiya
Doctor
Doctor
Doctor
Doctor
Doctor
Doctor
Doctor
Amiya
Doctor
Doctor
Doctor
Doctor
Amiya
Amiya
Doctor
Doctor
Doctor
Doctor
Doctor
Doctor
Doctor
Doctor
Doctor
Doctor
Amiya
Doctor
Doctor
Doctor
Doctor
Doctor
Doctor
Doctor
Doctor
Doctor
Doctor
Doctor
Doctor
Draw
Doctor
Doctor
Doctor
Doctor
Doctor
Doctor
Doctor
Doctor
Amiya
Doctor
Doctor
Doctor
Amiya
Doctor
Doctor
Doctor
Doctor
Doctor
Doctor
Doctor
Doctor
Doctor
Doctor
Doctor
Doctor
Doctor
Doctor
Amiya
Doctor
Doctor
Doctor
Doctor
Doctor
Doctor
Doctor
Doctor
Doctor
Doctor
Amiya
Doctor
Amiya
Doctor
Doctor
Doctor
Doctor
Doctor
Doctor
Doctor
Doctor
Doctor
Doctor
Doctor
Doctor
Doctor
Doctor
Doctor
Doctor
Doctor
Doctor
Doctor
Doctor
Amiya
Doctor
Doctor
Doctor
Doctor
Doctor
Amiya
Doctor
Doctor
Doctor
Doctor
Doctor
Doctor
Doctor
Doctor
Amiya
Doctor
Doctor
Doctor
Doctor
Doctor
Doctor
Doctor
Doctor
Amiya
Doctor
Amiya
Doctor
Amiya
Doctor
Doctor
Draw
Doctor
Doctor
Doctor
Doctor
Doctor
Doctor
Doctor
Doctor
Doctor
Doctor
Doctor
Amiya
Doctor
Amiya
Doctor
Amiya
Doctor
Doctor
Doctor
Doctor
Doctor
Doctor
Doctor
Doctor
Doctor
Doctor
Doctor
Doctor
Doctor
Doctor
Doctor
Doctor
Doctor
Amiya
Doctor
Doctor
Doctor
Doctor
Doctor
Amiya
Doctor
Doctor
Doctor
Doctor
Doctor
Doctor
Doctor
Amiya
Amiya
Doctor
Doctor
Amiya
Doctor
Doctor
Doctor
Doctor
Doctor
Doctor
Amiya
Doctor
Draw
Doctor
Doctor
Doctor
Doctor
Doctor
Doctor
Doctor
Doctor
Doctor
Amiya
Doctor
Doctor
Amiya
Doctor
Doctor
Doctor
Doctor
Doctor
Doctor
Doctor
Doctor
Doctor
Doctor
Doctor
Doctor
Doctor
Amiya
Doctor
Amiya
Doctor
Doctor
Doctor
Doctor
Doctor
Doctor
Doctor
Doctor
Doctor
Doctor
Doctor
Doctor
Doctor
Doctor
Amiya
Amiya
Amiya
Doctor
Doctor
Doctor
Doctor
Doctor
Amiya
Doctor
Doctor
Doctor
Doctor
Doctor
Doctor
Doctor
Amiya
Doctor
Doctor
Amiya
Doctor
Doctor
Doctor
Doctor
Doctor
Doctor
Doctor
Doctor
Doctor
Doctor
Doctor
Amiya
Doctor
Amiya
Doctor
Doctor
Doctor
Amiya
Doctor
Doctor
Doctor
Amiya
Doctor
Doctor
Doctor
Doctor
Doctor
Doctor
Doctor
Doctor
Doctor
Doctor
Doctor
Amiya
Doctor
Amiya
Doctor
Doctor
Amiya
Doctor
Doctor
Doctor
Doctor
Doctor
Doctor
Doctor
Doctor
Doctor
Doctor
Doctor
Doctor
Doctor
Doctor
Doctor
Doctor
Amiya
Doctor
Doctor
Doctor
Doctor
Doctor
Doctor
Doctor
Doctor
Doctor
Doctor
Amiya
Doctor
Doctor
Doctor
Doctor
Doctor
Doctor
Draw
Doctor
Doctor
Doctor
Doctor
Doctor
Doctor
Doctor
Doctor
Doctor
Doctor
Doctor
Doctor
Doctor
Doctor
Doctor
Doctor
Doctor
Doctor
Amiya
Doctor
Doctor
Doctor
Doctor
Doctor
Doctor
Doctor
Doctor
Doctor
Doctor
Doctor
Doctor
Doctor
Doctor
Doctor
Doctor
Doctor
Doctor
Doctor
Doctor
Doctor
Doctor
Doctor
Doctor
Doctor
Doctor
Doctor
Doctor
Doctor
Doctor
Amiya
Doctor
Doctor
Doctor
Doctor
Doctor
Doctor
Doctor
Doctor
Doctor
Doctor
Doctor
Draw
Doctor
Doctor
Doctor
Doctor
Doctor
Doctor
Doctor
Doctor
Doctor
Doctor
Amiya
Doctor
Doctor
Doctor
Doctor
Doctor
Doctor
Amiya
Doctor
Doctor
Doctor
Doctor
Doctor
Draw
Doctor
Doctor
Doctor
Doctor
Doctor
Amiya
Doctor
Amiya
Doctor
Doctor
Doctor
Doctor
Doctor
Amiya
Doctor
Doctor
Doctor
Doctor
Doctor
Doctor
Doctor
Doctor
Doctor
Doctor
Doctor
Doctor
Doctor
Doctor
Doctor
Amiya
Doctor
Doctor
Doctor
Doctor
Doctor
Amiya
Amiya
Amiya
Doctor
Amiya
Doctor
Doctor
Doctor
Doctor
Doctor
Doctor
Doctor
Doctor
Doctor
Draw
Doctor
Doctor
Doctor
Doctor
Doctor
Doctor
Amiya
Doctor
Doctor
Doctor
Doctor
Doctor
Doctor
Amiya
Amiya
Doctor
Amiya
Doctor
Doctor
Doctor
Doctor
Doctor
Doctor
Doctor
Amiya
Doctor
Doctor
Doctor
Doctor
Doctor
Doctor
Doctor
Doctor
Doctor
Doctor
Doctor
Doctor
Doctor
Doctor
Doctor
Doctor
Draw
Doctor
Doctor
Doctor
Doctor
Amiya
Doctor
Doctor
Doctor
Doctor
Doctor
Doctor
Doctor
Doctor
Doctor
Doctor
Doctor
Doctor
Amiya
Doctor
Doctor
Doctor
Amiya
Amiya
Doctor
Doctor
Doctor
Amiya
Doctor
Doctor
Doctor
Amiya
Amiya
Doctor
Amiya
Amiya
Doctor
Doctor
Doctor
Doctor
Doctor
Doctor
Doctor
Amiya
Doctor
Doctor
Doctor
Doctor
Doctor
Doctor
Doctor
Doctor
Doctor
Doctor
Doctor
Doctor
Doctor
Doctor
Doctor
Doctor
Doctor
Amiya
Doctor
Doctor
Doctor
Doctor
Amiya
Doctor
Doctor
Doctor
Doctor
Draw
Amiya
Doctor
Doctor
Doctor
Doctor
Doctor
Doctor
Doctor
Doctor
Doctor
Doctor
Doctor
Doctor
Doctor
Doctor
Doctor
Doctor
Amiya
Doctor
Doctor
Doctor
Doctor
Doctor
Doctor
Amiya
Amiya
Doctor
Doctor
Doctor
Doctor
Doctor
Doctor
Doctor
Doctor
Doctor
Doctor
Doctor
Doctor
Draw
Doctor
Doctor
Doctor
Doctor
Doctor
Doctor
Amiya
Doctor
Doctor
Doctor
Doctor
Doctor
Doctor
Amiya
Doctor
Doctor
Doctor
Doctor
Doctor
Doctor
Doctor
Doctor
Doctor
Doctor
Doctor
Doctor
Doctor
Doctor
Doctor
Doctor
Amiya
Doctor
Doctor
Doctor
Doctor
Amiya
Doctor
Doctor
Doctor
Amiya
Doctor
Doctor
Doctor
Doctor
Amiya
Doctor
Doctor
Doctor
Doctor
Doctor
Doctor
Doctor
Doctor
Doctor
Amiya
Doctor
Doctor
Doctor
Doctor
Doctor
Amiya
Amiya
Amiya
Doctor
Doctor
Doctor
Doctor
Doctor
Doctor
Doctor
Amiya
Amiya
Amiya
Doctor
Doctor
Doctor
Doctor
Doctor
Doctor
Doctor
Doctor
Doctor
Amiya
Doctor
Doctor
Doctor
Doctor
Doctor
Doctor
Doctor
Doctor
Doctor
Doctor
Doctor
Amiya
Doctor
Doctor
Doctor
Doctor
Doctor
Doctor
Doctor
Draw
Doctor
Amiya
Doctor
Doctor
Doctor
Doctor
Doctor
Doctor
Doctor
Doctor
Doctor
Doctor
Doctor
Doctor
Doctor
Doctor
Doctor
Doctor
Amiya
Doctor
Doctor
Doctor
Amiya
Doctor
Doctor
Doctor
Doctor
Amiya
Doctor
Doctor
Doctor
Doctor
Doctor
Doctor
Doctor
Doctor
Doctor
Doctor
Doctor
Doctor
Doctor
Doctor
Doctor
Doctor
Doctor
Doctor
Doctor
Doctor
Doctor
Doctor
Amiya
Doctor
Doctor
Amiya
Doctor
Doctor
Amiya
Doctor
Doctor
Doctor
Doctor
Amiya
Doctor
Doctor
Doctor
Doctor
Doctor
Doctor
Doctor
Doctor
Doctor
Doctor
Doctor
Doctor
Amiya
Doctor
Doctor
Doctor
Amiya
Doctor
Doctor
Doctor
Doctor
Doctor
Doctor
Doctor
Doctor
Doctor
Doctor
Doctor
Doctor
Doctor
Doctor
Doctor
Doctor
Doctor
Doctor
Doctor
Amiya
Doctor
Amiya
Doctor
Doctor
Doctor
Amiya
Doctor
Amiya
Doctor
Doctor
Amiya
Doctor
Doctor
Doctor
Doctor
Doctor
Doctor
Doctor
Doctor
Doctor
Amiya
Doctor
Doctor
Amiya
Amiya
Doctor
Doctor
Doctor
Amiya
Doctor
Doctor
Draw
Doctor
Doctor
Doctor
Doctor
Doctor
Doctor
Doctor
Doctor
Doctor
Doctor
Amiya
Doctor
Doctor
Doctor
Doctor
Amiya
Doctor
Doctor
Doctor
Amiya
Doctor
Doctor
Doctor
Doctor
Doctor
Doctor
Doctor
Doctor
Doctor
Amiya
Amiya
Doctor
Amiya
Doctor
Amiya
Doctor
Doctor
Doctor
Doctor
Doctor
Amiya
Amiya
Doctor
Doctor
Doctor
Doctor
Doctor
Doctor
Doctor
Doctor
Amiya
Doctor
Doctor
Amiya
Doctor
Doctor
Doctor
Doctor
Doctor
Doctor
Doctor
Doctor
Doctor
Doctor
Doctor
Doctor
Doctor
Doctor
Doctor
Doctor
Doctor
Doctor
Doctor
Doctor
Doctor
Doctor
Doctor
Doctor
Doctor
Doctor
Doctor
Doctor
Doctor
Doctor
Doctor
Doctor
Doctor
Amiya
Doctor
Doctor
Doctor
Doctor
Doctor
Doctor
Doctor
Doctor
Doctor
Doctor
Doctor
Doctor
Doctor
Doctor
Amiya
Doctor
Doctor
Doctor
Doctor
Doctor
Doctor
Amiya
Doctor
Doctor
Doctor
Doctor
Amiya
Doctor
Amiya
Doctor
Doctor
Doctor
Doctor
Doctor
Doctor
Amiya
Doctor
Doctor
Doctor
Doctor
Doctor
Draw
Doctor
Doctor
Amiya
Doctor
Doctor
Doctor
Doctor
Doctor
Doctor
Doctor
Doctor
Doctor
Doctor
Doctor
Doctor
Doctor
Doctor
Doctor
Amiya
Doctor
Doctor
Doctor
Doctor
Doctor
Doctor
Doctor
Doctor
Doctor
Doctor
Doctor
Doctor
Doctor
Doctor
Doctor
Doctor
Doctor
Doctor
Doctor
Amiya
Doctor
Amiya
Doctor
Doctor
Amiya
Amiya
Doctor
Amiya
Doctor
Doctor
Doctor
Doctor
Amiya
Doctor
Doctor
Doctor
Doctor
Amiya
Doctor
Doctor
Doctor
Amiya
Amiya
Doctor
Doctor
Doctor
Doctor
Draw
Doctor
Doctor
Doctor
Doctor
Doctor
Doctor
Doctor
Doctor
Amiya
Doctor
Doctor
Doctor
Doctor
Amiya
Doctor
Amiya
Doctor
Doctor
Doctor
Amiya
Doctor
Amiya
Doctor
Amiya
Doctor
Doctor
Doctor
Doctor
Doctor
Doctor
Doctor
Draw
Doctor
Amiya
Doctor
Doctor
Doctor
Doctor
Doctor
Doctor
Amiya
Doctor
Doctor
Doctor
Doctor
Doctor
Doctor
Doctor
Doctor
Doctor
Doctor
Doctor
Doctor
Doctor
Doctor
Doctor
Doctor
Doctor
Doctor
Doctor
Doctor
Doctor
Doctor
Doctor
Doctor
Doctor
Doctor
Doctor
Doctor
Doctor
Doctor
Doctor
Amiya
Doctor
Doctor
Doctor
Doctor
Doctor
Doctor
Doctor
Doctor
Doctor
Doctor
Doctor
Doctor
Doctor
Amiya
Doctor
Doctor
Doctor
Doctor
Doctor
Draw
Doctor
Doctor
Doctor
Doctor
Doctor
Doctor
Doctor
Doctor
Doctor
Doctor
Doctor
Doctor
Doctor
Doctor
Doctor
Doctor
Doctor
Doctor
Doctor
Doctor
Doctor
Doctor
Doctor
Doctor
Doctor
Doctor
Doctor
Doctor
Doctor
Doctor
Amiya
Doctor
Doctor
Doctor
Amiya
Doctor
Doctor
Doctor
Amiya
Doctor
Doctor
Doctor
Doctor
Doctor
Amiya
Doctor
Doctor
Doctor
Doctor
Doctor
Doctor
Doctor
Doctor
Doctor
Amiya
Doctor
Doctor
Amiya
Doctor
Doctor
Doctor
Doctor
Doctor
Doctor
Doctor
Doctor
Doctor
Doctor
Doctor
Doctor
Doctor
Doctor
Doctor
Doctor
Doctor
Amiya
Doctor
Doctor
Doctor
Amiya
Amiya
Amiya
Doctor
Doctor
Doctor
Doctor
Doctor
Draw
Doctor
Doctor
Doctor
Doctor
Doctor
Doctor
Doctor
Doctor
Doctor
Doctor
Doctor
Amiya
Doctor
Doctor
Doctor
Doctor
Doctor
Doctor
Doctor
Amiya
Doctor
Doctor
Doctor
Doctor
Doctor
Amiya
Doctor
Doctor
Doctor
Doctor
Doctor
Doctor
Doctor
Doctor
Amiya
Doctor
Doctor
Doctor
Doctor
Doctor
Doctor
Doctor
Doctor
Doctor
Doctor
Doctor
Doctor
Doctor
Doctor
Doctor
Doctor
Doctor
Doctor
Doctor
Doctor
Amiya
Doctor
Doctor
Doctor
Doctor
Doctor
Doctor
Draw
Doctor
Doctor
Amiya
Doctor
Doctor
Doctor
Doctor
Doctor
Doctor
Doctor
Doctor
Doctor
Doctor
Doctor
Doctor
Doctor
Doctor
Doctor
Doctor
Doctor
Amiya
Amiya
Doctor
Doctor
Doctor
Doctor
Doctor
Doctor
Doctor
Doctor
Doctor
Doctor
Doctor
Doctor
Doctor
Doctor
Doctor
Doctor
Doctor
Amiya
Doctor
Doctor
Doctor
Amiya
Doctor
Doctor
Doctor
Doctor
Doctor
Doctor
Amiya
Doctor
Doctor
Draw
Amiya
Amiya
Doctor
Doctor
Doctor
Doctor
Doctor
Doctor
Draw
Amiya
Doctor
Doctor
Doctor
Doctor
Doctor
Doctor
Doctor
Doctor
Amiya
Doctor
Doctor
Doctor
Amiya
Doctor
Doctor
Doctor
Doctor
Doctor
Doctor
Doctor
Doctor
Doctor
Doctor
Doctor
Doctor
Doctor
Doctor
Amiya
Doctor
Doctor
Doctor
Doctor
Doctor
Doctor
Doctor
Doctor
Doctor
Doctor
Doctor
Doctor
Doctor
Doctor
Amiya
Doctor
Doctor
Doctor
Doctor
Doctor
Doctor
Doctor
Doctor
Doctor
Doctor
Doctor
Doctor
Doctor
Doctor
Amiya
Draw
Doctor
Doctor
Doctor
Doctor
Doctor
Doctor
Doctor
Doctor
Doctor
Doctor
Doctor
Doctor
Amiya
Doctor
Doctor
Doctor
Amiya
Doctor
Doctor
Doctor
Doctor
Doctor
Doctor
Doctor
Doctor
Amiya
Doctor
Doctor
Doctor
Amiya
Doctor
Doctor
Doctor
Doctor
Doctor
Doctor
Doctor
Doctor
Doctor
Doctor
Doctor
Doctor
Doctor
Doctor
Amiya
Doctor
Doctor
Doctor
Doctor
Doctor
Doctor
Doctor
Doctor
Doctor
Doctor
Amiya
Doctor
Amiya
Doctor
Doctor
Doctor
Doctor
Doctor
Doctor
Doctor
Doctor
Doctor
Amiya
Doctor
Doctor
Doctor
Doctor
Doctor
Doctor
Doctor
Doctor
Doctor
Amiya
Doctor
Doctor
Amiya
Doctor
Doctor
Doctor
Doctor
Doctor
Doctor
Doctor
Doctor
Amiya
Doctor
Doctor
Doctor
Doctor
Doctor
Doctor
Doctor
Doctor
Doctor
Amiya
Doctor
Doctor
Doctor
Amiya
Doctor
Doctor
Doctor
Doctor
Doctor
Doctor
Doctor
Doctor
Doctor
Doctor
Doctor
Doctor
Doctor
Doctor
Doctor
Doctor
Doctor
Doctor
Doctor
Doctor
Doctor
Doctor
Doctor
Doctor
Doctor
Doctor
Doctor
Doctor
Doctor
Amiya
Doctor
Doctor
Doctor
Doctor
Doctor
Doctor
Doctor
Doctor
Doctor
Doctor
Doctor
Draw
Doctor
Doctor
Amiya
Amiya
Doctor
Doctor
Doctor
Doctor
Doctor
Doctor
Doctor
Doctor
Doctor
Doctor
Doctor
Doctor
Doctor
Doctor
Doctor
Doctor
Amiya
Doctor
Amiya
Doctor
Doctor
Doctor
Doctor
Doctor
Doctor
Doctor
Doctor
Doctor
Doctor
Doctor
Doctor
Doctor
Doctor
Doctor
Doctor
Doctor
Amiya
Amiya
Doctor
Doctor
Amiya
Amiya
Doctor
Doctor
Doctor
Doctor
Doctor
Doctor
Doctor
Amiya
Doctor
Doctor
Doctor
Doctor
Doctor
Doctor
Doctor
Doctor
Doctor
Doctor
Doctor
Doctor
Doctor
Doctor
Doctor
Doctor
Doctor
Amiya
Doctor
Doctor
Doctor
Doctor
Doctor
Doctor
Doctor
Doctor
Amiya
Doctor
Doctor
Doctor
Doctor
Doctor
Doctor
Doctor
Doctor
Doctor
Doctor
Doctor
Amiya
Doctor
Doctor
Doctor
Amiya
Doctor
Doctor
Doctor
Doctor
Doctor
Doctor
Doctor
Doctor
Doctor
Doctor
Doctor
Doctor
Doctor
Amiya
Doctor
Doctor
Doctor
Amiya
Amiya
Doctor
Doctor
Doctor
Doctor
Doctor
Doctor
Amiya
Doctor
Doctor
Doctor
Amiya
Doctor
Doctor
Doctor
Doctor
Doctor
Amiya
Doctor
Doctor
Draw
Doctor
Amiya
Doctor
Doctor
Doctor
Doctor
Doctor
Doctor
Doctor
Doctor
Doctor
Doctor
Doctor
Doctor
Doctor
Doctor
Doctor
Doctor
Doctor
Doctor
Doctor
Doctor
Doctor
Doctor
Doctor
Doctor
Doctor
Doctor
Doctor
Doctor
Doctor
Amiya
Doctor
Doctor
Doctor
Doctor
Doctor
Doctor
Doctor
Doctor
Amiya
Doctor
Doctor
Doctor
Doctor
Doctor
Doctor
Doctor
Amiya
Doctor
Doctor
Amiya
Doctor
Doctor
Doctor
Doctor
Doctor
Doctor
Doctor
Doctor
Doctor
Amiya
Doctor
Amiya
Amiya
Doctor
Doctor
