Amiya
Amiya
Amiya
Amiya
Doctor
Amiya
Amiya
Amiya
Amiya
Amiya
Amiya
Amiya
Amiya
Amiya
Amiya
Amiya
Amiya
Amiya
Amiya
Amiya
Amiya
Amiya
Amiya
Amiya
Doctor
Amiya
Amiya
Amiya
Amiya
Amiya
Amiya
Amiya
Amiya
Amiya
Amiya
Amiya
Amiya
Amiya
Amiya
Amiya
Amiya
Amiya
Amiya
Amiya
Amiya
Amiya
Amiya
Amiya
Amiya
Amiya
Amiya
Amiya
Amiya
Amiya
Amiya
Amiya
Amiya
Amiya
Amiya
Amiya
Amiya
Amiya
Amiya
Amiya
Amiya
Amiya
Amiya
Amiya
Amiya
Doctor
Amiya
Amiya
Amiya
Amiya
Amiya
Amiya
Amiya
Amiya
Doctor
Amiya
Amiya
Amiya
Amiya
Amiya
Doctor
Amiya
Amiya
Doctor
Amiya
Amiya
Amiya
Amiya
Amiya
Amiya
Amiya
Amiya
Amiya
Amiya
Amiya
Amiya
Amiya
Amiya
Amiya
Amiya
Doctor
Amiya
Amiya
Amiya
Doctor
Amiya
Amiya
Amiya
Amiya
Amiya
Amiya
Amiya
Amiya
Amiya
Amiya
Doctor
Amiya
Amiya
Amiya
Amiya
Amiya
Amiya
Amiya
Amiya
Amiya
Amiya
Amiya
Amiya
Amiya
Amiya
Amiya
Amiya
Amiya
Amiya
Amiya
Amiya
Amiya
Amiya
Amiya
Amiya
Amiya
Amiya
Amiya
Amiya
Amiya
Amiya
Amiya
Amiya
Doctor
Amiya
Doctor
Amiya
Amiya
Amiya
Doctor
Amiya
Amiya
Amiya
Amiya
Amiya
Amiya
Amiya
Amiya
Amiya
Amiya
Amiya
Amiya
Amiya
Amiya
Amiya
Amiya
Amiya
Amiya
Amiya
Amiya
Amiya
Amiya
Amiya
Amiya
Amiya
Amiya
Amiya
Amiya
Doctor
Amiya
Amiya
Amiya
Amiya
Amiya
Doctor
Amiya
Amiya
Amiya
Amiya
Amiya
Amiya
Doctor
Amiya
Amiya
Amiya
Amiya
Amiya
Amiya
Doctor
Amiya
Amiya
Amiya
Amiya
Amiya
Doctor
Amiya
Amiya
Amiya
Amiya
Amiya
Amiya
Amiya
Amiya
Amiya
Amiya
Amiya
Amiya
Amiya
Amiya
Amiya
Amiya
Amiya
Amiya
Amiya
Amiya
Amiya
Amiya
Amiya
Amiya
Amiya
Amiya
Amiya
Amiya
Amiya
Amiya
Amiya
Amiya
Amiya
Amiya
Amiya
Amiya
Amiya
Amiya
Amiya
Amiya
Amiya
Amiya
Amiya
Amiya
Amiya
Amiya
Amiya
Amiya
Doctor
Amiya
Amiya
Amiya
Amiya
Amiya
Amiya
Amiya
Amiya
Amiya
Amiya
Doctor
Amiya
Amiya
Amiya
Amiya
Amiya
Amiya
Amiya
Amiya
Amiya
Doctor
Amiya
Amiya
Amiya
Amiya
Amiya
Amiya
Amiya
Amiya
Amiya
Amiya
Amiya
Amiya
Amiya
Amiya
Amiya
Amiya
Amiya
Amiya
Amiya
Amiya
Amiya
Amiya
Amiya
Amiya
Amiya
Amiya
Amiya
Amiya
Amiya
Amiya
Amiya
Amiya
Amiya
Amiya
Amiya
Doctor
Amiya
Amiya
Amiya
Amiya
Amiya
Amiya
Amiya
Amiya
Amiya
Amiya
Amiya
Amiya
Amiya
Amiya
Amiya
Amiya
Amiya
Amiya
Amiya
Amiya
Amiya
Amiya
Amiya
Doctor
Doctor
Amiya
Doctor
Amiya
Amiya
Amiya
Amiya
Amiya
Amiya
Amiya
Amiya
Amiya
Amiya
Amiya
Amiya
Amiya
Amiya
Amiya
Amiya
Amiya
Amiya
Amiya
Amiya
Amiya
Amiya
Amiya
Amiya
Amiya
Amiya
Amiya
Amiya
Amiya
Amiya
Amiya
Amiya
Amiya
Amiya
Amiya
Amiya
Amiya
Doctor
Amiya
Amiya
Amiya
Amiya
Amiya
Amiya
Amiya
Amiya
Amiya
Amiya
Amiya
Amiya
Amiya
Amiya
Amiya
Amiya
Amiya
Amiya
Amiya
Amiya
Amiya
Amiya
Amiya
Amiya
Amiya
Amiya
Amiya
Amiya
Amiya
Amiya
Amiya
Amiya
Amiya
Amiya
Amiya
Amiya
Amiya
Amiya
Amiya
Amiya
Amiya
Amiya
Doctor
Amiya
Amiya
Amiya
Amiya
Amiya
Amiya
Amiya
Amiya
Amiya
Amiya
Amiya
Amiya
Doctor
Amiya
Amiya
Amiya
Amiya
Amiya
Amiya
Amiya
Amiya
Amiya
Amiya
Amiya
Amiya
Amiya
Amiya
Amiya
Amiya
Amiya
Amiya
Amiya
Amiya
Amiya
Amiya
Amiya
Amiya
Amiya
Amiya
Amiya
Amiya
Amiya
Amiya
Amiya
Amiya
Amiya
Amiya
Amiya
Amiya
Amiya
Amiya
Amiya
Amiya
Amiya
Amiya
Amiya
Doctor
Amiya
Amiya
Amiya
Amiya
Doctor
Amiya
Amiya
Amiya
Amiya
Amiya
Amiya
Doctor
Amiya
Amiya
Amiya
Amiya
Amiya
Amiya
Amiya
Amiya
Amiya
Doctor
Amiya
Amiya
Amiya
Amiya
Amiya
Amiya
Amiya
Amiya
Amiya
Amiya
Amiya
Amiya
Amiya
Doctor
Amiya
Doctor
Amiya
Amiya
Amiya
Amiya
Doctor
Amiya
Amiya
Amiya
Amiya
Amiya
Amiya
Amiya
Amiya
Doctor
Amiya
Amiya
Amiya
Amiya
Amiya
Amiya
Amiya
Amiya
Amiya
Amiya
Amiya
Amiya
Amiya
Amiya
Amiya
Amiya
Amiya
Amiya
Amiya
Amiya
Amiya
Amiya
Amiya
Amiya
Amiya
Doctor
Amiya
Amiya
Amiya
Amiya
Amiya
Amiya
Amiya
Amiya
Amiya
Amiya
Amiya
Amiya
Amiya
Amiya
Amiya
Amiya
Amiya
Amiya
Amiya
Amiya
Amiya
Amiya
Amiya
Amiya
Amiya
Amiya
Amiya
Doctor
Amiya
Amiya
Amiya
Amiya
Amiya
Amiya
Amiya
Amiya
Amiya
Amiya
Amiya
Amiya
Amiya
Amiya
Amiya
Amiya
Amiya
Amiya
Amiya
Amiya
Amiya
Amiya
Amiya
Amiya
Doctor
Doctor
Amiya
Amiya
Amiya
Amiya
Amiya
Amiya
Amiya
Amiya
Amiya
Amiya
Amiya
Amiya
Amiya
Amiya
Amiya
Amiya
Amiya
Amiya
Amiya
Amiya
Amiya
Amiya
Amiya
Amiya
Amiya
Amiya
Amiya
Amiya
Amiya
Amiya
Amiya
Amiya
Amiya
Amiya
Amiya
Amiya
Amiya
Amiya
Amiya
Amiya
Amiya
Amiya
Amiya
Amiya
Amiya
Amiya
Amiya
Amiya
Amiya
Amiya
Amiya
Amiya
Amiya
Amiya
Amiya
Amiya
Doctor
Amiya
Amiya
Amiya
Amiya
Amiya
Amiya
Amiya
Amiya
Amiya
Amiya
Amiya
Amiya
Amiya
Amiya
Amiya
Amiya
Amiya
Amiya
Amiya
Amiya
Amiya
Doctor
Doctor
Doctor
Amiya
Amiya
Amiya
Amiya
Amiya
Amiya
Amiya
Amiya
Amiya
Amiya
Amiya
Amiya
Amiya
Amiya
Amiya
Amiya
Doctor
Amiya
Amiya
Amiya
Amiya
Amiya
Amiya
Amiya
Amiya
Amiya
Amiya
Amiya
Amiya
Amiya
Amiya
Amiya
Amiya
Amiya
Doctor
Amiya
Amiya
Doctor
Amiya
Amiya
Amiya
Amiya
Amiya
Amiya
Amiya
Amiya
Amiya
Amiya
Amiya
Amiya
Amiya
Amiya
Amiya
Amiya
Amiya
Amiya
Amiya
Amiya
Amiya
Amiya
Amiya
Amiya
Amiya
Amiya
Amiya
Amiya
Amiya
Amiya
Amiya
Amiya
Amiya
Amiya
Amiya
Amiya
Amiya
Amiya
Amiya
Amiya
Amiya
Amiya
Amiya
Amiya
Amiya
Amiya
Amiya
Amiya
Amiya
Amiya
Amiya
Amiya
Amiya
Amiya
Amiya
Amiya
Amiya
Amiya
Amiya
Amiya
Amiya
Amiya
Amiya
Amiya
Amiya
Amiya
Amiya
Amiya
Amiya
Amiya
Amiya
Amiya
Amiya
Amiya
Amiya
Amiya
Doctor
Amiya
Amiya
Amiya
Amiya
Amiya
Amiya
Amiya
Amiya
Amiya
Amiya
Amiya
Amiya
Amiya
Amiya
Doctor
Amiya
Amiya
Amiya
Amiya
Amiya
Amiya
Amiya
Amiya
Amiya
Amiya
Amiya
Amiya
Amiya
Amiya
Amiya
Amiya
Amiya
Doctor
Amiya
Amiya
Amiya
Amiya
Amiya
Amiya
Amiya
Amiya
Amiya
Amiya
Amiya
Amiya
Amiya
Amiya
Amiya
Amiya
Amiya
Amiya
Amiya
Amiya
Amiya
Amiya
Amiya
Amiya
Amiya
Amiya
Amiya
Amiya
Amiya
Amiya
Amiya
Amiya
Amiya
Amiya
Amiya
Amiya
Amiya
Amiya
Amiya
Amiya
Amiya
Amiya
Amiya
Amiya
Doctor
Amiya
Amiya
Amiya
Amiya
Amiya
Amiya
Amiya
Amiya
Amiya
Amiya
Amiya
Amiya
Amiya
Amiya
Amiya
Amiya
Amiya
Amiya
Amiya
Amiya
Amiya
Amiya
Doctor
Amiya
Amiya
Amiya
Amiya
Amiya
Amiya
Amiya
Amiya
Amiya
Amiya
Amiya
Amiya
Amiya
Amiya
Amiya
Amiya
Amiya
Amiya
Amiya
Amiya
Amiya
Amiya
Amiya
Amiya
Amiya
Amiya
Amiya
Amiya
Amiya
Amiya
Amiya
Amiya
Doctor
Doctor
Amiya
Amiya
Amiya
Amiya
Amiya
Amiya
Amiya
Amiya
Amiya
Amiya
Amiya
Amiya
Amiya
Amiya
Amiya
Amiya
Amiya
Amiya
Amiya
Amiya
Amiya
Amiya
Amiya
Amiya
Amiya
Amiya
Amiya
Amiya
Amiya
Amiya
Amiya
Amiya
Amiya
Amiya
Doctor
Amiya
Amiya
Amiya
Amiya
Amiya
Amiya
Amiya
Amiya
Amiya
Amiya
Amiya
Amiya
Amiya
Amiya
Amiya
Amiya
Amiya
Amiya
Amiya
Amiya
Amiya
Amiya
Amiya
Amiya
Doctor
Amiya
Amiya
Amiya
Amiya
Amiya
Amiya
Amiya
Amiya
Amiya
Amiya
Amiya
Doctor
Amiya
Amiya
Amiya
Amiya
Amiya
Amiya
Amiya
Amiya
Amiya
Amiya
Amiya
Amiya
Amiya
Amiya
Amiya
Amiya
Amiya
Amiya
Doctor
Amiya
Amiya
Amiya
Amiya
Amiya
Amiya
Amiya
Amiya
Amiya
Amiya
Doctor
Amiya
Amiya
Amiya
Amiya
Amiya
Doctor
Amiya
Amiya
Amiya
Amiya
Amiya
Amiya
Amiya
Amiya
Amiya
Amiya
Amiya
Amiya
Amiya
Amiya
Amiya
Amiya
Amiya
Amiya
Amiya
Amiya
Amiya
Amiya
Amiya
Amiya
Amiya
Amiya
Amiya
Amiya
Doctor
Amiya
Amiya
Amiya
Amiya
Amiya
Amiya
Amiya
Amiya
Amiya
Amiya
Amiya
Amiya
Amiya
Amiya
Amiya
Amiya
Amiya
Amiya
Amiya
Amiya
Amiya
Amiya
Amiya
Amiya
Amiya
Amiya
Amiya
Amiya
Amiya
Amiya
Amiya
Amiya
Amiya
Amiya
Amiya
Amiya
Amiya
Amiya
Amiya
Amiya
Amiya
Amiya
Amiya
Amiya
Amiya
Amiya
Amiya
Amiya
Amiya
Amiya
Amiya
Amiya
Amiya
Amiya
Amiya
Doctor
Amiya
Amiya
Amiya
Amiya
Amiya
Amiya
Amiya
Amiya
Amiya
Amiya
Amiya
Doctor
Amiya
Amiya
Amiya
Amiya
Amiya
Amiya
Amiya
Amiya
Amiya
Amiya
Amiya
Amiya
Amiya
Doctor
Amiya
Amiya
Doctor
Amiya
Amiya
Amiya
Amiya
Amiya
Amiya
Amiya
Amiya
Amiya
Amiya
Amiya
Amiya
Amiya
Amiya
Amiya
Amiya
Amiya
Amiya
Amiya
Amiya
Amiya
Amiya
Amiya
Amiya
Amiya
Amiya
Amiya
Amiya
Amiya
Amiya
Amiya
Amiya
Amiya
Amiya
Amiya
Amiya
Amiya
Amiya
Amiya
Amiya
Amiya
Amiya
Amiya
Amiya
Amiya
Amiya
Amiya
Amiya
Amiya
Amiya
Amiya
Amiya
Doctor
Amiya
Amiya
Amiya
Doctor
Amiya
Amiya
Amiya
Doctor
Amiya
Amiya
Amiya
Amiya
Amiya
Amiya
Amiya
Amiya
Amiya
Amiya
Amiya
Amiya
Amiya
Amiya
Amiya
Amiya
Amiya
Amiya
Amiya
Amiya
Amiya
Amiya
Amiya
Amiya
Amiya
Amiya
Amiya
Amiya
Amiya
Amiya
Amiya
Amiya
Amiya
Amiya
Amiya
Amiya
Amiya
Amiya
Amiya
Amiya
Amiya
Amiya
Amiya
Amiya
Amiya
Amiya
Amiya
Doctor
Amiya
Amiya
Amiya
Amiya
Amiya
Amiya
Amiya
Amiya
Amiya
Amiya
Doctor
Amiya
Amiya
Amiya
Amiya
Amiya
Amiya
Amiya
Amiya
Amiya
Amiya
Amiya
Amiya
Amiya
Amiya
Amiya
Amiya
Amiya
Amiya
Amiya
Amiya
Amiya
Amiya
Doctor
Doctor
Amiya
Amiya
Amiya
Amiya
Amiya
Amiya
Amiya
Amiya
Amiya
Amiya
Amiya
Doctor
Amiya
Amiya
Doctor
Amiya
Amiya
Amiya
Amiya
Amiya
Amiya
Amiya
Amiya
Amiya
Amiya
Amiya
Amiya
Amiya
Amiya
Amiya
Amiya
Amiya
Amiya
Amiya
Amiya
Amiya
Amiya
Amiya
Amiya
Amiya
Amiya
Amiya
Amiya
Amiya
Amiya
Amiya
Amiya
Amiya
Amiya
Amiya
Amiya
Amiya
Amiya
Amiya
Amiya
Amiya
Amiya
Amiya
Amiya
Amiya
Amiya
Amiya
Doctor
Amiya
Amiya
Amiya
Amiya
Amiya
Amiya
Amiya
Amiya
Amiya
Amiya
Amiya
Amiya
Amiya
Amiya
Amiya
Amiya
Amiya
Amiya
Amiya
Amiya
Amiya
Amiya
Amiya
Amiya
Amiya
Amiya
Amiya
Amiya
Amiya
Amiya
Amiya
Amiya
Amiya
Amiya
Amiya
Amiya
Amiya
Amiya
Amiya
Amiya
Amiya
Amiya
Amiya
Amiya
Amiya
Amiya
Amiya
Amiya
Amiya
Amiya
Amiya
Amiya
Amiya
Doctor
Amiya
Amiya
Amiya
Amiya
Amiya
Amiya
Amiya
Doctor
Amiya
Amiya
Amiya
Doctor
Amiya
Amiya
Amiya
Doctor
Amiya
Amiya
Amiya
Amiya
Amiya
Amiya
Amiya
Amiya
Amiya
Amiya
Amiya
Amiya
Amiya
Doctor
Amiya
Amiya
Amiya
Amiya
Doctor
Amiya
Amiya
Amiya
Amiya
Amiya
Amiya
Amiya
Amiya
Amiya
Amiya
Amiya
Amiya
Amiya
Amiya
Amiya
Amiya
Amiya
Amiya
Amiya
Amiya
Amiya
Amiya
Amiya
Amiya
Amiya
Amiya
Amiya
Amiya
Amiya
Amiya
Amiya
Amiya
Amiya
Amiya
Amiya
Amiya
Amiya
Amiya
Amiya
Amiya
Amiya
Amiya
Amiya
Amiya
Amiya
Amiya
Amiya
Amiya
Amiya
Amiya
Amiya
Amiya
Amiya
Amiya
Amiya
Amiya
Amiya
Amiya
Amiya
Amiya
Amiya
Amiya
Amiya
Amiya
Amiya
Amiya
Amiya
Amiya
Doctor
Amiya
Amiya
Amiya
Amiya
Amiya
Amiya
Amiya
Amiya
Amiya
Amiya
Amiya
Doctor
Amiya
Amiya
Amiya
Amiya
Amiya
Amiya
Amiya
Amiya
Amiya
Amiya
Amiya
Amiya
Amiya
Amiya
Amiya
Amiya
Amiya
Doctor
Amiya
Amiya
Amiya
Amiya
Amiya
Amiya
Amiya
Amiya
Doctor
Amiya
Amiya
Amiya
Amiya
Amiya
Amiya
Amiya
Amiya
Amiya
Amiya
Amiya
Amiya
Amiya
Amiya
Amiya
Amiya
Amiya
Amiya
Amiya
Amiya
Amiya
Amiya
Amiya
Amiya
Amiya
Amiya
Amiya
Amiya
Doctor
Amiya
Amiya
Amiya
Amiya
Amiya
Amiya
Amiya
Amiya
Amiya
Amiya
Amiya
Amiya
Amiya
Amiya
Amiya
Amiya
Amiya
Amiya
Amiya
Amiya
Amiya
Amiya
Amiya
Amiya
Amiya
Amiya
Amiya
Amiya
Amiya
Amiya
Amiya
Amiya
Amiya
Amiya
Amiya
Amiya
Amiya
Amiya
Amiya
Doctor
Amiya
Amiya
Doctor
Amiya
Amiya
Amiya
Amiya
Amiya
Amiya
Amiya
Amiya
Amiya
Doctor
Amiya
Amiya
Amiya
Amiya
Amiya
Amiya
Amiya
Doctor
Doctor
Amiya
Amiya
Amiya
Amiya
Amiya
Amiya
Amiya
Amiya
Amiya
Doctor
Amiya
Amiya
Amiya
Amiya
Amiya
Doctor
Amiya
Amiya
Amiya
Amiya
Amiya
Amiya
Amiya
Amiya
Amiya
Amiya
Amiya
Amiya
Amiya
Amiya
Amiya
Amiya
Amiya
Amiya
Amiya
Amiya
Amiya
Amiya
Amiya
Amiya
Doctor
Amiya
Amiya
Amiya
Amiya
Amiya
Amiya
Amiya
Amiya
Amiya
Amiya
Amiya
Amiya
Amiya
Amiya
Amiya
Amiya
Amiya
Doctor
Amiya
Amiya
Doctor
Amiya
Amiya
Amiya
Amiya
Amiya
Amiya
Amiya
Amiya
Amiya
Amiya
Doctor
Amiya
Amiya
Amiya
Amiya
Doctor
Amiya
Amiya
Amiya
Amiya
Amiya
Amiya
Amiya
Amiya
Amiya
Amiya
Amiya
Amiya
Amiya
Amiya
Amiya
Amiya
Amiya
Amiya
Doctor
Amiya
Amiya
Amiya
Amiya
Amiya
Amiya
Amiya
Amiya
Amiya
Amiya
Amiya
Amiya
Amiya
Amiya
Amiya
Amiya
Amiya
Amiya
Amiya
Amiya
Amiya
Amiya
Amiya
Amiya
Amiya
Amiya
Amiya
Amiya
Amiya
Amiya
Amiya
Amiya
Amiya
Amiya
Amiya
Amiya
Amiya
Amiya
Amiya
Doctor
Amiya
Amiya
Amiya
Amiya
Amiya
Amiya
Amiya
Amiya
Amiya
Amiya
Amiya
Amiya
Amiya
Amiya
Amiya
Amiya
Amiya
Amiya
Amiya
Doctor
Amiya
Amiya
Amiya
Amiya
Amiya
Amiya
Amiya
Amiya
Amiya
Amiya
Amiya
Amiya
Amiya
Amiya
Amiya
Amiya
Amiya
Amiya
Amiya
Amiya
Amiya
Amiya
Amiya
Amiya
Doctor
Amiya
Amiya
Amiya
Amiya
Amiya
Amiya
Amiya
Amiya
Amiya
Amiya
Amiya
Amiya
Amiya
Doctor
Amiya
Doctor
Amiya
Amiya
Amiya
Amiya
Doctor
Amiya
Amiya
Amiya
Amiya
Amiya
Amiya
Doctor
Amiya
Amiya
Amiya
Amiya
Amiya
Amiya
Amiya
Amiya
Amiya
Amiya
Amiya
Amiya
Amiya
Amiya
Amiya
Amiya
Amiya
Amiya
Amiya
Amiya
Amiya
Amiya
Amiya
Amiya
Amiya
Amiya
Amiya
Amiya
Amiya
Amiya
Amiya
Amiya
Amiya
Amiya
Amiya
Amiya
Amiya
Amiya
Amiya
Amiya
Amiya
Amiya
Amiya
Amiya
Amiya
Amiya
Amiya
Amiya
Amiya
Amiya
Amiya
Amiya
Amiya
Doctor
Amiya
Amiya
Amiya
Amiya
Amiya
Amiya
Amiya
Amiya
Amiya
Amiya
Amiya
Amiya
Amiya
Doctor
Amiya
Amiya
Amiya
Amiya
Amiya
Amiya
Amiya
Amiya
Amiya
Amiya
Amiya
Amiya
Doctor
Amiya
Amiya
Amiya
Amiya
Amiya
Amiya
Amiya
Amiya
Amiya
Amiya
Amiya
Amiya
Amiya
Doctor
Amiya
Amiya
Amiya
Amiya
Amiya
Amiya
Amiya
Amiya
Amiya
Amiya
Amiya
Amiya
Amiya
Amiya
Amiya
Amiya
Amiya
Amiya
Amiya
Amiya
Amiya
Amiya
Amiya
Amiya
Amiya
Amiya
Amiya
Amiya
Amiya
Amiya
Amiya
Amiya
Amiya
Doctor
Amiya
Doctor
Amiya
Amiya
Amiya
Amiya
Amiya
Amiya
Amiya
Amiya
Amiya
Amiya
Amiya
Amiya
Doctor
Amiya
Amiya
Doctor
Amiya
Amiya
Amiya
Amiya
Doctor
Amiya
Amiya
Amiya
Amiya
Amiya
Amiya
Amiya
Amiya
Doctor
Amiya
Doctor
Amiya
Amiya
Amiya
Amiya
Amiya
Amiya
Amiya
Amiya
Amiya
Amiya
Amiya
Amiya
Amiya
Amiya
Amiya
Amiya
Amiya
Amiya
Amiya
Amiya
Amiya
Amiya
Amiya
Amiya
Amiya
Amiya
Amiya
Amiya
Amiya
Amiya
Doctor
Amiya
Amiya
Amiya
Amiya
Doctor
Amiya
Amiya
Amiya
Amiya
Amiya
Amiya
Amiya
Amiya
Doctor
Amiya
Amiya
Amiya
Amiya
Amiya
Amiya
Amiya
Amiya
Amiya
Amiya
Amiya
Amiya
Amiya
Amiya
Doctor
Amiya
Amiya
Amiya
Amiya
Amiya
Amiya
Amiya
Doctor
Amiya
Amiya
Amiya
Amiya
Amiya
Amiya
Amiya
Amiya
Amiya
Doctor
Amiya
Amiya
Amiya
Amiya
Doctor
Amiya
Amiya
Amiya
Amiya
Amiya
Doctor
Amiya
Amiya
Amiya
Amiya
Amiya
Amiya
Amiya
Amiya
Amiya
Amiya
Amiya
Amiya
Amiya
Amiya
Amiya
Amiya
Amiya
Amiya
Amiya
Amiya
Amiya
Amiya
Amiya
Amiya
Amiya
Amiya
Amiya
Amiya
Amiya
Amiya
Amiya
Amiya
Amiya
Amiya
Doctor
Amiya
Amiya
Amiya
Amiya
Amiya
Amiya
Amiya
Amiya
Amiya
Amiya
Amiya
Doctor
Amiya
Amiya
Amiya
Amiya
Amiya
Amiya
Amiya
Amiya
Amiya
Amiya
Amiya
Amiya
Amiya
Amiya
Amiya
Amiya
Amiya
Amiya
Amiya
Amiya
Amiya
Amiya
Amiya
Amiya
Amiya
Amiya
Amiya
Amiya
Amiya
Amiya
Amiya
Amiya
Amiya
Amiya
Amiya
Amiya
Amiya
Amiya
Amiya
Amiya
Amiya
Amiya
Amiya
Amiya
Amiya
Amiya
Amiya
Amiya
Amiya
Amiya
Amiya
Amiya
Amiya
Amiya
Amiya
Doctor
Amiya
Amiya
Amiya
Amiya
Amiya
Amiya
Amiya
Amiya
Amiya
Amiya
Amiya
Amiya
Amiya
Amiya
Amiya
Amiya
Amiya
Amiya
Amiya
Amiya
Amiya
Amiya
Amiya
Amiya
Amiya
Amiya
Amiya
Amiya
Amiya
Amiya
Amiya
Amiya
Amiya
Amiya
Amiya
Amiya
Amiya
Amiya
Amiya
Amiya
Amiya
Amiya
Amiya
Amiya
Amiya
Amiya
Amiya
Amiya
Amiya
Amiya
Amiya
Amiya
Amiya
Amiya
Amiya
Amiya
Amiya
Amiya
Amiya
Amiya
Amiya
Amiya
Amiya
Doctor
Amiya
Amiya
Amiya
Amiya
Amiya
Amiya
Amiya
Amiya
Amiya
Amiya
Amiya
Amiya
Amiya
Amiya
Amiya
Amiya
Amiya
Amiya
Amiya
Amiya
Amiya
Amiya
Amiya
Amiya
Amiya
Amiya
Amiya
Amiya
Amiya
Amiya
Amiya
Amiya
Amiya
Amiya
Amiya
Amiya
Amiya
Amiya
Amiya
Amiya
Amiya
Amiya
Amiya
Amiya
Amiya
Amiya
Amiya
Amiya
Amiya
Amiya
Amiya
Amiya
Amiya
Amiya
Amiya
Amiya
Amiya
Amiya
Amiya
Amiya
Amiya
Amiya
Amiya
Amiya
Amiya
Amiya
Amiya
Amiya
Amiya
Doctor
Amiya
Amiya
Amiya
Amiya
Amiya
Amiya
Amiya
Amiya
Amiya
Amiya
Amiya
Amiya
Amiya
Amiya
Amiya
Amiya
Amiya
Doctor
Amiya
Amiya
Amiya
Amiya
Amiya
Amiya
Amiya
Doctor
Amiya
Amiya
Amiya
Amiya
Amiya
Amiya
Amiya
Amiya
Amiya
Amiya
Amiya
Amiya
Amiya
Amiya
Amiya
Doctor
Amiya
Amiya
Amiya
Amiya
Amiya
Amiya
Amiya
Amiya
Amiya
Amiya
Amiya
Amiya
Amiya
Amiya
Amiya
Amiya
Amiya
Amiya
Amiya
Amiya
Amiya
Amiya
Amiya
Amiya
Amiya
Amiya
Amiya
Amiya
Amiya
Amiya
Amiya
Amiya
Amiya
Amiya
Amiya
Amiya
Amiya
Amiya
Amiya
Amiya
Amiya
Amiya
Amiya
Amiya
Amiya
Amiya
Amiya
Amiya
Amiya
Amiya
Amiya
Amiya
Doctor
Amiya
Amiya
Amiya
Amiya
Amiya
Amiya
Amiya
Doctor
Amiya
Amiya
Amiya
Amiya
Amiya
Amiya
Amiya
Amiya
Amiya
Amiya
Amiya
Amiya
Amiya
Amiya
Amiya
Amiya
Amiya
Doctor
Amiya
Amiya
Doctor
Doctor
Amiya
Amiya
Amiya
Amiya
Amiya
Amiya
Amiya
Amiya
Amiya
Amiya
Amiya
Amiya
Amiya
Amiya
Doctor
Amiya
Amiya
Amiya
Amiya
Amiya
Amiya
Amiya
Amiya
Amiya
Amiya
Amiya
Amiya
Amiya
Amiya
Amiya
Amiya
Doctor
Amiya
Amiya
Amiya
Amiya
Amiya
Amiya
Amiya
Amiya
Doctor
Amiya
Amiya
Amiya
Amiya
Amiya
Amiya
Amiya
Amiya
Amiya
Amiya
Amiya
Amiya
Doctor
Amiya
Amiya
Amiya
Amiya
Amiya
Amiya
Amiya
Amiya
Amiya
Amiya
Amiya
Amiya
Amiya
Amiya
Amiya
Amiya
Amiya
Amiya
Doctor
Amiya
Amiya
Amiya
Amiya
Amiya
Amiya
Amiya
Amiya
Amiya
Doctor
Amiya
Amiya
Amiya
Amiya
Amiya
Amiya
Amiya
Amiya
Amiya
Amiya
Amiya
Amiya
Amiya
Amiya
Amiya
Amiya
Amiya
Amiya
Amiya
Amiya
Amiya
Amiya
Amiya
Amiya
Amiya
Amiya
Amiya
Amiya
Doctor
Amiya
Amiya
Amiya
Amiya
Amiya
Amiya
Amiya
Amiya
Amiya
Amiya
Amiya
Amiya
Amiya
Amiya
Doctor
Amiya
Amiya
Amiya
Amiya
Amiya
Doctor
Amiya
Amiya
Amiya
Amiya
Amiya
Amiya
Amiya
Amiya
Amiya
Amiya
Amiya
Amiya
Amiya
Amiya
Amiya
Amiya
Amiya
Amiya
Amiya
Amiya
Amiya
Amiya
Amiya
Amiya
Amiya
Amiya
Amiya
Amiya
Amiya
Amiya
Amiya
Amiya
Amiya
Amiya
Amiya
Amiya
Doctor
Doctor
Amiya
Amiya
Amiya
Amiya
Amiya
Amiya
Amiya
Amiya
Amiya
Amiya
Amiya
Amiya
Doctor
Amiya
Amiya
Amiya
Amiya
Amiya
Amiya
Doctor
Amiya
Amiya
Amiya
Amiya
Amiya
Amiya
Amiya
Amiya
Amiya
Amiya
Amiya
Amiya
Doctor
Amiya
Amiya
Amiya
Amiya
Amiya
Amiya
Amiya
Amiya
Amiya
Amiya
Amiya
Amiya
Amiya
Amiya
Amiya
Amiya
Amiya
Amiya
Amiya
Amiya
Amiya
Amiya
Amiya
Amiya
Amiya
Amiya
Amiya
Amiya
Amiya
Amiya
Amiya
Amiya
Amiya
Amiya
Amiya
Amiya
Amiya
Amiya
Amiya
Amiya
Doctor
Amiya
Amiya
Amiya
Amiya
Amiya
Amiya
Amiya
Amiya
Amiya
Doctor
Amiya
Amiya
Amiya
Amiya
Amiya
Amiya
Amiya
Amiya
Amiya
Amiya
Amiya
Amiya
Amiya
Amiya
Amiya
Amiya
Doctor
Amiya
Amiya
Amiya
Amiya
Amiya
Amiya
Amiya
Amiya
Amiya
Amiya
Amiya
Amiya
Amiya
Amiya
Amiya
Amiya
Amiya
Amiya
Amiya
Amiya
Amiya
Amiya
Amiya
Amiya
Amiya
Amiya
Doctor
Amiya
Amiya
Amiya
Amiya
Amiya
Amiya
Amiya
Amiya
Amiya
Amiya
Amiya
Amiya
Amiya
Amiya
Amiya
Amiya
Amiya
Amiya
Doctor
Amiya
Amiya
Amiya
Amiya
Amiya
Amiya
Amiya
Amiya
Amiya
Amiya
Amiya
Amiya
Amiya
Amiya
Amiya
Amiya
Amiya
Amiya
Amiya
Amiya
Amiya
Amiya
Amiya
Amiya
Amiya
Amiya
Amiya
Amiya
Amiya
Amiya
Amiya
Amiya
Amiya
Amiya
Amiya
Amiya
Amiya
Amiya
Amiya
Amiya
Doctor
Amiya
Amiya
Amiya
Amiya
Amiya
Amiya
Amiya
Amiya
Amiya
Amiya
Amiya
Amiya
Amiya
Amiya
Amiya
Amiya
Amiya
Amiya
Amiya
Amiya
Amiya
Amiya
Amiya
Amiya
Amiya
Amiya
Amiya
Amiya
Amiya
Amiya
Amiya
Amiya
Amiya
Amiya
Amiya
Amiya
Amiya
Amiya
Amiya
Amiya
Amiya
Amiya
Amiya
Amiya
Doctor
Amiya
Amiya
Amiya
Amiya
Amiya
Amiya
Amiya
Amiya
Amiya
Amiya
Amiya
Amiya
Amiya
Amiya
Amiya
Amiya
Amiya
Amiya
Amiya
Amiya
Amiya
Doctor
Doctor
Amiya
Amiya
Amiya
Amiya
Amiya
Amiya
Amiya
Amiya
Amiya
Amiya
Amiya
Amiya
Doctor
Amiya
Amiya
Amiya
Amiya
Amiya
Amiya
Amiya
Amiya
Amiya
Amiya
Amiya
Amiya
Amiya
Doctor
Amiya
Amiya
Amiya
Amiya
Amiya
Amiya
Amiya
Amiya
Amiya
Amiya
Doctor
Amiya
Amiya
Amiya
Amiya
Amiya
Amiya
Amiya
Amiya
Amiya
Amiya
Amiya
Amiya
Amiya
Amiya
Amiya
Amiya
Amiya
Amiya
Amiya
Amiya
Amiya
Amiya
Amiya
Amiya
Amiya
Amiya
Amiya
Amiya
Amiya
Amiya
Amiya
Amiya
Amiya
Amiya
Amiya
Doctor
Amiya
Amiya
Amiya
Amiya
Amiya
Doctor
Amiya
Amiya
Amiya
Amiya
Amiya
Amiya
Amiya
Amiya
Amiya
Amiya
Amiya
Amiya
Amiya
Amiya
Amiya
Amiya
Amiya
Amiya
Doctor
Amiya
Amiya
Amiya
Amiya
Amiya
Amiya
Amiya
Amiya
Doctor
Amiya
Amiya
Amiya
Amiya
Amiya
Amiya
Amiya
Amiya
Amiya
Amiya
Amiya
Amiya
Amiya
Amiya
Amiya
Amiya
Amiya
Amiya
Amiya
Amiya
Amiya
Amiya
Amiya
Amiya
Amiya
Amiya
Amiya
Amiya
Amiya
Amiya
Amiya
Amiya
Amiya
Amiya
Amiya
Amiya
Amiya
Amiya
Amiya
Amiya
Amiya
Amiya
Amiya
Doctor
Amiya
Amiya
Amiya
Amiya
Amiya
Amiya
Amiya
Amiya
Amiya
Amiya
Amiya
Amiya
Amiya
Doctor
Amiya
Amiya
Amiya
Amiya
Amiya
Amiya
Amiya
Amiya
Amiya
Amiya
Amiya
Amiya
Amiya
Amiya
Doctor
Amiya
Amiya
Amiya
Amiya
Amiya
Amiya
Amiya
Amiya
Amiya
Amiya
Amiya
Amiya
Doctor
Amiya
Amiya
Amiya
Amiya
Amiya
Amiya
Amiya
Amiya
Amiya
Amiya
Amiya
Amiya
Amiya
Amiya
Doctor
Amiya
Amiya
Amiya
Amiya
Amiya
Doctor
Amiya
Amiya
Amiya
Amiya
Amiya
Amiya
Amiya
Amiya
Amiya
Amiya
Amiya
Amiya
Amiya
Amiya
Amiya
Amiya
Amiya
Amiya
Amiya
Amiya
Amiya
Amiya
Amiya
Amiya
Amiya
Doctor
Amiya
Amiya
Amiya
Amiya
Amiya
Amiya
Doctor
Amiya
Amiya
Amiya
Amiya
Amiya
Doctor
Amiya
Doctor
Amiya
Amiya
Amiya
Amiya
Amiya
Amiya
Amiya
Amiya
Amiya
Amiya
Amiya
Amiya
Amiya
Amiya
Amiya
Amiya
Amiya
Amiya
Amiya
Amiya
Doctor
Amiya
Amiya
Amiya
Doctor
Amiya
Amiya
Amiya
Amiya
Amiya
Amiya
Amiya
Amiya
Amiya
Amiya
Amiya
Amiya
Amiya
Amiya
Amiya
Amiya
Amiya
Amiya
Amiya
Amiya
Amiya
Amiya
Amiya
Amiya
Amiya
Amiya
Amiya
Amiya
Amiya
Amiya
Amiya
Amiya
Amiya
Amiya
Amiya
Amiya
Amiya
Amiya
Amiya
Amiya
Amiya
Amiya
Amiya
Amiya
Amiya
Amiya
Amiya
Amiya
Amiya
Doctor
Amiya
Amiya
Amiya
Doctor
Amiya
Amiya
Amiya
Amiya
Amiya
Amiya
Amiya
Amiya
Amiya
Amiya
Amiya
Amiya
Amiya
Amiya
Amiya
Amiya
Amiya
Amiya
Amiya
Amiya
Amiya
Amiya
Amiya
Amiya
Amiya
Amiya
Amiya
Amiya
Amiya
Amiya
Amiya
Amiya
Amiya
Amiya
Amiya
Amiya
Amiya
Amiya
Amiya
Amiya
Amiya
Amiya
Amiya
Amiya
Amiya
Amiya
Amiya
Amiya
Amiya
Amiya
Amiya
Amiya
Amiya
Amiya
Amiya
Doctor
Amiya
Amiya
Amiya
Amiya
Amiya
Amiya
Amiya
Amiya
Amiya
Amiya
Amiya
Amiya
Amiya
Amiya
Amiya
Amiya
Amiya
Doctor
Amiya
Amiya
Amiya
Amiya
Amiya
Amiya
Amiya
Amiya
Amiya
Amiya
Amiya
Amiya
Amiya
Amiya
Amiya
Amiya
Amiya
Amiya
Amiya
Amiya
Amiya
Amiya
Amiya
Amiya
Amiya
Amiya
Amiya
Amiya
Amiya
Amiya
Amiya
Amiya
Amiya
Doctor
Amiya
Amiya
Amiya
Amiya
Amiya
Doctor
Amiya
Amiya
Amiya
Amiya
Amiya
Amiya
Amiya
Amiya
Amiya
Amiya
Amiya
Amiya
Amiya
Amiya
Amiya
Amiya
Amiya
Amiya
Amiya
Amiya
Amiya
Amiya
Amiya
Amiya
Amiya
Amiya
Amiya
Amiya
Amiya
Amiya
Amiya
Amiya
Doctor
Amiya
Amiya
Amiya
Amiya
Amiya
Amiya
Amiya
Amiya
Amiya
Amiya
Amiya
Amiya
Amiya
Amiya
Amiya
Amiya
Amiya
Amiya
Amiya
Amiya
Amiya
Amiya
Amiya
Doctor
Amiya
Amiya
Amiya
Amiya
Amiya
Amiya
Amiya
Amiya
Amiya
Amiya
Amiya
Amiya
Amiya
Amiya
Amiya
Amiya
Amiya
Amiya
Amiya
Amiya
Amiya
Amiya
Amiya
Amiya
Doctor
Amiya
Amiya
Amiya
Amiya
Amiya
Amiya
Amiya
Amiya
Amiya
Amiya
Amiya
Doctor
Amiya
Amiya
Amiya
Amiya
Amiya
Amiya
Amiya
Amiya
Amiya
Amiya
Amiya
Amiya
Amiya
Amiya
Amiya
Amiya
Amiya
Amiya
Amiya
Amiya
Amiya
Amiya
Amiya
Amiya
Amiya
Amiya
Amiya
Amiya
Amiya
Amiya
Amiya
Amiya
Amiya
Amiya
Amiya
Amiya
Doctor
Amiya
Amiya
Amiya
Amiya
Amiya
Amiya
Amiya
Amiya
Amiya
Amiya
Amiya
Doctor
Amiya
Amiya
Doctor
Amiya
Amiya
Amiya
Amiya
Amiya
Amiya
Amiya
Amiya
Amiya
Amiya
Amiya
Amiya
Amiya
Amiya
Amiya
Amiya
Amiya
Amiya
Amiya
Amiya
Amiya
Amiya
Amiya
Amiya
Amiya
Doctor
Amiya
Amiya
Doctor
Amiya
Doctor
Amiya
Doctor
Amiya
Amiya
Doctor
Doctor
Amiya
Amiya
Amiya
Amiya
Amiya
Amiya
Amiya
Amiya
Amiya
Amiya
Amiya
Amiya
Amiya
Amiya
Amiya
Amiya
Amiya
Amiya
Amiya
Amiya
Amiya
Amiya
Amiya
Amiya
Amiya
Amiya
Amiya
Amiya
Amiya
Amiya
Amiya
Amiya
Amiya
Amiya
Amiya
Doctor
Amiya
Amiya
Amiya
Amiya
Amiya
Amiya
Amiya
Amiya
Amiya
Amiya
Amiya
Amiya
Amiya
Amiya
Amiya
Amiya
Amiya
Amiya
Amiya
Amiya
Amiya
Amiya
Amiya
Amiya
Amiya
Amiya
Amiya
Amiya
Amiya
Amiya
Amiya
Amiya
Amiya
Amiya
Amiya
Amiya
Amiya
Amiya
Amiya
Amiya
Amiya
Amiya
Amiya
Amiya
Amiya
Amiya
Amiya
Amiya
Amiya
Amiya
Amiya
Amiya
Doctor
Amiya
Amiya
Amiya
Doctor
Amiya
Amiya
Amiya
Amiya
Amiya
Amiya
Doctor
Amiya
Amiya
Amiya
Doctor
Amiya
Doctor
Amiya
Amiya
Amiya
Amiya
Amiya
Amiya
Amiya
Amiya
Amiya
Amiya
Amiya
Amiya
Amiya
Doctor
Amiya
Amiya
Amiya
Amiya
Amiya
Amiya
Amiya
Amiya
Amiya
Amiya
Amiya
Amiya
Amiya
Amiya
Amiya
Amiya
Amiya
Amiya
Amiya
Amiya
Amiya
Doctor
Doctor
Amiya
Amiya
Amiya
Doctor
Amiya
Doctor
Amiya
Amiya
Amiya
Amiya
Amiya
Amiya
Amiya
Doctor
Amiya
Amiya
Amiya
Amiya
Amiya
Amiya
Amiya
Amiya
Amiya
Amiya
Amiya
Amiya
Amiya
Amiya
Amiya
Amiya
Amiya
Amiya
Amiya
Amiya
Amiya
Amiya
Amiya
Amiya
Amiya
Amiya
Amiya
Amiya
Amiya
Amiya
Doctor
Amiya
Amiya
Amiya
Amiya
Amiya
Amiya
Amiya
Amiya
Doctor
Amiya
Amiya
Amiya
Amiya
Amiya
Amiya
Amiya
Amiya
Amiya
Amiya
Amiya
Amiya
Amiya
Amiya
Amiya
Amiya
Amiya
Amiya
Amiya
Amiya
Amiya
Amiya
Amiya
Amiya
Amiya
Doctor
Amiya
Amiya
Amiya
Amiya
Amiya
Amiya
Doctor
Amiya
Amiya
Amiya
Amiya
Amiya
Amiya
Amiya
Amiya
Amiya
Amiya
Amiya
Amiya
Amiya
Amiya
Amiya
Amiya
Amiya
Amiya
Amiya
Amiya
Amiya
Amiya
Amiya
Amiya
Amiya
Amiya
Amiya
Amiya
Amiya
Amiya
Amiya
Amiya
Amiya
Amiya
Amiya
Amiya
Amiya
Amiya
Amiya
Amiya
Amiya
Amiya
Amiya
Amiya
Amiya
Amiya
Amiya
Amiya
Amiya
Amiya
Amiya
Amiya
Amiya
Doctor
Amiya
Amiya
Amiya
Amiya
Amiya
Amiya
Amiya
Amiya
Amiya
Amiya
Amiya
Amiya
Doctor
Amiya
Amiya
Amiya
Amiya
Amiya
Amiya
Amiya
Amiya
Amiya
Amiya
Amiya
Amiya
Amiya
Amiya
Amiya
Amiya
Amiya
Amiya
Amiya
Amiya
Amiya
Amiya
Doctor
Amiya
Amiya
Amiya
Amiya
Doctor
Amiya
Amiya
Amiya
Amiya
Amiya
Amiya
Amiya
Amiya
Amiya
Amiya
Amiya
Amiya
Amiya
Amiya
Amiya
Amiya
Amiya
Amiya
Amiya
Amiya
Amiya
Amiya
Doctor
Doctor
Amiya
Amiya
Amiya
Amiya
Amiya
Amiya
Amiya
Amiya
Amiya
Amiya
Amiya
Amiya
Amiya
Amiya
Amiya
Amiya
Amiya
Amiya
Amiya
Amiya
Amiya
Amiya
Amiya
Amiya
Amiya
Amiya
Amiya
Amiya
Amiya
Amiya
Amiya
Amiya
Amiya
Amiya
Doctor
Amiya
Amiya
Amiya
Amiya
Doctor
Amiya
Amiya
Doctor
Amiya
Amiya
Amiya
Amiya
Amiya
Amiya
Amiya
Amiya
Amiya
Amiya
Amiya
Amiya
Amiya
Amiya
Amiya
Amiya
Doctor
Amiya
Amiya
Amiya
Amiya
Amiya
Amiya
Amiya
Amiya
Amiya
Amiya
Amiya
Amiya
Amiya
Amiya
Amiya
Amiya
Amiya
Amiya
Amiya
Amiya
Amiya
Amiya
Amiya
Amiya
Amiya
Amiya
Amiya
Amiya
Amiya
Amiya
Amiya
Amiya
Amiya
Amiya
Amiya
Amiya
Amiya
Amiya
Amiya
Amiya
Amiya
Amiya
Amiya
Amiya
Amiya
Amiya
Amiya
Amiya
Amiya
Amiya
Amiya
Amiya
Amiya
Amiya
Amiya
Amiya
Amiya
Doctor
Amiya
Amiya
Amiya
Amiya
Amiya
Amiya
Amiya
Amiya
Amiya
Amiya
Amiya
Amiya
Amiya
Amiya
Amiya
Amiya
Amiya
Amiya
Amiya
Amiya
Doctor
Amiya
Amiya
Amiya
Amiya
Amiya
Amiya
Amiya
Doctor
Doctor
Amiya
Amiya
Amiya
Amiya
Amiya
Amiya
Amiya
Amiya
Amiya
Amiya
Amiya
Amiya
Doctor
Amiya
Amiya
Amiya
Amiya
Amiya
Amiya
Amiya
Amiya
Amiya
Amiya
Amiya
Amiya
Doctor
Amiya
Amiya
Amiya
Amiya
Amiya
Amiya
Amiya
Amiya
Amiya
Amiya
Amiya
Amiya
Amiya
Doctor
Amiya
Amiya
Amiya
Amiya
Amiya
Amiya
Amiya
Amiya
Amiya
Amiya
Amiya
Amiya
Doctor
Amiya
Amiya
Amiya
Amiya
Amiya
Amiya
Amiya
Amiya
Amiya
Amiya
Amiya
Amiya
Amiya
Doctor
Amiya
Amiya
Amiya
Amiya
Amiya
Amiya
Amiya
Amiya
Amiya
Amiya
Amiya
Amiya
Amiya
Amiya
Amiya
Amiya
Amiya
Amiya
Amiya
Amiya
Amiya
Amiya
Amiya
Amiya
Doctor
Amiya
Amiya
Amiya
Amiya
Amiya
Amiya
Amiya
Amiya
Amiya
Amiya
Amiya
Amiya
Amiya
Amiya
Amiya
Amiya
Amiya
Amiya
Amiya
Amiya
Amiya
Amiya
Amiya
Amiya
Amiya
Doctor
Amiya
Amiya
Amiya
Amiya
Doctor
Amiya
Amiya
Amiya
Amiya
Doctor
Doctor
Amiya
Amiya
Amiya
Amiya
Amiya
Amiya
Amiya
Amiya
Amiya
Amiya
Amiya
Amiya
Amiya
Doctor
Amiya
Amiya
Amiya
Amiya
Amiya
Amiya
Amiya
Amiya
Amiya
Amiya
Amiya
Amiya
Amiya
Amiya
Amiya
Amiya
Amiya
Amiya
Amiya
Amiya
Amiya
Amiya
Amiya
Amiya
Amiya
Amiya
Amiya
Amiya
Doctor
Amiya
Amiya
Amiya
Amiya
Amiya
Amiya
Amiya
Amiya
Amiya
Amiya
Amiya
Amiya
Amiya
Amiya
Amiya
Amiya
Doctor
Amiya
Amiya
Doctor
Amiya
Amiya
Amiya
Amiya
Amiya
Amiya
Amiya
Amiya
Amiya
Amiya
Amiya
Amiya
Amiya
Amiya
Amiya
Amiya
Amiya
Amiya
Amiya
Doctor
Amiya
Amiya
Amiya
Amiya
Amiya
Amiya
Amiya
Amiya
Amiya
Amiya
Amiya
Amiya
Amiya
Amiya
Amiya
Amiya
Amiya
Amiya
Amiya
Amiya
Amiya
Amiya
Amiya
Amiya
Amiya
Amiya
Amiya
Amiya
Amiya
Amiya
Doctor
Amiya
Amiya
Amiya
Amiya
Amiya
Amiya
Amiya
Amiya
Amiya
Amiya
Amiya
Amiya
Amiya
Amiya
Amiya
Amiya
Amiya
Amiya
Amiya
Amiya
Amiya
Amiya
Amiya
Amiya
Amiya
Amiya
Amiya
Doctor
Amiya
Amiya
Amiya
Amiya
Doctor
Amiya
Amiya
Amiya
Amiya
Amiya
Amiya
Amiya
Amiya
Amiya
Amiya
Doctor
Amiya
Amiya
Amiya
Amiya
Amiya
Amiya
Amiya
Amiya
Amiya
Amiya
Amiya
Amiya
Amiya
Amiya
Amiya
Amiya
Amiya
Amiya
Amiya
Amiya
Amiya
Amiya
Amiya
Amiya
Amiya
Amiya
Amiya
Amiya
Amiya
Doctor
Amiya
Amiya
Amiya
Amiya
Doctor
Amiya
Amiya
Doctor
Amiya
Amiya
Amiya
Amiya
Amiya
Amiya
Amiya
Amiya
Amiya
Amiya
Amiya
Amiya
Amiya
Amiya
Amiya
Amiya
Amiya
Doctor
Doctor
Amiya
Amiya
Amiya
Amiya
Amiya
Amiya
Amiya
Amiya
Amiya
Amiya
Amiya
Doctor
Amiya
Amiya
Amiya
Amiya
Amiya
Amiya
Amiya
Amiya
Amiya
Amiya
Amiya
Amiya
Amiya
Amiya
Amiya
Amiya
Amiya
Amiya
Amiya
Amiya
Doctor
Amiya
Amiya
Amiya
Amiya
Amiya
Amiya
Amiya
Amiya
Amiya
Amiya
Amiya
Amiya
Amiya
Amiya
Amiya
Amiya
Amiya
Amiya
Amiya
Amiya
Amiya
Amiya
Amiya
Amiya
Amiya
Amiya
Amiya
Amiya
Amiya
Amiya
Amiya
Doctor
Amiya
Amiya
Doctor
Amiya
Amiya
Amiya
Amiya
Amiya
Amiya
Amiya
Amiya
Doctor
Amiya
Amiya
Amiya
Amiya
Amiya
Amiya
Amiya
Amiya
Amiya
Amiya
Amiya
Amiya
Amiya
Amiya
Doctor
Amiya
Amiya
Amiya
Amiya
Amiya
Amiya
Amiya
Amiya
Amiya
Doctor
Amiya
Amiya
Amiya
Amiya
Amiya
Amiya
Amiya
Doctor
Doctor
Amiya
Amiya
Amiya
Amiya
Amiya
Amiya
Amiya
Amiya
Amiya
Amiya
Amiya
Amiya
Amiya
Amiya
Amiya
Amiya
Amiya
Amiya
Amiya
Amiya
Amiya
Doctor
Doctor
Amiya
Amiya
Amiya
Amiya
Amiya
Amiya
Amiya
Amiya
Amiya
Amiya
Amiya
Amiya
Amiya
Amiya
Amiya
Amiya
Amiya
Amiya
Amiya
Amiya
Amiya
Amiya
Amiya
Amiya
Amiya
Amiya
Amiya
Doctor
Amiya
Amiya
Amiya
Amiya
Amiya
Amiya
Amiya
Amiya
Doctor
Amiya
Amiya
Amiya
Amiya
Amiya
Amiya
Amiya
Amiya
Amiya
Amiya
Amiya
Amiya
Amiya
Amiya
Amiya
Amiya
Amiya
Amiya
Amiya
Amiya
Amiya
Amiya
Amiya
Amiya
Amiya
Amiya
Amiya
Amiya
Amiya
Amiya
Amiya
Doctor
Doctor
Amiya
Amiya
Amiya
Amiya
Amiya
Amiya
Amiya
Amiya
Amiya
Amiya
Amiya
Amiya
Amiya
Amiya
Amiya
Amiya
Amiya
Amiya
Amiya
Amiya
Amiya
Amiya
Amiya
Amiya
Amiya
Amiya
Amiya
Amiya
Amiya
Amiya
Amiya
Amiya
Amiya
Amiya
Amiya
Amiya
Amiya
Amiya
Doctor
Amiya
Amiya
Amiya
Amiya
Amiya
Amiya
Amiya
Amiya
Doctor
Amiya
Amiya
Doctor
Amiya
Amiya
Amiya
Amiya
Amiya
Amiya
Amiya
Amiya
Amiya
Amiya
Amiya
Amiya
Amiya
Amiya
Amiya
Amiya
Amiya
Amiya
Amiya
Amiya
Amiya
Amiya
Amiya
Amiya
Amiya
Doctor
Amiya
Amiya
Amiya
Amiya
Amiya
Amiya
Amiya
Amiya
Amiya
Amiya
Amiya
Amiya
Amiya
Amiya
Amiya
Amiya
Amiya
Amiya
Amiya
Amiya
Amiya
Amiya
Amiya
Amiya
Amiya
Doctor
Amiya
Amiya
Amiya
Amiya
Amiya
Amiya
Amiya
Amiya
Amiya
Amiya
Amiya
Amiya
Amiya
Amiya
Doctor
Amiya
Amiya
Amiya
Amiya
Amiya
Amiya
Amiya
Amiya
Amiya
Amiya
Amiya
Amiya
Amiya
Amiya
Amiya
Amiya
Amiya
Amiya
Amiya
Amiya
Amiya
Amiya
Amiya
Doctor
Amiya
Amiya
Amiya
Amiya
Amiya
Amiya
Amiya
Amiya
Amiya
Amiya
Amiya
Amiya
Amiya
Amiya
Amiya
Amiya
Amiya
Amiya
Amiya
Amiya
Amiya
Amiya
Amiya
Amiya
Amiya
Amiya
Amiya
Amiya
Amiya
Amiya
Amiya
Amiya
Amiya
Amiya
Amiya
Amiya
Amiya
Amiya
Amiya
Amiya
Amiya
Amiya
Amiya
Amiya
Amiya
Amiya
Amiya
Amiya
Amiya
Amiya
Amiya
Amiya
Amiya
Amiya
Amiya
Amiya
Amiya
Amiya
Amiya
Amiya
Amiya
Amiya
Amiya
Amiya
Amiya
Amiya
Amiya
Amiya
Amiya
Amiya
Amiya
Amiya
Amiya
Amiya
Amiya
Amiya
Amiya
Amiya
Amiya
Amiya
Amiya
Amiya
Amiya
Amiya
Amiya
Amiya
Amiya
Amiya
Amiya
Amiya
Amiya
Amiya
Amiya
Amiya
Amiya
Amiya
Amiya
Amiya
Amiya
Amiya
Amiya
Amiya
Amiya
Amiya
Amiya
Amiya
Amiya
Amiya
Amiya
Amiya
Amiya
Amiya
Amiya
Amiya
Amiya
Amiya
Doctor
Amiya
Amiya
Amiya
Amiya
Amiya
Amiya
Amiya
Amiya
Amiya
Amiya
Amiya
Amiya
Amiya
Amiya
Amiya
Doctor
Amiya
Amiya
Amiya
Doctor
Amiya
Amiya
Doctor
Amiya
Amiya
Amiya
Amiya
Amiya
Amiya
Amiya
Amiya
Amiya
Amiya
Amiya
Doctor
Amiya
Amiya
Amiya
Amiya
Doctor
Amiya
Amiya
Amiya
Amiya
Amiya
Amiya
Amiya
Amiya
Amiya
Amiya
Amiya
Amiya
Amiya
Amiya
Amiya
Amiya
Amiya
Amiya
Amiya
Amiya
Amiya
Amiya
Amiya
Amiya
Amiya
Amiya
Amiya
Amiya
Amiya
Amiya
Amiya
Amiya
Amiya
Amiya
Amiya
Amiya
Amiya
Amiya
Amiya
Amiya
Amiya
Amiya
Amiya
Amiya
Amiya
Amiya
Amiya
Amiya
Doctor
Amiya
Doctor
Amiya
Amiya
Amiya
Amiya
Amiya
Amiya
Amiya
Doctor
Amiya
Amiya
Amiya
Amiya
Amiya
Amiya
Amiya
Amiya
Amiya
Amiya
Amiya
Amiya
Amiya
Amiya
Amiya
Amiya
Amiya
Amiya
Amiya
Amiya
Amiya
Amiya
Amiya
Amiya
Amiya
Amiya
Amiya
Amiya
Amiya
Amiya
Amiya
Amiya
Amiya
Amiya
Amiya
Amiya
Amiya
Amiya
Amiya
Amiya
Amiya
Amiya
Amiya
Amiya
Amiya
Amiya
Amiya
Amiya
Amiya
Amiya
Amiya
Amiya
Amiya
Amiya
Amiya
Amiya
Amiya
Amiya
Amiya
Amiya
Amiya
Amiya
Amiya
Amiya
Amiya
Amiya
Amiya
Amiya
Amiya
Amiya
Amiya
Amiya
Amiya
Amiya
Amiya
Amiya
Amiya
Amiya
Amiya
Amiya
Amiya
Doctor
Amiya
Amiya
Amiya
Amiya
Amiya
Amiya
Amiya
Amiya
Amiya
Doctor
Doctor
Amiya
Amiya
Amiya
Amiya
Amiya
Amiya
Amiya
Doctor
Amiya
Amiya
Doctor
Amiya
Amiya
Amiya
Doctor
Amiya
Amiya
Doctor
Amiya
Amiya
Amiya
Amiya
Amiya
Amiya
Amiya
Amiya
Amiya
Doctor
Amiya
Amiya
Amiya
Amiya
Amiya
Amiya
Amiya
Doctor
Amiya
Amiya
Doctor
Amiya
Amiya
Amiya
Amiya
Doctor
Amiya
Amiya
Amiya
Amiya
Amiya
Amiya
Amiya
Amiya
Amiya
Amiya
Doctor
Amiya
Amiya
Amiya
Amiya
Amiya
Amiya
Amiya
Amiya
Amiya
Amiya
Amiya
Amiya
Amiya
Amiya
Amiya
Amiya
Amiya
Amiya
Amiya
Amiya
Doctor
Amiya
Doctor
Amiya
Amiya
Amiya
Amiya
Amiya
Amiya
Amiya
Amiya
Amiya
Amiya
Doctor
Amiya
Amiya
Amiya
Amiya
Amiya
Amiya
Amiya
Amiya
Amiya
Amiya
Amiya
Amiya
Amiya
Amiya
Amiya
Amiya
Amiya
Amiya
Amiya
Amiya
Amiya
Amiya
Amiya
Amiya
Amiya
Amiya
Amiya
Amiya
Amiya
Doctor
Doctor
Amiya
Amiya
Amiya
Amiya
Amiya
Amiya
Amiya
Amiya
Amiya
Amiya
Amiya
Amiya
Amiya
Amiya
Amiya
Amiya
Amiya
Doctor
Amiya
Amiya
Amiya
Amiya
Amiya
Amiya
Amiya
Amiya
Amiya
Amiya
Amiya
Amiya
Amiya
Amiya
Amiya
Amiya
Amiya
Amiya
Amiya
Amiya
Amiya
Amiya
Amiya
Amiya
Amiya
Doctor
Amiya
Amiya
Amiya
Amiya
Amiya
Amiya
Amiya
Amiya
Amiya
Amiya
Amiya
Amiya
Amiya
Amiya
Amiya
Amiya
Amiya
Amiya
Amiya
Amiya
Amiya
Amiya
Amiya
Amiya
Amiya
Amiya
Amiya
Amiya
Amiya
Amiya
Amiya
Amiya
Amiya
Amiya
Amiya
Amiya
Amiya
Amiya
Amiya
Amiya
Amiya
Amiya
Amiya
Amiya
Amiya
Amiya
Amiya
Amiya
Amiya
Amiya
Amiya
Amiya
Amiya
Amiya
Amiya
Amiya
Amiya
Amiya
Amiya
Amiya
Amiya
Amiya
Amiya
Amiya
Amiya
Amiya
Amiya
Amiya
Amiya
Amiya
Amiya
Amiya
Amiya
Amiya
Amiya
Amiya
Amiya
Amiya
Amiya
Amiya
Amiya
Amiya
Amiya
Amiya
Amiya
Amiya
Doctor
Amiya
Amiya
Amiya
Amiya
Amiya
Amiya
Amiya
Amiya
Amiya
Amiya
Amiya
Amiya
Amiya
Amiya
Amiya
Amiya
Amiya
Amiya
Amiya
Amiya
Amiya
Amiya
Amiya
Amiya
Amiya
Amiya
Amiya
Amiya
Amiya
Amiya
Amiya
Amiya
Amiya
Amiya
Amiya
Doctor
Amiya
Amiya
Amiya
Amiya
Amiya
Amiya
Amiya
Amiya
Amiya
Amiya
Amiya
Amiya
Amiya
Amiya
Amiya
Amiya
Amiya
Doctor
Amiya
Amiya
Amiya
Amiya
Doctor
Doctor
Doctor
Doctor
Amiya
Amiya
Amiya
Amiya
Amiya
Amiya
Amiya
Amiya
Amiya
Amiya
Amiya
Amiya
Amiya
Amiya
Amiya
Amiya
Amiya
Amiya
Amiya
Amiya
Amiya
Amiya
Amiya
Amiya
Amiya
Amiya
Amiya
Amiya
Amiya
Amiya
Amiya
Amiya
Amiya
Amiya
Amiya
Amiya
Amiya
Amiya
Amiya
Amiya
Amiya
Amiya
Amiya
Amiya
Amiya
Amiya
Amiya
Amiya
Amiya
Amiya
Amiya
Amiya
Amiya
Amiya
Doctor
Amiya
Amiya
Amiya
Amiya
Amiya
Amiya
Amiya
Amiya
Amiya
Amiya
Amiya
Amiya
Amiya
Amiya
Amiya
Amiya
Amiya
Amiya
Doctor
Amiya
Amiya
Amiya
Amiya
Amiya
Amiya
Amiya
Amiya
Amiya
Amiya
Amiya
Amiya
Amiya
Amiya
Amiya
Amiya
Amiya
Amiya
Amiya
Amiya
Amiya
Amiya
Amiya
Amiya
Amiya
Doctor
Amiya
Amiya
Amiya
Amiya
Amiya
Amiya
Amiya
Amiya
Amiya
Amiya
Amiya
Amiya
Doctor
Amiya
Amiya
Doctor
Amiya
Amiya
Amiya
Amiya
Amiya
Amiya
Amiya
Amiya
Amiya
Amiya
Amiya
Amiya
Amiya
Doctor
Amiya
Doctor
Amiya
Doctor
Amiya
Amiya
Doctor
Amiya
Amiya
Amiya
Amiya
Doctor
Amiya
Amiya
Amiya
Amiya
Amiya
Amiya
Amiya
Amiya
Amiya
Amiya
Amiya
Amiya
Amiya
Amiya
Amiya
Amiya
Amiya
Amiya
Amiya
Amiya
Doctor
Amiya
Amiya
Amiya
Amiya
Amiya
Amiya
Amiya
Amiya
Amiya
Amiya
Amiya
Amiya
Amiya
Amiya
Amiya
Amiya
Amiya
Amiya
Amiya
Amiya
Amiya
Amiya
Amiya
Amiya
Amiya
Amiya
Amiya
Amiya
Amiya
Amiya
Amiya
Amiya
Amiya
Amiya
Amiya
Amiya
Amiya
Amiya
Amiya
Amiya
Amiya
Amiya
Amiya
Amiya
Amiya
Amiya
Amiya
Amiya
Amiya
Doctor
Amiya
Amiya
Amiya
Amiya
Amiya
Amiya
Amiya
Doctor
Amiya
Amiya
Amiya
Amiya
Amiya
Amiya
Amiya
Amiya
Doctor
Amiya
Amiya
Amiya
Amiya
Amiya
Amiya
Doctor
Amiya
Doctor
Amiya
Amiya
Amiya
Amiya
Amiya
Amiya
Amiya
Amiya
Amiya
Amiya
Amiya
Amiya
Amiya
Amiya
Amiya
Amiya
Amiya
Amiya
Amiya
Amiya
Amiya
Amiya
Doctor
Amiya
Amiya
Doctor
Amiya
Amiya
Amiya
Amiya
Amiya
Amiya
Amiya
Amiya
Amiya
Amiya
Amiya
Amiya
Amiya
Doctor
Amiya
Amiya
Amiya
Amiya
Doctor
Amiya
Amiya
Amiya
Amiya
Amiya
Amiya
Amiya
Amiya
Amiya
Amiya
Amiya
Amiya
Doctor
Amiya
Amiya
Amiya
Doctor
Amiya
Doctor
Amiya
Amiya
Amiya
Amiya
Amiya
Amiya
Amiya
Amiya
Amiya
Amiya
Amiya
Amiya
Amiya
Amiya
Amiya
Amiya
Amiya
Amiya
Amiya
Amiya
Amiya
Amiya
Amiya
Amiya
Amiya
Amiya
Amiya
Amiya
Doctor
Amiya
Amiya
Amiya
Amiya
Amiya
Amiya
Amiya
Amiya
Amiya
Amiya
Amiya
Amiya
Amiya
Amiya
Amiya
Amiya
Amiya
Amiya
Amiya
Amiya
Amiya
Doctor
Doctor
Doctor
Amiya
Amiya
Amiya
Amiya
Amiya
Doctor
Amiya
Amiya
Doctor
Amiya
Amiya
Amiya
Amiya
Amiya
Amiya
Amiya
Amiya
Amiya
Amiya
Amiya
Amiya
Amiya
Amiya
Amiya
Amiya
Amiya
Amiya
Amiya
Amiya
Amiya
Amiya
Amiya
Amiya
Amiya
Amiya
Amiya
Amiya
Amiya
Amiya
Amiya
Amiya
Amiya
Amiya
Amiya
Amiya
Amiya
Amiya
Doctor
Amiya
Amiya
Amiya
Amiya
Amiya
Amiya
Amiya
Amiya
Amiya
Amiya
Amiya
Amiya
Amiya
Amiya
Amiya
Amiya
Doctor
Amiya
Amiya
Amiya
Amiya
Amiya
Amiya
Amiya
Amiya
Amiya
Amiya
Amiya
Amiya
Amiya
Amiya
Doctor
Amiya
Amiya
Amiya
Amiya
Amiya
Amiya
Amiya
Amiya
Amiya
Amiya
Amiya
Amiya
Doctor
Amiya
Amiya
Amiya
Amiya
Amiya
Amiya
Amiya
Doctor
Amiya
Amiya
Amiya
Amiya
Amiya
Amiya
Amiya
Amiya
Amiya
Amiya
Amiya
Amiya
Amiya
Amiya
Amiya
Amiya
Amiya
Amiya
Amiya
Amiya
Amiya
Amiya
Amiya
Amiya
Amiya
Amiya
Amiya
Amiya
Amiya
Amiya
Amiya
Amiya
Amiya
Amiya
Amiya
Doctor
Amiya
Amiya
Amiya
Amiya
Amiya
Amiya
Amiya
Amiya
Amiya
Amiya
Amiya
Amiya
Amiya
Amiya
Doctor
Amiya
Amiya
Amiya
Amiya
Amiya
Amiya
Amiya
Amiya
Amiya
Amiya
Amiya
Amiya
Amiya
Amiya
Amiya
Amiya
Amiya
Amiya
Amiya
Amiya
Amiya
Amiya
Amiya
Amiya
Amiya
Amiya
Amiya
Amiya
Amiya
Amiya
Amiya
Amiya
Amiya
Amiya
Amiya
Amiya
Amiya
Amiya
Amiya
Amiya
Amiya
Amiya
Amiya
Doctor
Amiya
Amiya
Amiya
Amiya
Amiya
Amiya
Amiya
Amiya
Amiya
Amiya
Amiya
Amiya
Amiya
Amiya
Amiya
Amiya
Amiya
Amiya
Amiya
Amiya
Amiya
Amiya
Amiya
Amiya
Amiya
Amiya
Amiya
Amiya
Amiya
Amiya
Amiya
Amiya
Amiya
Amiya
Amiya
Amiya
Amiya
Amiya
Amiya
Amiya
Amiya
Amiya
Amiya
Amiya
Doctor
Amiya
Doctor
Amiya
Amiya
Amiya
Amiya
Doctor
Amiya
Amiya
Amiya
Amiya
Amiya
Amiya
Amiya
Amiya
Amiya
Amiya
Amiya
Amiya
Doctor
Amiya
Amiya
Amiya
Amiya
Amiya
Amiya
Amiya
Amiya
Amiya
Amiya
Amiya
Amiya
Amiya
Amiya
Amiya
Amiya
Amiya
Amiya
Amiya
Amiya
Amiya
Amiya
Amiya
Amiya
Amiya
Amiya
Amiya
Amiya
Amiya
Amiya
Amiya
Amiya
Amiya
Amiya
Amiya
Amiya
Doctor
Amiya
Amiya
Amiya
Amiya
Doctor
Amiya
Amiya
Amiya
Amiya
Amiya
Amiya
Amiya
Amiya
Amiya
Amiya
Amiya
Amiya
Amiya
Amiya
Amiya
Amiya
Doctor
Amiya
Amiya
Amiya
Amiya
Amiya
Amiya
Amiya
Amiya
Amiya
Doctor
Amiya
Amiya
Amiya
Amiya
Amiya
Amiya
Amiya
Amiya
Amiya
Amiya
Amiya
Amiya
Amiya
Amiya
Amiya
Amiya
Amiya
Amiya
Amiya
Amiya
Amiya
Doctor
Amiya
Amiya
Amiya
Amiya
Amiya
Amiya
Amiya
Amiya
Amiya
Amiya
Amiya
Amiya
Amiya
Amiya
Amiya
Amiya
Amiya
Amiya
Amiya
Amiya
Amiya
Amiya
Amiya
Amiya
Doctor
Amiya
Amiya
Amiya
Amiya
Amiya
Amiya
Amiya
Amiya
Amiya
Amiya
Amiya
Amiya
Amiya
Amiya
Amiya
Amiya
Amiya
Amiya
Amiya
Amiya
Amiya
Amiya
Amiya
Amiya
Amiya
Amiya
Amiya
Amiya
Amiya
Amiya
Doctor
Amiya
Amiya
Amiya
Amiya
Amiya
Amiya
Amiya
Amiya
Amiya
Amiya
Amiya
Doctor
Amiya
Amiya
Amiya
Amiya
Amiya
Amiya
Amiya
Amiya
Doctor
Amiya
Amiya
Amiya
Amiya
Doctor
Amiya
Amiya
Amiya
Amiya
Amiya
Amiya
Amiya
Amiya
Amiya
Amiya
Amiya
Doctor
Amiya
Amiya
Amiya
Amiya
Amiya
Amiya
Amiya
Amiya
Amiya
Amiya
Amiya
Amiya
Amiya
Amiya
Amiya
Amiya
Amiya
Doctor
Amiya
Amiya
Amiya
Amiya
Amiya
Amiya
Amiya
Amiya
Amiya
Amiya
Amiya
Amiya
Amiya
Amiya
Amiya
Amiya
Amiya
Amiya
Amiya
Amiya
Amiya
Amiya
Doctor
Amiya
Amiya
Amiya
Amiya
Amiya
Amiya
Amiya
Amiya
Amiya
Amiya
Amiya
Amiya
Amiya
Amiya
Amiya
Amiya
Amiya
Amiya
Amiya
Amiya
Amiya
Amiya
Amiya
Amiya
Amiya
Amiya
Amiya
Amiya
Amiya
Amiya
Amiya
Amiya
Amiya
Amiya
Amiya
Amiya
Amiya
Amiya
Doctor
Amiya
Amiya
Amiya
Doctor
Amiya
Amiya
Amiya
Amiya
Amiya
Amiya
Amiya
Amiya
Amiya
Amiya
Amiya
Amiya
Amiya
Amiya
Amiya
Amiya
Amiya
Amiya
Amiya
Amiya
Amiya
Amiya
Amiya
Amiya
Amiya
Amiya
Amiya
Amiya
Amiya
Amiya
Amiya
Amiya
Amiya
Amiya
Amiya
Amiya
Amiya
Amiya
Amiya
Amiya
Amiya
Amiya
Amiya
Amiya
Doctor
Amiya
Amiya
Doctor
Amiya
Doctor
Amiya
Amiya
Amiya
Amiya
Amiya
Amiya
Amiya
Doctor
Amiya
Amiya
Doctor
Amiya
Amiya
Amiya
Amiya
Amiya
Amiya
Doctor
Amiya
Amiya
Doctor
Amiya
Amiya
Amiya
Amiya
Amiya
Amiya
Amiya
Amiya
Amiya
Amiya
Amiya
Amiya
Amiya
Doctor
Amiya
Amiya
Amiya
Amiya
Amiya
Amiya
Amiya
Amiya
Amiya
Doctor
Amiya
Amiya
Amiya
Amiya
Amiya
Amiya
Amiya
Doctor
Amiya
Amiya
Amiya
Amiya
Amiya
Amiya
Amiya
Amiya
Amiya
Amiya
Amiya
Amiya
Doctor
Amiya
Amiya
Amiya
Amiya
Amiya
Amiya
Amiya
Amiya
Doctor
Amiya
Amiya
Amiya
Amiya
Amiya
Amiya
Amiya
Amiya
Doctor
Amiya
Amiya
Amiya
Amiya
Amiya
Amiya
Amiya
Amiya
Amiya
Doctor
Amiya
Amiya
Amiya
Amiya
Amiya
Amiya
Amiya
Amiya
Amiya
Amiya
Amiya
Amiya
Amiya
Doctor
Amiya
Amiya
Amiya
Amiya
Doctor
Amiya
Amiya
Amiya
Amiya
Amiya
Amiya
Amiya
Amiya
Amiya
Amiya
Amiya
Amiya
Amiya
Amiya
Amiya
Amiya
Amiya
Amiya
Amiya
Amiya
Amiya
Amiya
Amiya
Amiya
Amiya
Amiya
Amiya
Amiya
Doctor
Amiya
Amiya
Amiya
Amiya
Amiya
Amiya
Amiya
Amiya
Amiya
Amiya
Amiya
Amiya
Amiya
Amiya
Amiya
Amiya
Amiya
Amiya
Amiya
Amiya
Amiya
Amiya
Amiya
Amiya
Amiya
Amiya
Amiya
Amiya
Amiya
Amiya
Amiya
Amiya
Amiya
Amiya
Amiya
Amiya
Amiya
Amiya
Doctor
Amiya
Amiya
Doctor
Doctor
Amiya
Amiya
Amiya
Amiya
Amiya
Amiya
Amiya
Amiya
Doctor
Amiya
Doctor
Amiya
Amiya
Amiya
Amiya
Amiya
Amiya
Amiya
Amiya
Amiya
Amiya
Amiya
Doctor
Doctor
Amiya
Amiya
Amiya
Amiya
Amiya
Amiya
Amiya
Amiya
Amiya
Amiya
Amiya
Amiya
Amiya
Amiya
Amiya
Amiya
Amiya
Amiya
Amiya
Amiya
Amiya
Amiya
Amiya
Amiya
Amiya
Amiya
Amiya
Amiya
Amiya
Amiya
Doctor
Amiya
Amiya
Amiya
Amiya
Amiya
Amiya
Amiya
Amiya
Amiya
Amiya
Amiya
Amiya
Doctor
Amiya
Amiya
Amiya
Amiya
Amiya
Amiya
Doctor
Amiya
Amiya
Amiya
Amiya
Amiya
Amiya
Amiya
Amiya
Amiya
Amiya
Amiya
Doctor
Doctor
Amiya
Amiya
Amiya
Amiya
Amiya
Amiya
Amiya
Doctor
Amiya
Amiya
Amiya
Amiya
Amiya
Amiya
Amiya
Doctor
Amiya
Doctor
Amiya
Amiya
Amiya
Amiya
Amiya
Amiya
Amiya
Amiya
Amiya
Amiya
Amiya
Amiya
Amiya
Amiya
Amiya
Amiya
Amiya
Amiya
Amiya
Doctor
Amiya
Amiya
Amiya
Amiya
Amiya
Amiya
Amiya
Doctor
Amiya
Amiya
Amiya
Amiya
Amiya
Amiya
Amiya
Amiya
Amiya
Amiya
Amiya
Amiya
Amiya
Amiya
Amiya
Amiya
Amiya
Amiya
Amiya
Amiya
Amiya
Amiya
Amiya
Amiya
Amiya
Amiya
Amiya
Amiya
Amiya
Amiya
Amiya
Amiya
Amiya
Amiya
Amiya
Amiya
Doctor
Amiya
Amiya
Amiya
Amiya
Amiya
Amiya
Amiya
Amiya
Amiya
Amiya
Amiya
Amiya
Amiya
Amiya
Amiya
Amiya
Amiya
Amiya
Amiya
Amiya
Amiya
Amiya
Amiya
Amiya
Amiya
Amiya
Amiya
Amiya
Amiya
Amiya
Amiya
Amiya
Amiya
Amiya
Amiya
Amiya
Amiya
Amiya
Amiya
Amiya
Amiya
Amiya
Amiya
Amiya
Amiya
Amiya
Amiya
Amiya
Amiya
Amiya
Amiya
Amiya
Amiya
Amiya
Amiya
Amiya
Amiya
Amiya
Doctor
Amiya
Amiya
Amiya
Amiya
Amiya
Amiya
Amiya
Amiya
Amiya
Amiya
Amiya
Amiya
Amiya
Amiya
Amiya
Amiya
Amiya
Amiya
Amiya
Doctor
Amiya
Amiya
Amiya
Amiya
Amiya
Amiya
Amiya
Amiya
Amiya
Amiya
Amiya
Amiya
Amiya
Amiya
Amiya
Doctor
Amiya
Amiya
Amiya
Amiya
Amiya
Amiya
Amiya
Amiya
Amiya
Amiya
Amiya
Amiya
Amiya
Amiya
Amiya
Amiya
Amiya
Doctor
Amiya
Amiya
Amiya
Amiya
Amiya
Amiya
Amiya
Amiya
Amiya
Amiya
Doctor
Amiya
Amiya
Amiya
Amiya
Amiya
Amiya
Amiya
Amiya
Amiya
Amiya
Amiya
Amiya
Doctor
Amiya
Amiya
Amiya
Amiya
Amiya
Doctor
Doctor
Amiya
Amiya
Amiya
Amiya
Amiya
Amiya
Amiya
Amiya
Amiya
Amiya
Amiya
Amiya
Amiya
Amiya
Amiya
Amiya
Amiya
Doctor
Amiya
Amiya
Amiya
Amiya
Amiya
Amiya
Amiya
Amiya
Amiya
Amiya
Amiya
Amiya
Amiya
Amiya
Amiya
Amiya
Amiya
Amiya
Amiya
Amiya
Amiya
Doctor
Amiya
Amiya
Amiya
Amiya
Amiya
Amiya
Amiya
Amiya
Amiya
Amiya
Amiya
Amiya
Amiya
Amiya
Amiya
Amiya
Amiya
Amiya
Amiya
Amiya
Amiya
Amiya
Amiya
Amiya
Amiya
Amiya
Amiya
Amiya
Amiya
Amiya
Amiya
Amiya
Amiya
Amiya
Amiya
Amiya
Amiya
Doctor
Amiya
Amiya
Amiya
Amiya
Amiya
Amiya
Amiya
Amiya
Doctor
Amiya
Amiya
Amiya
Amiya
Amiya
Amiya
Amiya
Amiya
Amiya
Amiya
Amiya
Amiya
Amiya
Amiya
Amiya
Amiya
Amiya
Amiya
Amiya
Amiya
Amiya
Doctor
Amiya
Amiya
Amiya
Amiya
Amiya
Amiya
Amiya
Amiya
Amiya
Amiya
Amiya
Amiya
Amiya
Amiya
Amiya
Amiya
Doctor
Amiya
Amiya
Amiya
Amiya
Amiya
Amiya
Amiya
Amiya
Amiya
Amiya
Amiya
Amiya
Amiya
Amiya
Amiya
Amiya
Amiya
Amiya
Amiya
Amiya
Amiya
Amiya
Amiya
Amiya
Doctor
Amiya
Amiya
Amiya
Amiya
Amiya
Amiya
Amiya
Amiya
Amiya
Amiya
Amiya
Amiya
Amiya
Amiya
Amiya
Amiya
Amiya
Amiya
Amiya
Amiya
Amiya
Amiya
Amiya
Amiya
Amiya
Amiya
Amiya
Amiya
Amiya
Amiya
Amiya
Amiya
Amiya
Amiya
Amiya
Amiya
Amiya
Amiya
Amiya
Amiya
Amiya
Amiya
Amiya
Amiya
Amiya
Amiya
Amiya
Amiya
Amiya
Amiya
Amiya
Amiya
Amiya
Amiya
Amiya
Amiya
Amiya
Amiya
Amiya
Amiya
Amiya
Amiya
Amiya
Amiya
Amiya
Amiya
Doctor
Amiya
Amiya
Amiya
Amiya
Amiya
Amiya
Amiya
Amiya
Amiya
Amiya
Amiya
Amiya
Amiya
Amiya
Amiya
Doctor
Amiya
Amiya
Amiya
Amiya
Amiya
Amiya
Amiya
Amiya
Amiya
Amiya
Amiya
Amiya
Amiya
Amiya
Amiya
Doctor
Amiya
Amiya
Amiya
Amiya
Amiya
Amiya
Amiya
Amiya
Amiya
Amiya
Amiya
Amiya
Amiya
Amiya
Amiya
Amiya
Amiya
Amiya
Amiya
Amiya
Amiya
Amiya
Doctor
Doctor
Amiya
Amiya
Amiya
Amiya
Amiya
Amiya
Amiya
Amiya
Amiya
Doctor
Amiya
Amiya
Amiya
Amiya
Amiya
Amiya
Amiya
Amiya
Doctor
Amiya
Doctor
Amiya
Amiya
Amiya
Amiya
Amiya
Amiya
Amiya
Doctor
Amiya
Amiya
Doctor
Doctor
Amiya
Amiya
Amiya
Amiya
Amiya
Amiya
Amiya
Amiya
Amiya
Doctor
Doctor
Amiya
Doctor
Amiya
Amiya
Amiya
Amiya
Amiya
Amiya
Doctor
Amiya
Amiya
Amiya
Amiya
Amiya
Amiya
Amiya
Amiya
Doctor
Amiya
Amiya
Doctor
Amiya
Amiya
Amiya
Amiya
Amiya
Amiya
Amiya
Amiya
Amiya
Amiya
Amiya
Doctor
Amiya
Amiya
Amiya
Amiya
Amiya
Amiya
Amiya
Amiya
Amiya
Amiya
Amiya
Amiya
Doctor
Amiya
Amiya
Amiya
Amiya
Amiya
Amiya
Amiya
Amiya
Amiya
Doctor
Amiya
Amiya
Amiya
Amiya
Amiya
Amiya
Amiya
Amiya
Doctor
Amiya
Amiya
Amiya
Amiya
Amiya
Amiya
Amiya
Amiya
Amiya
Amiya
Amiya
Amiya
Amiya
Amiya
Doctor
Amiya
Amiya
Amiya
Amiya
Amiya
Amiya
Amiya
Amiya
Amiya
Amiya
Doctor
Amiya
Amiya
Amiya
Amiya
Amiya
Amiya
Amiya
Amiya
Amiya
Amiya
Amiya
Amiya
Amiya
Amiya
Amiya
Amiya
Amiya
Amiya
Amiya
Amiya
Amiya
Doctor
Doctor
Doctor
Amiya
Amiya
Amiya
Amiya
Amiya
Amiya
Amiya
Amiya
Amiya
Amiya
Amiya
Amiya
Amiya
Amiya
Doctor
Doctor
Amiya
Amiya
Amiya
Amiya
Amiya
Amiya
Amiya
Amiya
Amiya
Amiya
Doctor
Amiya
Amiya
Amiya
Amiya
Amiya
Amiya
Amiya
Amiya
Amiya
Amiya
Amiya
Amiya
Amiya
Amiya
Amiya
Amiya
Amiya
Amiya
Amiya
Amiya
Amiya
Amiya
Amiya
Doctor
Amiya
Amiya
Amiya
Amiya
Amiya
Amiya
Amiya
Amiya
Amiya
Amiya
Amiya
Amiya
Amiya
Amiya
Amiya
Amiya
Amiya
Amiya
Doctor
Amiya
Amiya
Amiya
Amiya
Doctor
Amiya
Amiya
Amiya
Amiya
Amiya
Amiya
Amiya
Amiya
Amiya
Amiya
Amiya
Amiya
Amiya
Amiya
Amiya
Amiya
Amiya
Amiya
Amiya
Amiya
Amiya
Amiya
Amiya
Amiya
Amiya
Amiya
Amiya
Amiya
Amiya
Amiya
Amiya
Doctor
Amiya
Amiya
Amiya
Amiya
Amiya
Amiya
Doctor
Amiya
Doctor
Amiya
Amiya
Amiya
Amiya
Amiya
Amiya
Amiya
Amiya
Amiya
Amiya
Amiya
Amiya
Amiya
Amiya
Amiya
Amiya
Amiya
Amiya
Amiya
Amiya
Amiya
Amiya
Amiya
Amiya
Amiya
Amiya
Amiya
Amiya
Amiya
Amiya
Amiya
Amiya
Amiya
Amiya
Amiya
Amiya
Amiya
Amiya
Amiya
Doctor
Amiya
Amiya
Amiya
Amiya
Doctor
Amiya
Amiya
Amiya
Amiya
Amiya
Amiya
Amiya
Doctor
Amiya
Amiya
Amiya
Amiya
Amiya
Amiya
Amiya
Amiya
Amiya
Amiya
Amiya
Amiya
Amiya
Doctor
Amiya
Amiya
Amiya
Amiya
Amiya
Amiya
Amiya
Amiya
Amiya
Amiya
Amiya
Amiya
Amiya
Amiya
Doctor
Amiya
Amiya
Amiya
Amiya
Amiya
Amiya
Amiya
Amiya
Amiya
Amiya
Amiya
Amiya
Amiya
Amiya
Amiya
Doctor
Amiya
Amiya
Amiya
Doctor
Amiya
Amiya
Amiya
Amiya
Amiya
Amiya
Amiya
Amiya
Amiya
Amiya
Amiya
Amiya
Amiya
Amiya
Amiya
Amiya
Amiya
Amiya
Amiya
Amiya
Doctor
Amiya
Amiya
Amiya
Amiya
Amiya
Amiya
Amiya
Amiya
Amiya
Amiya
Amiya
Amiya
Amiya
Amiya
Amiya
Amiya
Amiya
Amiya
Amiya
Amiya
Amiya
Amiya
Amiya
Amiya
Amiya
Amiya
Amiya
Amiya
Amiya
Amiya
Amiya
Amiya
Amiya
Amiya
Amiya
Amiya
Amiya
Amiya
Amiya
Amiya
Amiya
Amiya
Amiya
Amiya
Amiya
Doctor
Amiya
Amiya
Amiya
Doctor
Doctor
Amiya
Amiya
Amiya
Amiya
Amiya
Amiya
Amiya
Amiya
Amiya
Amiya
Amiya
Amiya
Amiya
Amiya
Amiya
Amiya
Amiya
Amiya
Amiya
Amiya
Amiya
Amiya
Amiya
Doctor
Amiya
Doctor
Amiya
Amiya
Doctor
Amiya
Amiya
Amiya
Amiya
Doctor
Amiya
Amiya
Amiya
Doctor
Amiya
Amiya
Amiya
Amiya
Amiya
Amiya
Amiya
Doctor
Amiya
Amiya
Amiya
Amiya
Doctor
Amiya
Amiya
Amiya
Amiya
Amiya
Amiya
Amiya
Amiya
Amiya
Amiya
Amiya
Amiya
Amiya
Amiya
Amiya
Amiya
Amiya
Amiya
Amiya
Amiya
Amiya
Amiya
Amiya
Amiya
Amiya
Amiya
Doctor
Amiya
Amiya
Amiya
Amiya
Amiya
Amiya
Amiya
Amiya
Amiya
Amiya
Amiya
Amiya
Amiya
Amiya
Doctor
Amiya
Amiya
Amiya
Amiya
Amiya
Amiya
Amiya
Doctor
Amiya
Amiya
Amiya
Amiya
Amiya
Amiya
Amiya
Amiya
Amiya
Amiya
Amiya
Amiya
Amiya
Amiya
Amiya
Amiya
Amiya
Amiya
Amiya
Amiya
Amiya
Amiya
Amiya
Amiya
Amiya
Amiya
Amiya
Amiya
Amiya
Amiya
Amiya
Amiya
Amiya
Amiya
Amiya
Amiya
Doctor
Amiya
Amiya
Amiya
Amiya
Amiya
Amiya
Amiya
Doctor
Amiya
Amiya
Amiya
Amiya
Amiya
Amiya
Amiya
Amiya
Amiya
Amiya
Amiya
Amiya
Amiya
Amiya
Amiya
Amiya
Amiya
Amiya
Amiya
Amiya
Amiya
Amiya
Amiya
Amiya
Amiya
Amiya
Amiya
Amiya
Amiya
Amiya
Amiya
Amiya
Amiya
Doctor
Amiya
Amiya
Amiya
Amiya
Amiya
Amiya
Amiya
Amiya
Amiya
Amiya
Amiya
Amiya
Amiya
Amiya
Amiya
Amiya
Amiya
Doctor
Amiya
Amiya
Amiya
Amiya
Amiya
Amiya
Amiya
Amiya
Doctor
Amiya
Amiya
Amiya
Amiya
Amiya
Amiya
Doctor
Amiya
Amiya
Amiya
Amiya
Amiya
Amiya
Amiya
Amiya
Amiya
Amiya
Amiya
Amiya
Amiya
Amiya
Amiya
Amiya
Amiya
Amiya
Amiya
Amiya
Amiya
Amiya
Amiya
Amiya
Amiya
Amiya
Amiya
Amiya
Amiya
Amiya
Amiya
Doctor
Amiya
Amiya
Amiya
Amiya
Amiya
Amiya
Amiya
Amiya
Amiya
Amiya
Amiya
Amiya
Amiya
Amiya
Amiya
Amiya
Amiya
Amiya
Amiya
Doctor
Amiya
Doctor
Amiya
Amiya
Doctor
Amiya
Amiya
Doctor
Amiya
Amiya
Amiya
Amiya
Amiya
Amiya
Amiya
Amiya
Amiya
Amiya
Doctor
Amiya
Amiya
Amiya
Amiya
Amiya
Amiya
Doctor
Amiya
Amiya
Amiya
Amiya
Amiya
Amiya
Amiya
Amiya
Amiya
Amiya
Amiya
Amiya
Amiya
Doctor
Amiya
Amiya
Amiya
Amiya
Amiya
Amiya
Amiya
Amiya
Amiya
Amiya
Amiya
Amiya
Doctor
Amiya
Amiya
Amiya
Amiya
Amiya
Amiya
Amiya
Amiya
Amiya
Amiya
Amiya
Amiya
Doctor
Amiya
Amiya
Amiya
Amiya
Amiya
Amiya
Amiya
Amiya
Amiya
Amiya
Amiya
Amiya
Amiya
Amiya
Amiya
Amiya
Doctor
Amiya
Amiya
Amiya
Amiya
Amiya
Amiya
Amiya
Amiya
Amiya
Amiya
Amiya
Amiya
Amiya
Amiya
Amiya
Amiya
Amiya
Amiya
Amiya
Amiya
Amiya
Amiya
Doctor
Amiya
Amiya
Amiya
Amiya
Amiya
Amiya
Amiya
Amiya
Amiya
Amiya
Amiya
Amiya
Amiya
Doctor
Amiya
Amiya
Amiya
Amiya
Amiya
Amiya
Amiya
Amiya
Amiya
Amiya
Amiya
Amiya
Amiya
Amiya
Amiya
Amiya
Amiya
Amiya
Amiya
Amiya
Amiya
Amiya
Amiya
Amiya
Amiya
Amiya
Amiya
Amiya
Amiya
Amiya
Amiya
Amiya
Amiya
Amiya
Amiya
Amiya
Amiya
Amiya
Amiya
Amiya
Amiya
Amiya
Amiya
Amiya
Amiya
Amiya
Amiya
Amiya
Amiya
Doctor
Amiya
Amiya
Amiya
Amiya
Amiya
Amiya
Amiya
Amiya
Amiya
Amiya
Amiya
Amiya
Amiya
Amiya
Amiya
Amiya
Amiya
Amiya
Amiya
Amiya
Amiya
Amiya
Amiya
Amiya
Amiya
Amiya
Amiya
Amiya
Amiya
Amiya
Amiya
Amiya
Amiya
Amiya
Amiya
Amiya
Amiya
Amiya
Amiya
Amiya
Amiya
Amiya
Amiya
Amiya
Amiya
Amiya
Doctor
Amiya
Amiya
Amiya
Amiya
Amiya
Amiya
Amiya
Amiya
Amiya
Amiya
Amiya
Doctor
Amiya
Amiya
Amiya
Amiya
Amiya
Doctor
Amiya
Amiya
Amiya
Amiya
Doctor
Amiya
Amiya
Amiya
Amiya
Amiya
Amiya
Amiya
Amiya
Amiya
Amiya
Amiya
Amiya
Amiya
Amiya
Amiya
Amiya
Amiya
Amiya
Amiya
Amiya
Amiya
Amiya
Amiya
Amiya
Amiya
Amiya
Amiya
Amiya
Doctor
Amiya
Amiya
Amiya
Amiya
Doctor
Amiya
Amiya
Amiya
Amiya
Amiya
Amiya
Doctor
Amiya
Amiya
Amiya
Amiya
Amiya
Amiya
Amiya
Amiya
Amiya
Amiya
Doctor
Amiya
Amiya
Doctor
Amiya
Amiya
Amiya
Doctor
Amiya
Amiya
Amiya
Amiya
Amiya
Amiya
Amiya
Amiya
Amiya
Amiya
Amiya
Amiya
Amiya
Amiya
Amiya
Amiya
Amiya
Amiya
Amiya
Amiya
Amiya
Amiya
Amiya
Amiya
Amiya
Amiya
Amiya
Doctor
Amiya
Amiya
Amiya
Amiya
Amiya
Amiya
Amiya
Amiya
Amiya
Amiya
Doctor
Amiya
Amiya
Amiya
Amiya
Amiya
Doctor
Amiya
Amiya
Doctor
Amiya
Amiya
Amiya
Amiya
Amiya
Amiya
Amiya
Amiya
Amiya
Amiya
Amiya
Amiya
Amiya
Amiya
Amiya
Amiya
Doctor
Amiya
Amiya
Amiya
Amiya
Amiya
Amiya
Amiya
Amiya
Amiya
Amiya
Amiya
Amiya
Amiya
Amiya
Amiya
Amiya
Amiya
Amiya
Doctor
Amiya
Amiya
Amiya
Amiya
Amiya
Amiya
Amiya
Amiya
Amiya
Amiya
Amiya
Amiya
Doctor
Amiya
Amiya
Amiya
Amiya
Amiya
Amiya
Amiya
Amiya
Amiya
Amiya
Doctor
Amiya
Doctor
Amiya
Amiya
Amiya
Amiya
Amiya
Doctor
Amiya
Amiya
Amiya
Amiya
Amiya
Amiya
Amiya
Amiya
Amiya
Amiya
Amiya
Amiya
Amiya
Amiya
Amiya
Amiya
Amiya
Amiya
Amiya
Amiya
Doctor
Amiya
Amiya
Amiya
Amiya
Amiya
Amiya
Amiya
Amiya
Amiya
Amiya
Amiya
Amiya
Amiya
Amiya
Amiya
Amiya
Amiya
Amiya
Amiya
Amiya
Amiya
Doctor
Amiya
Amiya
Amiya
Amiya
Amiya
Amiya
Amiya
Amiya
Amiya
Amiya
Amiya
Amiya
Amiya
Amiya
Amiya
Amiya
Amiya
Amiya
Amiya
Amiya
Amiya
Doctor
Doctor
Amiya
Amiya
Doctor
Amiya
Amiya
Amiya
Amiya
Amiya
Doctor
Amiya
Amiya
Amiya
Amiya
Amiya
Amiya
Amiya
Amiya
Amiya
Amiya
Amiya
Amiya
Amiya
Amiya
Amiya
Amiya
Amiya
Amiya
Amiya
Amiya
Doctor
Amiya
Amiya
Doctor
Amiya
Amiya
Amiya
Amiya
Amiya
Doctor
Amiya
Amiya
Amiya
Amiya
Amiya
Amiya
Amiya
Amiya
Amiya
Amiya
Amiya
Amiya
Amiya
Amiya
Amiya
Amiya
Amiya
Amiya
Amiya
Amiya
Amiya
Amiya
Amiya
Amiya
Amiya
Amiya
Doctor
Amiya
Amiya
Amiya
Amiya
Amiya
Amiya
Amiya
Amiya
Amiya
Amiya
Amiya
Amiya
Amiya
Amiya
Amiya
Amiya
Amiya
Amiya
Doctor
Amiya
Amiya
Amiya
Amiya
Amiya
Amiya
Doctor
Doctor
Amiya
Amiya
Amiya
Amiya
Amiya
Amiya
Amiya
Doctor
Amiya
Amiya
Amiya
Amiya
Amiya
Amiya
Amiya
Amiya
Amiya
Amiya
Amiya
Amiya
Amiya
Amiya
Amiya
Amiya
Amiya
Amiya
Amiya
Amiya
Amiya
Amiya
Amiya
Amiya
Amiya
Amiya
Amiya
Amiya
Amiya
Amiya
Amiya
Amiya
Amiya
Amiya
Amiya
Amiya
Amiya
Amiya
Amiya
Amiya
Amiya
Amiya
Amiya
Amiya
Amiya
Amiya
Amiya
Amiya
Amiya
Amiya
Amiya
Amiya
Amiya
Doctor
Amiya
Amiya
Amiya
Doctor
Amiya
Amiya
Amiya
Amiya
Amiya
Amiya
Amiya
Amiya
Amiya
Amiya
Amiya
Amiya
Amiya
Amiya
Amiya
Amiya
Amiya
Amiya
Amiya
Amiya
Amiya
Amiya
Amiya
Amiya
Doctor
Amiya
Amiya
Amiya
Amiya
Amiya
Amiya
Amiya
Amiya
Amiya
Amiya
Amiya
Amiya
Amiya
Amiya
Amiya
Amiya
Amiya
Amiya
Amiya
Amiya
Amiya
Amiya
Amiya
Doctor
Amiya
Amiya
Amiya
Amiya
Amiya
Amiya
Amiya
Amiya
Amiya
Amiya
Amiya
Amiya
Amiya
Amiya
Amiya
Amiya
Amiya
Amiya
Doctor
Amiya
Amiya
Amiya
Amiya
Amiya
Amiya
Amiya
Doctor
Amiya
Doctor
Amiya
Amiya
Amiya
Amiya
Amiya
Amiya
Amiya
Amiya
Amiya
Amiya
Amiya
Doctor
Amiya
Amiya
Amiya
Amiya
Amiya
Amiya
Amiya
Doctor
Amiya
Amiya
Amiya
Amiya
Amiya
Amiya
Amiya
Amiya
Amiya
Amiya
Doctor
Amiya
Amiya
Amiya
Amiya
Amiya
Amiya
Amiya
Amiya
Amiya
Amiya
Amiya
Amiya
Amiya
Amiya
Amiya
Amiya
Amiya
Amiya
Amiya
Amiya
Amiya
Doctor
Amiya
Amiya
Amiya
Amiya
Amiya
Doctor
Amiya
Amiya
Amiya
Amiya
Amiya
Amiya
Doctor
Amiya
Amiya
Amiya
Amiya
Amiya
Amiya
Amiya
Amiya
Amiya
Amiya
Doctor
Amiya
Amiya
Amiya
Amiya
Amiya
Amiya
Amiya
Amiya
Amiya
Amiya
Amiya
Amiya
Amiya
Amiya
Amiya
Amiya
Amiya
Doctor
Amiya
Amiya
Amiya
Amiya
Amiya
Amiya
Amiya
Amiya
Amiya
Amiya
Amiya
Amiya
Amiya
Amiya
Amiya
Amiya
Amiya
Amiya
Amiya
Amiya
Amiya
Doctor
Amiya
Doctor
Amiya
Amiya
Doctor
Amiya
Amiya
Amiya
Amiya
Amiya
Amiya
Amiya
Doctor
Amiya
Amiya
Doctor
Amiya
Amiya
Amiya
Amiya
Amiya
Amiya
Amiya
Doctor
Amiya
Amiya
Amiya
Amiya
Amiya
Doctor
Amiya
Amiya
Amiya
Amiya
Amiya
Amiya
Amiya
Amiya
Amiya
Amiya
Amiya
Amiya
Amiya
Amiya
Amiya
Amiya
Amiya
Amiya
Amiya
Amiya
Amiya
Amiya
Amiya
Amiya
Amiya
Amiya
Amiya
Amiya
Amiya
Amiya
Amiya
Amiya
Amiya
Amiya
Amiya
Amiya
Amiya
Amiya
Amiya
Amiya
Amiya
Amiya
Amiya
Amiya
Amiya
Amiya
Amiya
Amiya
Amiya
Amiya
Amiya
Amiya
Amiya
Amiya
Amiya
Amiya
Amiya
Amiya
Amiya
Amiya
Amiya
Amiya
Amiya
Amiya
Amiya
Amiya
Amiya
Amiya
Amiya
Amiya
Amiya
Amiya
Amiya
Amiya
Amiya
Amiya
Amiya
Amiya
Amiya
Amiya
Amiya
Amiya
Amiya
Amiya
Amiya
Amiya
Amiya
Amiya
Amiya
Amiya
Amiya
Amiya
Amiya
Amiya
Amiya
Amiya
Amiya
Amiya
Amiya
Amiya
Amiya
Amiya
Amiya
Amiya
Amiya
Amiya
Amiya
Amiya
Amiya
Amiya
Amiya
Amiya
Amiya
Amiya
Amiya
Amiya
Amiya
Amiya
Amiya
Doctor
Amiya
Amiya
Amiya
Amiya
Amiya
Amiya
Amiya
Amiya
Amiya
Doctor
Amiya
Amiya
Doctor
Doctor
Amiya
Amiya
Amiya
Amiya
Amiya
Amiya
Amiya
Amiya
Amiya
Amiya
Amiya
Amiya
Amiya
Amiya
Amiya
Amiya
Amiya
Amiya
Doctor
Amiya
Amiya
Amiya
Amiya
Amiya
Amiya
Amiya
Amiya
Amiya
Amiya
Amiya
Amiya
Amiya
Amiya
Amiya
Amiya
Amiya
Amiya
Amiya
Amiya
Amiya
Amiya
Amiya
Amiya
Amiya
Doctor
Amiya
Amiya
Amiya
Amiya
Amiya
Amiya
Amiya
Amiya
Amiya
Amiya
Amiya
Amiya
Amiya
Amiya
Amiya
Amiya
Doctor
Doctor
Amiya
Amiya
Amiya
Amiya
Amiya
Doctor
Amiya
Amiya
Amiya
Amiya
Amiya
Amiya
Amiya
Amiya
Amiya
Amiya
Amiya
Amiya
Amiya
Amiya
Amiya
Amiya
Amiya
Amiya
Amiya
Amiya
Amiya
Amiya
Amiya
Amiya
Amiya
Amiya
Amiya
Amiya
Amiya
Amiya
Amiya
Amiya
Amiya
Amiya
Amiya
Amiya
Amiya
Amiya
Amiya
Amiya
Amiya
Amiya
Amiya
Amiya
Amiya
Amiya
Amiya
Amiya
Doctor
Amiya
Amiya
Amiya
Amiya
Doctor
Amiya
Amiya
Amiya
Amiya
Amiya
Amiya
Amiya
Amiya
Amiya
Amiya
Amiya
Amiya
Amiya
Amiya
Amiya
Amiya
Amiya
Amiya
Amiya
Amiya
Doctor
Amiya
Amiya
Amiya
Amiya
Amiya
Amiya
Amiya
Amiya
Amiya
Amiya
Amiya
Amiya
Amiya
Amiya
Amiya
Amiya
Amiya
Doctor
Amiya
Amiya
Amiya
Amiya
Amiya
Amiya
Amiya
Amiya
Amiya
Amiya
Amiya
Amiya
Amiya
Amiya
Amiya
Amiya
Amiya
Amiya
Amiya
Amiya
Amiya
Amiya
Amiya
Amiya
Amiya
Amiya
Amiya
Amiya
Amiya
Amiya
Amiya
Amiya
Amiya
Amiya
Amiya
Amiya
Amiya
Amiya
Amiya
Amiya
Amiya
Amiya
Amiya
Amiya
Amiya
Amiya
Amiya
Amiya
Amiya
Amiya
Amiya
Amiya
Amiya
Amiya
Amiya
Amiya
Amiya
Amiya
Amiya
Amiya
Doctor
Amiya
Amiya
Amiya
Amiya
Amiya
Amiya
Amiya
Amiya
Amiya
Amiya
Amiya
Amiya
Amiya
Amiya
Amiya
Amiya
Amiya
Amiya
Amiya
Amiya
Amiya
Amiya
Amiya
Amiya
Amiya
Amiya
Amiya
Amiya
Amiya
Amiya
Amiya
Amiya
Amiya
Amiya
Amiya
Amiya
Doctor
Amiya
Amiya
Amiya
Amiya
Amiya
Amiya
Amiya
Amiya
Amiya
Amiya
Amiya
Doctor
Amiya
Amiya
Amiya
Amiya
Doctor
Doctor
Amiya
Amiya
Amiya
Amiya
Amiya
Amiya
Amiya
Amiya
Amiya
Amiya
Amiya
Amiya
Amiya
Amiya
Amiya
Amiya
Amiya
Amiya
Amiya
Amiya
Amiya
Amiya
Amiya
Amiya
Amiya
Amiya
Amiya
Amiya
Amiya
Amiya
Amiya
Amiya
Amiya
Amiya
Amiya
Amiya
Amiya
Amiya
Amiya
Amiya
Amiya
Amiya
Amiya
Amiya
Amiya
Amiya
Amiya
Amiya
Amiya
Amiya
Amiya
Amiya
Amiya
Amiya
Amiya
Amiya
Amiya
Amiya
Amiya
Amiya
Amiya
Amiya
Amiya
Amiya
Amiya
Amiya
Doctor
Amiya
Amiya
Amiya
Amiya
Amiya
Amiya
Amiya
Amiya
Amiya
Doctor
Amiya
Amiya
Amiya
Amiya
Amiya
Amiya
Amiya
Amiya
Amiya
Amiya
Amiya
Amiya
Amiya
Amiya
Amiya
Amiya
Amiya
Amiya
Amiya
Amiya
Amiya
Amiya
Amiya
Amiya
Amiya
Amiya
Amiya
Amiya
Doctor
Doctor
Amiya
Amiya
Amiya
Amiya
Amiya
Amiya
Amiya
Amiya
Amiya
Amiya
Amiya
Amiya
Amiya
Amiya
Amiya
Amiya
Amiya
Doctor
Amiya
Amiya
Amiya
Amiya
Amiya
Amiya
Amiya
Amiya
Amiya
Amiya
Amiya
Amiya
Amiya
Amiya
Amiya
Amiya
Amiya
Amiya
Amiya
Amiya
Amiya
Amiya
Amiya
Amiya
Amiya
Amiya
Amiya
Amiya
Amiya
Amiya
Amiya
Amiya
Amiya
Amiya
Amiya
Amiya
Amiya
Amiya
Amiya
Amiya
Amiya
Amiya
Amiya
Amiya
Amiya
Amiya
Amiya
Amiya
Amiya
Amiya
Amiya
Amiya
Doctor
Amiya
Amiya
Amiya
Amiya
Amiya
Amiya
Doctor
Amiya
Amiya
Amiya
Amiya
Amiya
Amiya
Amiya
Amiya
Amiya
Amiya
Amiya
Amiya
Amiya
Amiya
Amiya
Amiya
Amiya
Amiya
Amiya
Amiya
Amiya
Amiya
Amiya
Amiya
Amiya
Amiya
Amiya
Amiya
Amiya
Amiya
Amiya
Amiya
Amiya
Amiya
Amiya
Amiya
Amiya
Amiya
Amiya
Amiya
Amiya
Amiya
Amiya
Amiya
Amiya
Amiya
Amiya
Amiya
Amiya
Amiya
Amiya
Amiya
Amiya
Amiya
Amiya
Amiya
Amiya
Amiya
Doctor
Amiya
Amiya
Amiya
Amiya
Amiya
Amiya
Amiya
Amiya
Amiya
Amiya
Amiya
Amiya
Doctor
Amiya
Amiya
Amiya
Amiya
Amiya
Amiya
Doctor
Amiya
Amiya
Amiya
Amiya
Amiya
Amiya
Amiya
Amiya
Amiya
Amiya
Amiya
Amiya
Amiya
Amiya
Amiya
Amiya
Amiya
Amiya
Amiya
Amiya
Amiya
Amiya
Amiya
Doctor
Amiya
Amiya
Amiya
Amiya
Amiya
Amiya
Amiya
Amiya
Amiya
Amiya
Amiya
Amiya
Amiya
Amiya
Amiya
Amiya
Amiya
Amiya
Amiya
Amiya
Doctor
Amiya
Amiya
Amiya
Amiya
Amiya
Amiya
Amiya
Amiya
Amiya
Amiya
Amiya
Amiya
Amiya
Amiya
Doctor
Amiya
Amiya
Amiya
Amiya
Amiya
Amiya
Amiya
Amiya
Amiya
Amiya
Amiya
Amiya
Amiya
Amiya
Amiya
Amiya
Amiya
Amiya
Amiya
Amiya
Amiya
Amiya
Amiya
Amiya
Amiya
Amiya
Amiya
Amiya
Amiya
Amiya
Amiya
Amiya
Amiya
Amiya
Amiya
Amiya
Amiya
Doctor
Amiya
Amiya
Amiya
Doctor
Amiya
Amiya
Amiya
Amiya
Amiya
Amiya
Amiya
Amiya
Amiya
Amiya
Amiya
Amiya
Amiya
Amiya
Amiya
Amiya
Amiya
Amiya
Amiya
Amiya
Amiya
Amiya
Amiya
Amiya
Doctor
Amiya
Amiya
Amiya
Amiya
Amiya
Amiya
Amiya
Amiya
Amiya
Amiya
Amiya
Amiya
Amiya
Amiya
Amiya
Amiya
Amiya
Amiya
Amiya
Amiya
Doctor
Amiya
Amiya
Amiya
Amiya
Amiya
Amiya
Amiya
Amiya
Amiya
Amiya
Amiya
Amiya
Amiya
Amiya
Amiya
Doctor
Amiya
Amiya
Amiya
Amiya
Amiya
Amiya
Amiya
Amiya
Amiya
Amiya
Amiya
Amiya
Doctor
Amiya
Amiya
Amiya
Amiya
Amiya
Amiya
Amiya
Amiya
Amiya
Amiya
Amiya
Amiya
Amiya
Amiya
Amiya
Amiya
Amiya
Amiya
Amiya
Amiya
Amiya
Amiya
Amiya
Amiya
Amiya
Amiya
Amiya
Amiya
Amiya
Amiya
Amiya
Amiya
Amiya
Amiya
Amiya
Amiya
Amiya
Amiya
Amiya
Amiya
Amiya
Amiya
Amiya
Amiya
Amiya
Amiya
Amiya
Doctor
Amiya
Amiya
Amiya
Amiya
Amiya
Amiya
Amiya
Amiya
Amiya
Amiya
Amiya
Amiya
Amiya
Amiya
Amiya
Amiya
Amiya
Doctor
Amiya
Doctor
Amiya
Amiya
Amiya
Doctor
Amiya
Amiya
Amiya
Amiya
Amiya
Amiya
Amiya
Doctor
Amiya
Amiya
Amiya
Amiya
Amiya
Amiya
Amiya
Amiya
Amiya
Amiya
Amiya
Amiya
Amiya
Amiya
Amiya
Amiya
Amiya
Amiya
Amiya
Doctor
Amiya
Amiya
Amiya
Amiya
Doctor
Amiya
Amiya
Amiya
Amiya
Amiya
Amiya
Amiya
Doctor
Amiya
Amiya
Amiya
Amiya
Amiya
Amiya
Amiya
Amiya
Amiya
Amiya
Amiya
Amiya
Amiya
Amiya
Amiya
Amiya
Amiya
Amiya
Amiya
Amiya
Amiya
Amiya
Amiya
Amiya
Amiya
Amiya
Amiya
Amiya
Amiya
Amiya
Amiya
Amiya
Amiya
Amiya
Doctor
Amiya
Amiya
Amiya
Amiya
Amiya
Amiya
Amiya
Amiya
Amiya
Doctor
Amiya
Amiya
Amiya
Amiya
Amiya
Amiya
Amiya
Amiya
Amiya
Amiya
Amiya
Amiya
Amiya
Amiya
Amiya
Amiya
Amiya
Amiya
Amiya
Amiya
Amiya
Doctor
Doctor
Amiya
Amiya
Amiya
Amiya
Amiya
Amiya
Amiya
Amiya
Amiya
Amiya
Amiya
Amiya
Amiya
Amiya
Amiya
Amiya
Amiya
Amiya
Amiya
Amiya
Amiya
Amiya
Amiya
Amiya
Amiya
Amiya
Amiya
Amiya
Amiya
Amiya
Amiya
Amiya
Amiya
Amiya
Amiya
Doctor
Amiya
Amiya
Amiya
Amiya
Amiya
Amiya
Amiya
Amiya
Amiya
Amiya
Amiya
Amiya
Amiya
Amiya
Amiya
Amiya
Amiya
Doctor
Amiya
Amiya
Amiya
Amiya
Amiya
Amiya
Amiya
Amiya
Amiya
Amiya
Amiya
Amiya
Amiya
Amiya
Amiya
Doctor
Amiya
Amiya
Amiya
Amiya
Amiya
Amiya
Amiya
Amiya
Amiya
Amiya
Amiya
Amiya
Amiya
Amiya
Amiya
Amiya
Amiya
Doctor
Amiya
Amiya
Amiya
Amiya
Amiya
Doctor
Amiya
Amiya
Amiya
Amiya
Amiya
Amiya
Amiya
Amiya
Amiya
Amiya
Amiya
Amiya
Amiya
Amiya
Amiya
Amiya
Amiya
Amiya
Amiya
Amiya
Amiya
Amiya
Amiya
Amiya
Amiya
Amiya
Amiya
Amiya
Doctor
Amiya
Amiya
Amiya
Amiya
Amiya
Amiya
Amiya
Amiya
Amiya
Amiya
Amiya
Amiya
Amiya
Amiya
Amiya
Amiya
Amiya
Amiya
Amiya
Amiya
Amiya
Amiya
Amiya
Amiya
Amiya
Amiya
Amiya
Amiya
Amiya
Amiya
Amiya
Amiya
Amiya
Amiya
Doctor
Amiya
Amiya
Doctor
Amiya
Amiya
Amiya
Amiya
Amiya
Amiya
Amiya
Amiya
Amiya
Amiya
Amiya
Amiya
Amiya
Amiya
Amiya
Amiya
Amiya
Amiya
Amiya
Doctor
Amiya
Amiya
Amiya
Amiya
Amiya
Amiya
Amiya
Amiya
Amiya
Doctor
Amiya
Amiya
Amiya
Amiya
Amiya
Doctor
Amiya
Amiya
Amiya
Amiya
Amiya
Amiya
Amiya
Amiya
Amiya
Amiya
Amiya
Amiya
Amiya
Amiya
Amiya
Amiya
Amiya
Amiya
Amiya
Amiya
Amiya
Amiya
Doctor
Amiya
Amiya
Doctor
Amiya
Amiya
Amiya
Amiya
Amiya
Amiya
Amiya
Amiya
Amiya
Amiya
Amiya
Amiya
Amiya
Amiya
Amiya
Amiya
Amiya
Amiya
Amiya
Amiya
Amiya
Amiya
Amiya
Amiya
Amiya
Amiya
Amiya
Amiya
Amiya
Amiya
Amiya
Amiya
Amiya
Amiya
Amiya
Amiya
Amiya
Amiya
Amiya
Amiya
Amiya
Amiya
Amiya
Amiya
Amiya
Amiya
Amiya
Amiya
Amiya
Amiya
Amiya
Amiya
Amiya
Amiya
Amiya
Amiya
Amiya
Amiya
Amiya
Amiya
Amiya
Amiya
Amiya
Amiya
Amiya
Amiya
Amiya
Amiya
Amiya
Doctor
Amiya
Amiya
Amiya
Amiya
Amiya
Amiya
Amiya
Amiya
Amiya
Amiya
Amiya
Amiya
Amiya
Doctor
Amiya
Amiya
Doctor
Amiya
Amiya
Amiya
Amiya
Amiya
Amiya
Amiya
Amiya
Amiya
